******************************************************************************
             TMS320C2000 Linker PC v20.2.5                     
******************************************************************************
>> Linked Thu Nov 14 12:28:43 2024

OUTPUT FILE NAME:   <CookieProject.out>
ENTRY POINT SYMBOL: "_c_int00"  address: 000892e9


MEMORY CONFIGURATION

         name            origin    length      used     unused   attr    fill
----------------------  --------  ---------  --------  --------  ----  --------
PAGE 0:
  D01SARAM              0000b000   00001000  0000002b  00000fd5  RWIX
  BEGIN                 00080000   00000002  00000002  00000000  RWIX
  FLASHA                00080002   00001ffe  00000839  000017c5  RWIX
  FLASHB                00082000   00002000  00000000  00002000  RWIX
  FLASHC                00084000   00002000  00000000  00002000  RWIX
  FLASHD                00086000   00002000  00000000  00002000  RWIX
  FLASHE                00088000   00008000  00004789  00003877  RWIX
  FLASHF                00090000   00008000  00000000  00008000  RWIX
  FLASHG                00098000   00008000  00000000  00008000  RWIX
  FLASHH                000a0000   00008000  00000000  00008000  RWIX
  FLASHI                000a8000   00008000  00000000  00008000  RWIX
  FLASHJ                000b0000   00008000  00000000  00008000  RWIX
  FLASHK                000b8000   00002000  00000000  00002000  RWIX
  FLASHL                000ba000   00002000  00000000  00002000  RWIX
  FLASHM                000bc000   00002000  00000000  00002000  RWIX
  FLASHN                000be000   00002000  00000000  00002000  RWIX
  RESET                 003fffc0   00000002  00000000  00000002  RWIX

PAGE 1:
  BOOT_RSVD             00000002   00000120  00000000  00000120  RWIX
  M01SARAM              00000122   000006de  00000188  00000556  RWIX
  ADCARESULT            00000b00   00000018  00000018  00000000  RWIX
  ADCBRESULT            00000b20   00000018  00000018  00000000  RWIX
  ADCCRESULT            00000b40   00000018  00000018  00000000  RWIX
  ADCDRESULT            00000b60   00000018  00000018  00000000  RWIX
  CPUTIMER0             00000c00   00000008  00000008  00000000  RWIX
  CPUTIMER1             00000c08   00000008  00000008  00000000  RWIX
  CPUTIMER2             00000c10   00000008  00000008  00000000  RWIX
  PIECTRL               00000ce0   0000001a  0000001a  00000000  RWIX
  PIEVECTTABLE          00000d00   00000200  00000000  00000200  RWIX
  DMA                   00001000   00000200  000000e0  00000120  RWIX
  CLA1                  00001400   00000080  0000003e  00000042  RWIX
  CLB1LOGICCFG          00003000   00000052  0000003e  00000014  RWIX
  CLB1LOGICCTRL         00003100   00000040  00000040  00000000  RWIX
  CLB1DATAEXCH          00003200   00000200  00000108  000000f8  RWIX
  CLB2LOGICCFG          00003400   00000052  0000003e  00000014  RWIX
  CLB2LOGICCTRL         00003500   00000040  00000040  00000000  RWIX
  CLB2DATAEXCH          00003600   00000200  00000108  000000f8  RWIX
  CLB3LOGICCFG          00003800   00000052  0000003e  00000014  RWIX
  CLB3LOGICCTRL         00003900   00000040  00000040  00000000  RWIX
  CLB3DATAEXCH          00003a00   00000200  00000108  000000f8  RWIX
  CLB4LOGICCFG          00003c00   00000052  0000003e  00000014  RWIX
  CLB4LOGICCTRL         00003d00   00000040  00000040  00000000  RWIX
  CLB4DATAEXCH          00003e00   00000200  00000108  000000f8  RWIX
  EPWM1                 00004000   00000100  00000100  00000000  RWIX
  EPWM2                 00004100   00000100  00000100  00000000  RWIX
  EPWM3                 00004200   00000100  00000100  00000000  RWIX
  EPWM4                 00004300   00000100  00000100  00000000  RWIX
  EPWM5                 00004400   00000100  00000100  00000000  RWIX
  EPWM6                 00004500   00000100  00000100  00000000  RWIX
  EPWM7                 00004600   00000100  00000100  00000000  RWIX
  EPWM8                 00004700   00000100  00000100  00000000  RWIX
  EPWM9                 00004800   00000100  00000100  00000000  RWIX
  EPWM10                00004900   00000100  00000100  00000000  RWIX
  EPWM11                00004a00   00000100  00000100  00000000  RWIX
  EPWM12                00004b00   00000100  00000100  00000000  RWIX
  ECAP1                 00005000   00000020  0000001a  00000006  RWIX
  ECAP2                 00005020   00000020  0000001a  00000006  RWIX
  ECAP3                 00005040   00000020  0000001a  00000006  RWIX
  ECAP4                 00005060   00000020  0000001a  00000006  RWIX
  ECAP5                 00005080   00000020  0000001a  00000006  RWIX
  ECAP6                 000050a0   00000020  0000001a  00000006  RWIX
  EQEP1                 00005100   00000022  00000022  00000000  RWIX
  EQEP2                 00005140   00000022  00000022  00000000  RWIX
  EQEP3                 00005180   00000022  00000022  00000000  RWIX
  DACA                  00005c00   00000008  00000007  00000001  RWIX
  DACB                  00005c10   00000008  00000007  00000001  RWIX
  DACC                  00005c20   00000008  00000007  00000001  RWIX
  CMPSS1                00005c80   00000020  0000001b  00000005  RWIX
  CMPSS2                00005ca0   00000020  0000001b  00000005  RWIX
  CMPSS3                00005cc0   00000020  0000001b  00000005  RWIX
  CMPSS4                00005ce0   00000020  0000001b  00000005  RWIX
  CMPSS5                00005d00   00000020  0000001b  00000005  RWIX
  CMPSS6                00005d20   00000020  0000001b  00000005  RWIX
  CMPSS7                00005d40   00000020  0000001b  00000005  RWIX
  CMPSS8                00005d60   00000020  0000001b  00000005  RWIX
  SDFM1                 00005e00   00000080  00000048  00000038  RWIX
  SDFM2                 00005e80   00000080  00000048  00000038  RWIX
  MCBSPA                00006000   00000024  00000024  00000000  RWIX
  MCBSPB                00006040   00000024  00000024  00000000  RWIX
  SPIA                  00006100   00000010  00000010  00000000  RWIX
  SPIB                  00006110   00000010  00000010  00000000  RWIX
  SPIC                  00006120   00000010  00000010  00000000  RWIX
  UPP                   00006200   00000048  00000048  00000000  RWIX
  WD                    00007000   0000002b  0000002b  00000000  RWIX
  NMIINTRUPT            00007060   00000007  00000007  00000000  RWIX
  XINT                  00007070   0000000b  0000000b  00000000  RWIX
  SCIA                  00007200   00000010  00000010  00000000  RWIX
  SCIB                  00007210   00000010  00000010  00000000  RWIX
  SCIC                  00007220   00000010  00000010  00000000  RWIX
  SCID                  00007230   00000010  00000010  00000000  RWIX
  I2CA                  00007300   00000022  00000022  00000000  RWIX
  I2CB                  00007340   00000022  00000022  00000000  RWIX
  ADCA                  00007400   00000080  0000007c  00000004  RWIX
  ADCB                  00007480   00000080  0000007c  00000004  RWIX
  ADCC                  00007500   00000080  0000007c  00000004  RWIX
  ADCD                  00007580   00000080  0000007c  00000004  RWIX
  INPUTXBAR             00007900   00000020  00000020  00000000  RWIX
  XBAR                  00007920   00000020  0000000e  00000012  RWIX
  SYNCSOC               00007940   00000006  00000006  00000000  RWIX
  DMACLASRCSEL          00007980   0000001a  0000001a  00000000  RWIX
  EPWMXBAR              00007a00   00000040  00000040  00000000  RWIX
  CLBXBAR               00007a40   00000040  00000040  00000000  RWIX
  OUTPUTXBAR            00007a80   00000040  00000040  00000000  RWIX
  GPIOCTRL              00007c00   00000180  00000180  00000000  RWIX
  GPIODATA              00007f00   00000030  00000030  00000000  RWIX
  LS05SARAM             00008000   00003000  00000bac  00002454  RWIX
  RAMGS0                0000c000   00001000  00000000  00001000  RWIX
  RAMGS1                0000d000   00001000  00000000  00001000  RWIX
  RAMGS2                0000e000   00001000  00000000  00001000  RWIX
  RAMGS3                0000f000   00001000  00000000  00001000  RWIX
  RAMGS4                00010000   00001000  00000000  00001000  RWIX
  RAMGS5                00011000   00001000  00000000  00001000  RWIX
  RAMGS6                00012000   00001000  00000000  00001000  RWIX
  RAMGS7                00013000   00001000  00000000  00001000  RWIX
  RAMGS8                00014000   00001000  00000000  00001000  RWIX
  RAMGS9                00015000   00001000  00000000  00001000  RWIX
  RAMGS10               00016000   00001000  00000000  00001000  RWIX
  RAMGS11               00017000   00001000  00000000  00001000  RWIX
  RAMGS12               00018000   00001000  00000000  00001000  RWIX
  RAMGS13               00019000   00001000  00000000  00001000  RWIX
  RAMGS14               0001a000   00001000  00000000  00001000  RWIX
  RAMGS15               0001b000   00001000  00000000  00001000  RWIX
  CPU2TOCPU1RAM         0003f800   00000400  00000000  00000400  RWIX
  CPU1TOCPU2RAM         0003fc00   00000400  00000000  00000400  RWIX
  EMIF1                 00047000   00000070  00000028  00000048  RWIX
  EMIF2                 00047800   00000070  00000028  00000048  RWIX
  CANA                  00048000   00000200  00000164  0000009c  RWIX
  CANB                  0004a000   00000200  00000164  0000009c  RWIX
  IPC                   00050000   00000024  00000024  00000000  RWIX
  FLASHPUMPSEMAPHORE    00050024   00000002  00000002  00000000  RWIX
  DEVCFG                0005d000   0000012e  0000012e  00000000  RWIX
  ANALOGSUBSYS          0005d180   00000048  0000003e  0000000a  RWIX
  CLKCFG                0005d200   00000032  00000032  00000000  RWIX
  CPUSYS                0005d300   00000082  00000082  00000000  RWIX
  ROMPREFETCH           0005e608   00000002  00000002  00000000  RWIX
  DCSMZ1                0005f000   00000023  00000022  00000001  RWIX
  DCSMZ2                0005f040   00000023  00000022  00000001  RWIX
  DCSMCOMMON            0005f070   00000008  00000006  00000002  RWIX
  MEMCFG                0005f400   00000080  00000076  0000000a  RWIX
  EMIF1CONFIG           0005f480   00000020  0000000a  00000016  RWIX
  EMIF2CONFIG           0005f4a0   00000020  0000000a  00000016  RWIX
  ACCESSPROTECTION      0005f4c0   00000040  0000002e  00000012  RWIX
  MEMORYERROR           0005f500   00000040  0000003a  00000006  RWIX
  ROMWAITSTATE          0005f540   00000002  00000002  00000000  RWIX
  FLASH0CTRL            0005f800   00000182  00000182  00000000  RWIX
  FLASH0ECC             0005fb00   00000028  00000028  00000000  RWIX


SECTION ALLOCATION MAP

 output                                  attributes/
section   page    origin      length       input sections
--------  ----  ----------  ----------   ----------------
PieVectTableFile 
*          0    00000d00    000001c0     DSECT
                  00000d00    000001c0     F2837xD_GlobalVariableDefs.obj (PieVectTableFile)

EmuKeyVar 
*          0    00000d00    00000000     DSECT

EmuBModeVar 
*          0    00000d00    00000000     DSECT

EmuBootPinsVar 
*          0    00000d00    00000000     DSECT

FlashCallbackVar 
*          0    00000d00    00000000     DSECT

FlashScalingVar 
*          0    00000d00    00000000     DSECT

.ti_catalog_c2800_initF2837x_begin 
*          0    00080000    00000002     
                  00080000    00000002     Boot.a28FP : Boot_asm.o28FP (.ti_catalog_c2800_initF2837x_begin)

.cinit     0    0008002d    000007e8     
                  0008002d    000001c3     CookieProject_p28FP.o28FP (.cinit:_ti_sysbios_family_c28_Hwi_Module_State_0_dispatchTable__A)
                  000801f0    00000125     CookieProject_p28FP.o28FP (.cinit)
                  00080315    0000011d     Messages.obj (.cinit:_messagesdown)
                  00080432    0000011d     Messages.obj (.cinit:_messagesup)
                  0008054f    00000081     CookieProject_p28FP.o28FP (.cinit:_ti_sysbios_knl_Task_Object__table__V)
                  000805d0    0000007d     main.obj (.cinit)
                  0008064d    0000004b     CookieProject_p28FP.o28FP (.cinit:_ti_sysbios_family_c28_Timer_Object__table__V)
                  00080698    00000043     CookieProject_p28FP.o28FP (.cinit:_ti_sysbios_family_c28_Hwi_Object__table__V)
                  000806db    00000043     CookieProject_p28FP.o28FP (.cinit:_ti_sysbios_knl_Swi_Module_State_0_readyQ__A)
                  0008071e    00000043     CookieProject_p28FP.o28FP (.cinit:_ti_sysbios_knl_Task_Module_State_0_readyQ__A)
                  00080761    0000003f     CookieProject_p28FP.o28FP (.cinit:_ti_sysbios_knl_Swi_Object__table__V)
                  000807a0    00000017     CookieProject_p28FP.o28FP (.cinit:_ti_sysbios_knl_Semaphore_Object__table__V)
                  000807b7    00000015     CookieProject_p28FP.o28FP (.cinit:_xdc_runtime_LoggerBuf_Object__table__V)
                  000807cc    00000011     CookieProject_p28FP.o28FP (.cinit:_ti_sysbios_gates_GateMutex_Object__table__V)
                  000807dd    0000000e     rts2800_fpu32.lib : exit.c.obj (.cinit)
                  000807eb    0000000b     CookieProject_p28FP.o28FP (.cinit:_xdc_runtime_System_Module_State_0_atexitHandlers__A)
                  000807f6    00000009     CookieProject_p28FP.o28FP (.cinit:_xdc_runtime_HeapStd_Object__table__V)
                  000807ff    00000005     rts2800_fpu32.lib : _lock.c.obj (.cinit:__lock)
                  00080804    00000005                       : _lock.c.obj (.cinit:__unlock)
                  00080809    00000005     CookieProject_p28FP.o28FP (.cinit:_ti_sysbios_gates_GateHwi_Object__table__V)
                  0008080e    00000005     CookieProject_p28FP.o28FP (.cinit:_ti_sysbios_knl_Task_Module_State_0_idleTask__A)
                  00080813    00000002     --HOLE-- [fill = 0]

.switch    0    00080816    0000001c     
                  00080816    0000001c     sysbios.a28FP : BIOS.obj (.switch:_ti_sysbios_family_c28_Hwi_clearInterrupt__E)

.binit     0    00080834    0000000a     
                  00080834    0000000a     (.binit)

.econst    0    0008a6b6    000020d4     
                  0008a6b6    00001a6f     Messages.obj (.econst:.string)
                  0008c125    00000001     CookieProject_p28FP.o28FP (.econst:ti_sysbios_family_c28_Hwi_Module__id__C)
                  0008c126    000001c0     CookieProject_p28FP.o28FP (.econst:_ti_sysbios_family_c28_Hwi_vectors)
                  0008c2e6    00000101     rts2800_fpu32.lib : ctype.c.obj (.econst:.string:__ctypes_)
                  0008c3e7    00000001     CookieProject_p28FP.o28FP (.econst:ti_sysbios_family_c28_Hwi_NUM_INTERRUPTS_ALL__C)
                  0008c3e8    0000006b     CookieProject_p28FP.o28FP (.econst:.string)
                  0008c453    00000001     CookieProject_p28FP.o28FP (.econst:ti_sysbios_family_c28_Hwi_Object__count__C)
                  0008c454    00000058     ti.targets.rts2800.a28FP : Error.o28FP (.econst:.string)
                  0008c4ac    00000047                              : Log.o28FP (.econst:.string)
                  0008c4f3    00000001     CookieProject_p28FP.o28FP (.econst:ti_sysbios_family_c28_TaskSupport_Module__id__C)
                  0008c4f4    00000031     ti.targets.rts2800.a28FP : Text.o28FP (.econst:.string)
                  0008c525    00000001     CookieProject_p28FP.o28FP (.econst:ti_sysbios_family_c28_Timer_startupNeeded__C)
                  0008c526    0000002a     ti.targets.rts2800.a28FP : Startup.o28FP (.econst:.string)
                  0008c550    00000025     main.obj (.econst:.string)
                  0008c575    00000001     CookieProject_p28FP.o28FP (.econst:ti_sysbios_gates_GateMutex_Module__id__C)
                  0008c576    0000001e     CookieProject_p28FP.o28FP (.econst:xdc_runtime_LoggerBuf_Module__FXNS__C)
                  0008c594    00000019     ti.targets.rts2800.a28FP : System.o28FP (.econst:.string)
                  0008c5ad    00000001     CookieProject_p28FP.o28FP (.econst:ti_sysbios_hal_Hwi_Module__id__C)
                  0008c5ae    00000014     SCI_Fxns.obj (.econst:.string)
                  0008c5c2    00000014     CookieProject_p28FP.o28FP (.econst)
                  0008c5d6    00000014     CookieProject_p28FP.o28FP (.econst:xdc_runtime_HeapStd_Module__FXNS__C)
                  0008c5ea    00000014     CookieProject_p28FP.o28FP (.econst:xdc_runtime_Startup_sfxnTab__A)
                  0008c5fe    00000012     CookieProject_p28FP.o28FP (.econst:ti_sysbios_gates_GateHwi_Module__FXNS__C)
                  0008c610    00000012     CookieProject_p28FP.o28FP (.econst:ti_sysbios_gates_GateMutex_Module__FXNS__C)
                  0008c622    00000012     CookieProject_p28FP.o28FP (.econst:xdc_runtime_LoggerBuf_Object__PARAMS__C)
                  0008c634    00000010     CookieProject_p28FP.o28FP (.econst:ti_sysbios_gates_GateHwi_Object__DESC__C)
                  0008c644    00000010     CookieProject_p28FP.o28FP (.econst:ti_sysbios_gates_GateMutex_Object__DESC__C)
                  0008c654    00000010     CookieProject_p28FP.o28FP (.econst:ti_sysbios_knl_Queue_Object__DESC__C)
                  0008c664    00000010     CookieProject_p28FP.o28FP (.econst:ti_sysbios_knl_Semaphore_Object__DESC__C)
                  0008c674    00000010     CookieProject_p28FP.o28FP (.econst:ti_sysbios_knl_Semaphore_Object__PARAMS__C)
                  0008c684    00000010     CookieProject_p28FP.o28FP (.econst:xdc_runtime_HeapStd_Object__DESC__C)
                  0008c694    00000010     CookieProject_p28FP.o28FP (.econst:xdc_runtime_LoggerBuf_Object__DESC__C)
                  0008c6a4    0000000e     CookieProject_p28FP.o28FP (.econst:xdc_runtime_HeapStd_Object__PARAMS__C)
                  0008c6b2    0000000c     CookieProject_p28FP.o28FP (.econst:ti_sysbios_gates_GateHwi_Object__PARAMS__C)
                  0008c6be    0000000c     CookieProject_p28FP.o28FP (.econst:ti_sysbios_gates_GateMutex_Object__PARAMS__C)
                  0008c6ca    0000000c     CookieProject_p28FP.o28FP (.econst:ti_sysbios_knl_Queue_Object__PARAMS__C)
                  0008c6d6    0000000a     CookieProject_p28FP.o28FP (.econst:xdc_runtime_Startup_sfxnRts__A)
                  0008c6e0    00000005     ti.targets.rts2800.a28FP : Assert.o28FP (.econst:.string)
                  0008c6e5    00000001     CookieProject_p28FP.o28FP (.econst:ti_sysbios_knl_Semaphore_Module__id__C)
                  0008c6e6    00000004     CookieProject_p28FP.o28FP (.econst:ti_sysbios_knl_Idle_funcList__A)
                  0008c6ea    00000004     CookieProject_p28FP.o28FP (.econst:ti_sysbios_knl_Idle_funcList__C)
                  0008c6ee    00000004     CookieProject_p28FP.o28FP (.econst:xdc_runtime_Startup_firstFxns__A)
                  0008c6f2    00000004     CookieProject_p28FP.o28FP (.econst:xdc_runtime_Startup_firstFxns__C)
                  0008c6f6    00000004     CookieProject_p28FP.o28FP (.econst:xdc_runtime_Startup_lastFxns__C)
                  0008c6fa    00000002     CookieProject_p28FP.o28FP (.econst:ti_sysbios_family_c28_Hwi_A_badIntNum__C)
                  0008c6fc    00000002     CookieProject_p28FP.o28FP (.econst:ti_sysbios_family_c28_Hwi_A_invalidArg__C)
                  0008c6fe    00000002     CookieProject_p28FP.o28FP (.econst:ti_sysbios_family_c28_Hwi_E_unpluggedInterrupt__C)
                  0008c700    00000002     CookieProject_p28FP.o28FP (.econst:ti_sysbios_family_c28_Hwi_Module__diagsEnabled__C)
                  0008c702    00000002     CookieProject_p28FP.o28FP (.econst:ti_sysbios_family_c28_Hwi_Module__diagsIncluded__C)
                  0008c704    00000002     CookieProject_p28FP.o28FP (.econst:ti_sysbios_family_c28_Hwi_Module__diagsMask__C)
                  0008c706    00000002     CookieProject_p28FP.o28FP (.econst:ti_sysbios_family_c28_TaskSupport_E_invalidStack__C)
                  0008c708    00000002     CookieProject_p28FP.o28FP (.econst:ti_sysbios_gates_GateMutex_A_badContext__C)
                  0008c70a    00000002     CookieProject_p28FP.o28FP (.econst:ti_sysbios_gates_GateMutex_Instance_State_sem__O)
                  0008c70c    00000002     CookieProject_p28FP.o28FP (.econst:ti_sysbios_gates_GateMutex_Module__diagsEnabled__C)
                  0008c70e    00000002     CookieProject_p28FP.o28FP (.econst:ti_sysbios_gates_GateMutex_Module__diagsIncluded__C)
                  0008c710    00000002     CookieProject_p28FP.o28FP (.econst:ti_sysbios_gates_GateMutex_Module__diagsMask__C)
                  0008c712    00000002     CookieProject_p28FP.o28FP (.econst:ti_sysbios_hal_Hwi_E_stackOverflow__C)
                  0008c714    00000002     CookieProject_p28FP.o28FP (.econst:ti_sysbios_knl_Clock_Module_State_clockQ__O)
                  0008c716    00000002     CookieProject_p28FP.o28FP (.econst:ti_sysbios_knl_Semaphore_A_badContext__C)
                  0008c718    00000002     CookieProject_p28FP.o28FP (.econst:ti_sysbios_knl_Semaphore_A_noEvents__C)
                  0008c71a    00000002     CookieProject_p28FP.o28FP (.econst:ti_sysbios_knl_Semaphore_A_overflow__C)
                  0008c71c    00000002     CookieProject_p28FP.o28FP (.econst:ti_sysbios_knl_Semaphore_A_pendTaskDisabled__C)
                  0008c71e    00000002     CookieProject_p28FP.o28FP (.econst:ti_sysbios_knl_Semaphore_Instance_State_pendQ__O)
                  0008c720    00000002     CookieProject_p28FP.o28FP (.econst:ti_sysbios_knl_Semaphore_Module__diagsEnabled__C)
                  0008c722    00000002     CookieProject_p28FP.o28FP (.econst:ti_sysbios_knl_Semaphore_Module__diagsIncluded__C)
                  0008c724    00000002     CookieProject_p28FP.o28FP (.econst:ti_sysbios_knl_Semaphore_Module__diagsMask__C)
                  0008c726    00000002     CookieProject_p28FP.o28FP (.econst:ti_sysbios_knl_Task_E_spOutOfBounds__C)
                  0008c728    00000002     CookieProject_p28FP.o28FP (.econst:ti_sysbios_knl_Task_E_stackOverflow__C)
                  0008c72a    00000002     CookieProject_p28FP.o28FP (.econst:ti_sysbios_knl_Task_Module_State_inactiveQ__O)
                  0008c72c    00000002     CookieProject_p28FP.o28FP (.econst:ti_sysbios_knl_Task_allBlockedFunc__C)
                  0008c72e    00000002     CookieProject_p28FP.o28FP (.econst:xdc_runtime_Assert_E_assertFailed__C)
                  0008c730    00000002     CookieProject_p28FP.o28FP (.econst:xdc_runtime_Core_A_initializedParams__C)
                  0008c732    00000002     CookieProject_p28FP.o28FP (.econst:xdc_runtime_Core_Module__diagsEnabled__C)
                  0008c734    00000002     CookieProject_p28FP.o28FP (.econst:xdc_runtime_Core_Module__diagsIncluded__C)
                  0008c736    00000002     CookieProject_p28FP.o28FP (.econst:xdc_runtime_Core_Module__diagsMask__C)
                  0008c738    00000002     CookieProject_p28FP.o28FP (.econst:xdc_runtime_Error_E_memory__C)
                  0008c73a    00000002     CookieProject_p28FP.o28FP (.econst:xdc_runtime_Error_policyFxn__C)
                  0008c73c    00000002     CookieProject_p28FP.o28FP (.econst:xdc_runtime_Error_raiseHook__C)
                  0008c73e    00000002     CookieProject_p28FP.o28FP (.econst:xdc_runtime_HeapStd_A_align__C)
                  0008c740    00000002     CookieProject_p28FP.o28FP (.econst:xdc_runtime_HeapStd_A_invalidTotalFreeSize__C)
                  0008c742    00000002     CookieProject_p28FP.o28FP (.econst:xdc_runtime_HeapStd_A_zeroSize__C)
                  0008c744    00000002     CookieProject_p28FP.o28FP (.econst:xdc_runtime_HeapStd_E_noRTSMemory__C)
                  0008c746    00000002     CookieProject_p28FP.o28FP (.econst:xdc_runtime_HeapStd_Module__diagsEnabled__C)
                  0008c748    00000002     CookieProject_p28FP.o28FP (.econst:xdc_runtime_HeapStd_Module__diagsIncluded__C)
                  0008c74a    00000002     CookieProject_p28FP.o28FP (.econst:xdc_runtime_HeapStd_Module__diagsMask__C)
                  0008c74c    00000002     CookieProject_p28FP.o28FP (.econst:xdc_runtime_IFilterLogger_Interface__BASE__C)
                  0008c74e    00000002     CookieProject_p28FP.o28FP (.econst:xdc_runtime_IGateProvider_Interface__BASE__C)
                  0008c750    00000002     CookieProject_p28FP.o28FP (.econst:xdc_runtime_IHeap_Interface__BASE__C)
                  0008c752    00000002     CookieProject_p28FP.o28FP (.econst:xdc_runtime_ILogger_Interface__BASE__C)
                  0008c754    00000002     CookieProject_p28FP.o28FP (.econst:xdc_runtime_IModule_Interface__BASE__C)
                  0008c756    00000002     CookieProject_p28FP.o28FP (.econst:xdc_runtime_LoggerBuf_E_badLevel__C)
                  0008c758    00000002     CookieProject_p28FP.o28FP (.econst:xdc_runtime_LoggerBuf_Module__gateObj__C)
                  0008c75a    00000002     CookieProject_p28FP.o28FP (.econst:xdc_runtime_LoggerBuf_statusLogger__C)
                  0008c75c    00000002     CookieProject_p28FP.o28FP (.econst:xdc_runtime_Memory_defaultHeapInstance__C)
                  0008c75e    00000002     CookieProject_p28FP.o28FP (.econst:xdc_runtime_Startup_execImpl__C)
                  0008c760    00000002     CookieProject_p28FP.o28FP (.econst:xdc_runtime_Startup_sfxnRts__C)
                  0008c762    00000002     CookieProject_p28FP.o28FP (.econst:xdc_runtime_Startup_sfxnTab__C)
                  0008c764    00000002     CookieProject_p28FP.o28FP (.econst:xdc_runtime_SysMin_bufSize__C)
                  0008c766    00000002     CookieProject_p28FP.o28FP (.econst:xdc_runtime_SysMin_outputFunc__C)
                  0008c768    00000002     CookieProject_p28FP.o28FP (.econst:xdc_runtime_System_Module__gateObj__C)
                  0008c76a    00000002     CookieProject_p28FP.o28FP (.econst:xdc_runtime_System_abortFxn__C)
                  0008c76c    00000002     CookieProject_p28FP.o28FP (.econst:xdc_runtime_System_exitFxn__C)
                  0008c76e    00000002     CookieProject_p28FP.o28FP (.econst:xdc_runtime_System_extendFxn__C)
                  0008c770    00000002     CookieProject_p28FP.o28FP (.econst:xdc_runtime_Text_charTab__C)
                  0008c772    00000002     CookieProject_p28FP.o28FP (.econst:xdc_runtime_Text_nodeTab__A)
                  0008c774    00000002     CookieProject_p28FP.o28FP (.econst:xdc_runtime_Text_visitRopeFxn__C)
                  0008c776    00000001     CookieProject_p28FP.o28FP (.econst:ti_sysbios_knl_Swi_Object__count__C)
                  0008c777    00000001     CookieProject_p28FP.o28FP (.econst:ti_sysbios_knl_Task_Module__id__C)
                  0008c778    00000001     CookieProject_p28FP.o28FP (.econst:ti_sysbios_knl_Task_Object__count__C)
                  0008c779    00000001     CookieProject_p28FP.o28FP (.econst:ti_sysbios_knl_Task_numConstructedTasks__C)
                  0008c77a    00000001     CookieProject_p28FP.o28FP (.econst:xdc_runtime_Core_Module__id__C)
                  0008c77b    00000001     CookieProject_p28FP.o28FP (.econst:xdc_runtime_Error_Module__loggerDefined__C)
                  0008c77c    00000001     CookieProject_p28FP.o28FP (.econst:xdc_runtime_Error_maxDepth__C)
                  0008c77d    00000001     CookieProject_p28FP.o28FP (.econst:xdc_runtime_Error_policy__C)
                  0008c77e    00000001     CookieProject_p28FP.o28FP (.econst:xdc_runtime_HeapStd_Module__id__C)
                  0008c77f    00000001     CookieProject_p28FP.o28FP (.econst:xdc_runtime_LoggerBuf_Module__id__C)
                  0008c780    00000001     CookieProject_p28FP.o28FP (.econst:xdc_runtime_LoggerBuf_Object__count__C)
                  0008c781    00000001     CookieProject_p28FP.o28FP (.econst:xdc_runtime_LoggerBuf_filterByLevel__C)
                  0008c782    00000001     CookieProject_p28FP.o28FP (.econst:xdc_runtime_Memory_Module__id__C)
                  0008c783    00000001     CookieProject_p28FP.o28FP (.econst:xdc_runtime_Startup_maxPasses__C)
                  0008c784    00000001     CookieProject_p28FP.o28FP (.econst:xdc_runtime_SysMin_flushAtExit__C)
                  0008c785    00000001     CookieProject_p28FP.o28FP (.econst:xdc_runtime_System_maxAtexitHandlers__C)
                  0008c786    00000001     CookieProject_p28FP.o28FP (.econst:xdc_runtime_Text_charTab__A)
                  0008c787    00000001     CookieProject_p28FP.o28FP (.econst:xdc_runtime_Text_isLoaded__C)
                  0008c788    00000001     CookieProject_p28FP.o28FP (.econst:xdc_runtime_Text_registryModsLastId__C)
                  0008c789    00000001     CookieProject_p28FP.o28FP (.econst:xdc_runtime_Text_unnamedModsLastId__C)

AdcaResultRegsFile 
*          1    00000b00    00000018     UNINITIALIZED
                  00000b00    00000018     F2837xD_GlobalVariableDefs.obj (AdcaResultRegsFile)

AdcbResultRegsFile 
*          1    00000b20    00000018     UNINITIALIZED
                  00000b20    00000018     F2837xD_GlobalVariableDefs.obj (AdcbResultRegsFile)

AdccResultRegsFile 
*          1    00000b40    00000018     UNINITIALIZED
                  00000b40    00000018     F2837xD_GlobalVariableDefs.obj (AdccResultRegsFile)

AdcdResultRegsFile 
*          1    00000b60    00000018     UNINITIALIZED
                  00000b60    00000018     F2837xD_GlobalVariableDefs.obj (AdcdResultRegsFile)

CpuTimer0RegsFile 
*          1    00000c00    00000008     UNINITIALIZED
                  00000c00    00000008     F2837xD_GlobalVariableDefs.obj (CpuTimer0RegsFile)

CpuTimer1RegsFile 
*          1    00000c08    00000008     UNINITIALIZED
                  00000c08    00000008     F2837xD_GlobalVariableDefs.obj (CpuTimer1RegsFile)

CpuTimer2RegsFile 
*          1    00000c10    00000008     UNINITIALIZED
                  00000c10    00000008     F2837xD_GlobalVariableDefs.obj (CpuTimer2RegsFile)

PieCtrlRegsFile 
*          1    00000ce0    0000001a     UNINITIALIZED
                  00000ce0    0000001a     F2837xD_GlobalVariableDefs.obj (PieCtrlRegsFile)

DmaRegsFile 
*          1    00001000    000000e0     UNINITIALIZED
                  00001000    000000e0     F2837xD_GlobalVariableDefs.obj (DmaRegsFile)

Cla1RegsFile 
*          1    00001400    0000003e     UNINITIALIZED
                  00001400    0000003e     F2837xD_GlobalVariableDefs.obj (Cla1RegsFile)

Clb1LogicCfgRegsFile 
*          1    00003000    0000003e     UNINITIALIZED
                  00003000    0000003e     F2837xD_GlobalVariableDefs.obj (Clb1LogicCfgRegsFile)

Clb1LogicCtrlRegsFile 
*          1    00003100    00000040     UNINITIALIZED
                  00003100    00000040     F2837xD_GlobalVariableDefs.obj (Clb1LogicCtrlRegsFile)

Clb1DataExchRegsFile 
*          1    00003200    00000108     UNINITIALIZED
                  00003200    00000108     F2837xD_GlobalVariableDefs.obj (Clb1DataExchRegsFile)

Clb2LogicCfgRegsFile 
*          1    00003400    0000003e     UNINITIALIZED
                  00003400    0000003e     F2837xD_GlobalVariableDefs.obj (Clb2LogicCfgRegsFile)

Clb2LogicCtrlRegsFile 
*          1    00003500    00000040     UNINITIALIZED
                  00003500    00000040     F2837xD_GlobalVariableDefs.obj (Clb2LogicCtrlRegsFile)

Clb2DataExchRegsFile 
*          1    00003600    00000108     UNINITIALIZED
                  00003600    00000108     F2837xD_GlobalVariableDefs.obj (Clb2DataExchRegsFile)

Clb3LogicCfgRegsFile 
*          1    00003800    0000003e     UNINITIALIZED
                  00003800    0000003e     F2837xD_GlobalVariableDefs.obj (Clb3LogicCfgRegsFile)

Clb3LogicCtrlRegsFile 
*          1    00003900    00000040     UNINITIALIZED
                  00003900    00000040     F2837xD_GlobalVariableDefs.obj (Clb3LogicCtrlRegsFile)

Clb3DataExchRegsFile 
*          1    00003a00    00000108     UNINITIALIZED
                  00003a00    00000108     F2837xD_GlobalVariableDefs.obj (Clb3DataExchRegsFile)

Clb4LogicCfgRegsFile 
*          1    00003c00    0000003e     UNINITIALIZED
                  00003c00    0000003e     F2837xD_GlobalVariableDefs.obj (Clb4LogicCfgRegsFile)

Clb4LogicCtrlRegsFile 
*          1    00003d00    00000040     UNINITIALIZED
                  00003d00    00000040     F2837xD_GlobalVariableDefs.obj (Clb4LogicCtrlRegsFile)

Clb4DataExchRegsFile 
*          1    00003e00    00000108     UNINITIALIZED
                  00003e00    00000108     F2837xD_GlobalVariableDefs.obj (Clb4DataExchRegsFile)

EPwm1RegsFile 
*          1    00004000    00000100     UNINITIALIZED
                  00004000    00000100     F2837xD_GlobalVariableDefs.obj (EPwm1RegsFile)

EPwm2RegsFile 
*          1    00004100    00000100     UNINITIALIZED
                  00004100    00000100     F2837xD_GlobalVariableDefs.obj (EPwm2RegsFile)

EPwm3RegsFile 
*          1    00004200    00000100     UNINITIALIZED
                  00004200    00000100     F2837xD_GlobalVariableDefs.obj (EPwm3RegsFile)

EPwm4RegsFile 
*          1    00004300    00000100     UNINITIALIZED
                  00004300    00000100     F2837xD_GlobalVariableDefs.obj (EPwm4RegsFile)

EPwm5RegsFile 
*          1    00004400    00000100     UNINITIALIZED
                  00004400    00000100     F2837xD_GlobalVariableDefs.obj (EPwm5RegsFile)

EPwm6RegsFile 
*          1    00004500    00000100     UNINITIALIZED
                  00004500    00000100     F2837xD_GlobalVariableDefs.obj (EPwm6RegsFile)

EPwm7RegsFile 
*          1    00004600    00000100     UNINITIALIZED
                  00004600    00000100     F2837xD_GlobalVariableDefs.obj (EPwm7RegsFile)

EPwm8RegsFile 
*          1    00004700    00000100     UNINITIALIZED
                  00004700    00000100     F2837xD_GlobalVariableDefs.obj (EPwm8RegsFile)

EPwm9RegsFile 
*          1    00004800    00000100     UNINITIALIZED
                  00004800    00000100     F2837xD_GlobalVariableDefs.obj (EPwm9RegsFile)

EPwm10RegsFile 
*          1    00004900    00000100     UNINITIALIZED
                  00004900    00000100     F2837xD_GlobalVariableDefs.obj (EPwm10RegsFile)

EPwm11RegsFile 
*          1    00004a00    00000100     UNINITIALIZED
                  00004a00    00000100     F2837xD_GlobalVariableDefs.obj (EPwm11RegsFile)

EPwm12RegsFile 
*          1    00004b00    00000100     UNINITIALIZED
                  00004b00    00000100     F2837xD_GlobalVariableDefs.obj (EPwm12RegsFile)

ECap1RegsFile 
*          1    00005000    0000001a     UNINITIALIZED
                  00005000    0000001a     F2837xD_GlobalVariableDefs.obj (ECap1RegsFile)

ECap2RegsFile 
*          1    00005020    0000001a     UNINITIALIZED
                  00005020    0000001a     F2837xD_GlobalVariableDefs.obj (ECap2RegsFile)

ECap3RegsFile 
*          1    00005040    0000001a     UNINITIALIZED
                  00005040    0000001a     F2837xD_GlobalVariableDefs.obj (ECap3RegsFile)

ECap4RegsFile 
*          1    00005060    0000001a     UNINITIALIZED
                  00005060    0000001a     F2837xD_GlobalVariableDefs.obj (ECap4RegsFile)

ECap5RegsFile 
*          1    00005080    0000001a     UNINITIALIZED
                  00005080    0000001a     F2837xD_GlobalVariableDefs.obj (ECap5RegsFile)

ECap6RegsFile 
*          1    000050a0    0000001a     UNINITIALIZED
                  000050a0    0000001a     F2837xD_GlobalVariableDefs.obj (ECap6RegsFile)

EQep1RegsFile 
*          1    00005100    00000022     UNINITIALIZED
                  00005100    00000022     F2837xD_GlobalVariableDefs.obj (EQep1RegsFile)

EQep2RegsFile 
*          1    00005140    00000022     UNINITIALIZED
                  00005140    00000022     F2837xD_GlobalVariableDefs.obj (EQep2RegsFile)

EQep3RegsFile 
*          1    00005180    00000022     UNINITIALIZED
                  00005180    00000022     F2837xD_GlobalVariableDefs.obj (EQep3RegsFile)

DacaRegsFile 
*          1    00005c00    00000007     UNINITIALIZED
                  00005c00    00000007     F2837xD_GlobalVariableDefs.obj (DacaRegsFile)

DacbRegsFile 
*          1    00005c10    00000007     UNINITIALIZED
                  00005c10    00000007     F2837xD_GlobalVariableDefs.obj (DacbRegsFile)

DaccRegsFile 
*          1    00005c20    00000007     UNINITIALIZED
                  00005c20    00000007     F2837xD_GlobalVariableDefs.obj (DaccRegsFile)

Cmpss1RegsFile 
*          1    00005c80    0000001b     UNINITIALIZED
                  00005c80    0000001b     F2837xD_GlobalVariableDefs.obj (Cmpss1RegsFile)

Cmpss2RegsFile 
*          1    00005ca0    0000001b     UNINITIALIZED
                  00005ca0    0000001b     F2837xD_GlobalVariableDefs.obj (Cmpss2RegsFile)

Cmpss3RegsFile 
*          1    00005cc0    0000001b     UNINITIALIZED
                  00005cc0    0000001b     F2837xD_GlobalVariableDefs.obj (Cmpss3RegsFile)

Cmpss4RegsFile 
*          1    00005ce0    0000001b     UNINITIALIZED
                  00005ce0    0000001b     F2837xD_GlobalVariableDefs.obj (Cmpss4RegsFile)

Cmpss5RegsFile 
*          1    00005d00    0000001b     UNINITIALIZED
                  00005d00    0000001b     F2837xD_GlobalVariableDefs.obj (Cmpss5RegsFile)

Cmpss6RegsFile 
*          1    00005d20    0000001b     UNINITIALIZED
                  00005d20    0000001b     F2837xD_GlobalVariableDefs.obj (Cmpss6RegsFile)

Cmpss7RegsFile 
*          1    00005d40    0000001b     UNINITIALIZED
                  00005d40    0000001b     F2837xD_GlobalVariableDefs.obj (Cmpss7RegsFile)

Cmpss8RegsFile 
*          1    00005d60    0000001b     UNINITIALIZED
                  00005d60    0000001b     F2837xD_GlobalVariableDefs.obj (Cmpss8RegsFile)

Sdfm1RegsFile 
*          1    00005e00    00000048     UNINITIALIZED
                  00005e00    00000048     F2837xD_GlobalVariableDefs.obj (Sdfm1RegsFile)

Sdfm2RegsFile 
*          1    00005e80    00000048     UNINITIALIZED
                  00005e80    00000048     F2837xD_GlobalVariableDefs.obj (Sdfm2RegsFile)

McbspaRegsFile 
*          1    00006000    00000024     UNINITIALIZED
                  00006000    00000024     F2837xD_GlobalVariableDefs.obj (McbspaRegsFile)

McbspbRegsFile 
*          1    00006040    00000024     UNINITIALIZED
                  00006040    00000024     F2837xD_GlobalVariableDefs.obj (McbspbRegsFile)

SpiaRegsFile 
*          1    00006100    00000010     UNINITIALIZED
                  00006100    00000010     F2837xD_GlobalVariableDefs.obj (SpiaRegsFile)

SpibRegsFile 
*          1    00006110    00000010     UNINITIALIZED
                  00006110    00000010     F2837xD_GlobalVariableDefs.obj (SpibRegsFile)

SpicRegsFile 
*          1    00006120    00000010     UNINITIALIZED
                  00006120    00000010     F2837xD_GlobalVariableDefs.obj (SpicRegsFile)

UppRegsFile 
*          1    00006200    00000048     UNINITIALIZED
                  00006200    00000048     F2837xD_GlobalVariableDefs.obj (UppRegsFile)

WdRegsFile 
*          1    00007000    0000002b     UNINITIALIZED
                  00007000    0000002b     F2837xD_GlobalVariableDefs.obj (WdRegsFile)

NmiIntruptRegsFile 
*          1    00007060    00000007     UNINITIALIZED
                  00007060    00000007     F2837xD_GlobalVariableDefs.obj (NmiIntruptRegsFile)

XintRegsFile 
*          1    00007070    0000000b     UNINITIALIZED
                  00007070    0000000b     F2837xD_GlobalVariableDefs.obj (XintRegsFile)

SciaRegsFile 
*          1    00007200    00000010     UNINITIALIZED
                  00007200    00000010     F2837xD_GlobalVariableDefs.obj (SciaRegsFile)

ScibRegsFile 
*          1    00007210    00000010     UNINITIALIZED
                  00007210    00000010     F2837xD_GlobalVariableDefs.obj (ScibRegsFile)

ScicRegsFile 
*          1    00007220    00000010     UNINITIALIZED
                  00007220    00000010     F2837xD_GlobalVariableDefs.obj (ScicRegsFile)

ScidRegsFile 
*          1    00007230    00000010     UNINITIALIZED
                  00007230    00000010     F2837xD_GlobalVariableDefs.obj (ScidRegsFile)

I2caRegsFile 
*          1    00007300    00000022     UNINITIALIZED
                  00007300    00000022     F2837xD_GlobalVariableDefs.obj (I2caRegsFile)

I2cbRegsFile 
*          1    00007340    00000022     UNINITIALIZED
                  00007340    00000022     F2837xD_GlobalVariableDefs.obj (I2cbRegsFile)

AdcaRegsFile 
*          1    00007400    0000007c     UNINITIALIZED
                  00007400    0000007c     F2837xD_GlobalVariableDefs.obj (AdcaRegsFile)

AdcbRegsFile 
*          1    00007480    0000007c     UNINITIALIZED
                  00007480    0000007c     F2837xD_GlobalVariableDefs.obj (AdcbRegsFile)

AdccRegsFile 
*          1    00007500    0000007c     UNINITIALIZED
                  00007500    0000007c     F2837xD_GlobalVariableDefs.obj (AdccRegsFile)

AdcdRegsFile 
*          1    00007580    0000007c     UNINITIALIZED
                  00007580    0000007c     F2837xD_GlobalVariableDefs.obj (AdcdRegsFile)

InputXbarRegsFile 
*          1    00007900    00000020     UNINITIALIZED
                  00007900    00000020     F2837xD_GlobalVariableDefs.obj (InputXbarRegsFile)

XbarRegsFile 
*          1    00007920    0000000e     UNINITIALIZED
                  00007920    0000000e     F2837xD_GlobalVariableDefs.obj (XbarRegsFile)

SyncSocRegsFile 
*          1    00007940    00000006     UNINITIALIZED
                  00007940    00000006     F2837xD_GlobalVariableDefs.obj (SyncSocRegsFile)

DmaClaSrcSelRegsFile 
*          1    00007980    0000001a     UNINITIALIZED
                  00007980    0000001a     F2837xD_GlobalVariableDefs.obj (DmaClaSrcSelRegsFile)

EPwmXbarRegsFile 
*          1    00007a00    00000040     UNINITIALIZED
                  00007a00    00000040     F2837xD_GlobalVariableDefs.obj (EPwmXbarRegsFile)

ClbXbarRegsFile 
*          1    00007a40    00000040     UNINITIALIZED
                  00007a40    00000040     F2837xD_GlobalVariableDefs.obj (ClbXbarRegsFile)

OutputXbarRegsFile 
*          1    00007a80    00000040     UNINITIALIZED
                  00007a80    00000040     F2837xD_GlobalVariableDefs.obj (OutputXbarRegsFile)

GpioCtrlRegsFile 
*          1    00007c00    00000180     UNINITIALIZED
                  00007c00    00000180     F2837xD_GlobalVariableDefs.obj (GpioCtrlRegsFile)

GpioDataRegsFile 
*          1    00007f00    00000030     UNINITIALIZED
                  00007f00    00000030     F2837xD_GlobalVariableDefs.obj (GpioDataRegsFile)

Emif1RegsFile 
*          1    00047000    00000028     UNINITIALIZED
                  00047000    00000028     F2837xD_GlobalVariableDefs.obj (Emif1RegsFile)

Emif2RegsFile 
*          1    00047800    00000028     UNINITIALIZED
                  00047800    00000028     F2837xD_GlobalVariableDefs.obj (Emif2RegsFile)

CanaRegsFile 
*          1    00048000    00000164     UNINITIALIZED
                  00048000    00000164     F2837xD_GlobalVariableDefs.obj (CanaRegsFile)

CanbRegsFile 
*          1    0004a000    00000164     UNINITIALIZED
                  0004a000    00000164     F2837xD_GlobalVariableDefs.obj (CanbRegsFile)

IpcRegsFile 
*          1    00050000    00000024     UNINITIALIZED
                  00050000    00000024     F2837xD_GlobalVariableDefs.obj (IpcRegsFile)

FlashPumpSemaphoreRegsFile 
*          1    00050024    00000002     UNINITIALIZED
                  00050024    00000002     F2837xD_GlobalVariableDefs.obj (FlashPumpSemaphoreRegsFile)

DevCfgRegsFile 
*          1    0005d000    0000012e     UNINITIALIZED
                  0005d000    0000012e     F2837xD_GlobalVariableDefs.obj (DevCfgRegsFile)

AnalogSubsysRegsFile 
*          1    0005d180    0000003e     UNINITIALIZED
                  0005d180    0000003e     F2837xD_GlobalVariableDefs.obj (AnalogSubsysRegsFile)

ClkCfgRegsFile 
*          1    0005d200    00000032     UNINITIALIZED
                  0005d200    00000032     F2837xD_GlobalVariableDefs.obj (ClkCfgRegsFile)

CpuSysRegsFile 
*          1    0005d300    00000082     UNINITIALIZED
                  0005d300    00000082     F2837xD_GlobalVariableDefs.obj (CpuSysRegsFile)

DcsmZ1RegsFile 
*          1    0005f000    00000022     UNINITIALIZED
                  0005f000    00000022     F2837xD_GlobalVariableDefs.obj (DcsmZ1RegsFile)

DcsmZ2RegsFile 
*          1    0005f040    00000022     UNINITIALIZED
                  0005f040    00000022     F2837xD_GlobalVariableDefs.obj (DcsmZ2RegsFile)

DcsmCommonRegsFile 
*          1    0005f070    00000006     UNINITIALIZED
                  0005f070    00000006     F2837xD_GlobalVariableDefs.obj (DcsmCommonRegsFile)

MemCfgRegsFile 
*          1    0005f400    00000076     UNINITIALIZED
                  0005f400    00000076     F2837xD_GlobalVariableDefs.obj (MemCfgRegsFile)

Emif1ConfigRegsFile 
*          1    0005f480    0000000a     UNINITIALIZED
                  0005f480    0000000a     F2837xD_GlobalVariableDefs.obj (Emif1ConfigRegsFile)

Emif2ConfigRegsFile 
*          1    0005f4a0    0000000a     UNINITIALIZED
                  0005f4a0    0000000a     F2837xD_GlobalVariableDefs.obj (Emif2ConfigRegsFile)

AccessProtectionRegsFile 
*          1    0005f4c0    0000002e     UNINITIALIZED
                  0005f4c0    0000002e     F2837xD_GlobalVariableDefs.obj (AccessProtectionRegsFile)

MemoryErrorRegsFile 
*          1    0005f500    0000003a     UNINITIALIZED
                  0005f500    0000003a     F2837xD_GlobalVariableDefs.obj (MemoryErrorRegsFile)

Flash0CtrlRegsFile 
*          1    0005f800    00000182     UNINITIALIZED
                  0005f800    00000182     F2837xD_GlobalVariableDefs.obj (Flash0CtrlRegsFile)

Flash0EccRegsFile 
*          1    0005fb00    00000028     UNINITIALIZED
                  0005fb00    00000028     F2837xD_GlobalVariableDefs.obj (Flash0EccRegsFile)

RomPrefetchRegsFile 
*          1    0005e608    00000002     UNINITIALIZED
                  0005e608    00000002     F2837xD_GlobalVariableDefs.obj (RomPrefetchRegsFile)

RomWaitStateRegsFile 
*          1    0005f540    00000002     UNINITIALIZED
                  0005f540    00000002     F2837xD_GlobalVariableDefs.obj (RomWaitStateRegsFile)

.pinit     0    00080002    00000000     UNINITIALIZED

.text      0    00088000    000026b5     
                  00088000    0000023b     ti.targets.rts2800.a28FP : System.o28FP (.text:_xdc_runtime_System_doPrint__I)
                  0008823b    0000019c     sysbios.a28FP : BIOS.obj (.text:_ti_sysbios_knl_Semaphore_pend__E)
                  000883d7    00000107     rts2800_fpu32.lib : ll_div28.asm.obj (.text)
                  000884de    000000ee     ti.targets.rts2800.a28FP : HeapStd.o28FP (.text:_xdc_runtime_HeapStd_alloc__E)
                  000885cc    000000dc     sysbios.a28FP : BIOS.obj (.text:_ti_sysbios_family_c28_Hwi_clearInterrupt__E)
                  000886a8    000000c2     CookieProject_p28FP.o28FP (.text:_xdc_runtime_System_printfExtend__I)
                  0008876a    000000c1     main.obj (.text:_decrementTime)
                  0008882b    000000c0     ti.targets.rts2800.a28FP : LoggerBuf.o28FP (.text:_xdc_runtime_LoggerBuf_write8__E)
                  000888eb    000000bf     sysbios.a28FP : BIOS.obj (.text:_ti_sysbios_knl_Semaphore_Instance_init__E)
                  000889aa    000000a0     ti.targets.rts2800.a28FP : Core-mem.o28FP (.text:_xdc_runtime_Core_createObject__I)
                  00088a4a    0000009d     sysbios.a28FP : c28_Hwi_disp_asm.obj (.text:_ti_sysbios_family_c28_Hwi_dispatch)
                  00088ae7    00000001     main.obj (.text:_SaveArmBuffer)
                  00088ae8    00000095     rts2800_fpu32.lib : trgmsg.c.obj (.text)
                  00088b7d    00000090     main.obj (.text:_Save2Buffer)
                  00088c0d    0000008e     sysbios.a28FP : BIOS.obj (.text:_ti_sysbios_family_c28_Hwi_enableInterrupt__E)
                  00088c9b    0000008d     ti.targets.rts2800.a28FP : Core-smem.o28FP (.text:_xdc_runtime_Core_constructObject__I)
                  00088d28    00000088     rts2800_fpu32.lib : fs_div28.asm.obj (.text)
                  00088db0    00000083     ti.targets.rts2800.a28FP : HeapStd.o28FP (.text:_xdc_runtime_HeapStd_Instance_init__E)
                  00088e33    00000082     sysbios.a28FP : BIOS.obj (.text:_ti_sysbios_knl_Semaphore_post__E)
                  00088eb5    00000081                   : BIOS.obj (.text:_ti_sysbios_family_c28_Hwi_disableInterrupt__E)
                  00088f36    00000080                   : BIOS.obj (.text:_ti_sysbios_family_c28_Hwi_disablePIEIER__E)
                  00088fb6    0000007f                   : BIOS.obj (.text:_ti_sysbios_family_c28_Hwi_enablePIEIER__E)
                  00089035    0000007a     ti.targets.rts2800.a28FP : LoggerBuf.o28FP (.text:_xdc_runtime_LoggerBuf_write4__E)
                  000890af    00000077     main.obj (.text:_Convt2mm)
                  00089126    00000075     sysbios.a28FP : BIOS.obj (.text:_ti_sysbios_knl_Task_checkStacks__E)
                  0008919b    00000072     ti.targets.rts2800.a28FP : Startup.o28FP (.text:_xdc_runtime_Startup_startMods__I)
                  0008920d    00000071     sysbios.a28FP : BIOS.obj (.text:_ti_sysbios_gates_GateMutex_enter__E)
                  0008927e    0000006b     ti.targets.rts2800.a28FP : HeapStd.o28FP (.text:_xdc_runtime_HeapStd_free__E)
                  000892e9    00000069     boot.a28FP : boot_cg.o28FP (.text)
                  00089352    00000066     sysbios.a28FP : BIOS.obj (.text:_ti_sysbios_family_c28_Timer_stopAndClear__I)
                  000893b8    00000060     ti.targets.rts2800.a28FP : Error.o28FP (.text:_xdc_runtime_Error_policyDefault__E)
                  00089418    00000060                              : Text.o28FP (.text:_xdc_runtime_Text_putSite__E)
                  00089478    0000004c     sysbios.a28FP : BIOS.obj (.text:_ti_sysbios_family_c28_Hwi_dispatchCore__I)
                  000894c4    00000049     Boot.a28FP : Boot.o28FP (.text:.bootCodeSection:_ti_catalog_c2800_initF2837x_Boot_configurePllDivs)
                  0008950d    00000047     sysbios.a28FP : BIOS.obj (.text:_ti_sysbios_family_c28_Hwi_Module_startup__E)
                  00089554    00000047                   : BIOS.obj (.text:_ti_sysbios_knl_Task_postInit__I)
                  0008959b    00000044                   : BIOS.obj (.text:_ti_sysbios_knl_Clock_workFunc__E)
                  000895df    00000042                   : BIOS.obj (.text:_ti_sysbios_family_c28_Hwi_unPluggedInterrupt__I)
                  00089621    00000041     ti.targets.rts2800.a28FP : Text.o28FP (.text:_xdc_runtime_Text_putLab__E)
                  00089662    00000040     sysbios.a28FP : BIOS.obj (.text:_ti_sysbios_family_c28_Timer_postInit__I)
                  000896a2    00000040     ti.targets.rts2800.a28FP : Memory.o28FP (.text:_xdc_runtime_Memory_alloc__E)
                  000896e2    0000003e     sysbios.a28FP : BIOS.obj (.text:_ti_sysbios_knl_Swi_restoreHwi__E)
                  00089720    0000003e                   : BIOS.obj (.text:_ti_sysbios_knl_Swi_run__I)
                  0008975e    0000003e     ti.targets.rts2800.a28FP : Core-mem.o28FP (.text:_xdc_runtime_Core_deleteObject__I)
                  0008979c    0000003d                              : LoggerBuf.o28FP (.text:_xdc_runtime_LoggerBuf_getFilterLevel__E)
                  000897d9    0000003c                              : LoggerBuf.o28FP (.text:_xdc_runtime_LoggerBuf_setFilterLevel__E)
                  00089815    00000039     sysbios.a28FP : BIOS.obj (.text:_ti_sysbios_family_c28_TaskSupport_start__E)
                  0008984e    00000039     rts2800_fpu32.lib : hostwrite.c.obj (.text)
                  00089887    00000038     ti.targets.rts2800.a28FP : Text.o28FP (.text:_xdc_runtime_Text_putMod__E)
                  000898bf    00000035     sysbios.a28FP : BIOS.obj (.text:_ti_sysbios_knl_Task_startCore__E)
                  000898f4    00000035     ti.targets.rts2800.a28FP : System.o28FP (.text:_xdc_runtime_System_formatNum__I)
                  00089929    00000032     sysbios.a28FP : BIOS.obj (.text:_ti_sysbios_knl_Task_Module_startup__E)
                  0008995b    00000031     ti.targets.rts2800.a28FP : Error.o28FP (.text:_xdc_runtime_Error_print__E)
                  0008998c    00000031     rts2800_fpu32.lib : atoi.c.obj (.text)
                  000899bd    00000030     ti.targets.rts2800.a28FP : LoggerBuf.o28FP (.text:_xdc_runtime_LoggerBuf_Instance_init__E)
                  000899ed    0000002f                              : Core-params.o28FP (.text:_xdc_runtime_Core_assignParams__I)
                  00089a1c    0000002f                              : Startup.o28FP (.text:_xdc_runtime_Startup_exec__E)
                  00089a4b    0000002e     sysbios.a28FP : BIOS.obj (.text:_ti_sysbios_family_c28_Hwi_getStackInfo__E)
                  00089a79    0000002e                   : BIOS.obj (.text:_ti_sysbios_knl_Swi_runLoop__I)
                  00089aa7    0000002e                   : BIOS.obj (.text:_ti_sysbios_knl_Swi_schedule__I)
                  00089ad5    0000002e                   : BIOS.obj (.text:_ti_sysbios_knl_Task_schedule__I)
                  00089b03    0000002d     ti.targets.rts2800.a28FP : Assert.o28FP (.text:_xdc_runtime_Assert_raise__I)
                  00089b30    0000002d                              : Error.o28FP (.text:_xdc_runtime_Error_setX__E)
                  00089b5d    0000002c     sysbios.a28FP : BIOS.obj (.text:_ti_sysbios_family_c28_Timer_start__E)
                  00089b89    0000002c     CookieProject_p28FP.o28FP (.text:_xdc_runtime_LoggerBuf_Object__create__S)
                  00089bb5    0000002b     CookieProject_p28FP.o28FP (.text:_xdc_runtime_HeapStd_Object__create__S)
                  00089be0    00000029     ti.targets.rts2800.a28FP : Text.o28FP (.text:_xdc_runtime_Text_xprintf__I)
                  00089c09    00000029     rts2800_fpu32.lib : exit.c.obj (.text)
                  00089c32    00000026     ti.targets.rts2800.a28FP : SysMin.o28FP (.text:_xdc_runtime_SysMin_flush__E)
                  00089c58    00000025     main.obj (.text:_SCIB_HWI)
                  00089c7d    00000025     main.obj (.text:_SCIC_HWI)
                  00089ca2    00000025     sysbios.a28FP : c28_TaskSupport_asm.obj (.text:_ti_sysbios_family_c28_TaskSupport_buildTaskStack)
                  00089cc7    00000024                   : BIOS.obj (.text:_ti_sysbios_knl_Swi_post__E)
                  00089ceb    00000024     rts2800_fpu32.lib : cpy_tbl.c.obj (.text)
                  00089d0f    00000023     SCI_Fxns.obj (.text:_sendCMD)
                  00089d32    00000023     ti.targets.rts2800.a28FP : System.o28FP (.text:_xdc_runtime_System_processAtExit__E)
                  00089d55    00000022     CookieProject_DevInit.obj (.text:_DeviceInit)
                  00089d77    00000021     sysbios.a28FP : BIOS.obj (.text:_ti_sysbios_knl_Task_allBlockedFunction__I)
                  00089d98    00000020     CookieProject_DevInit.obj (.text:_InitScicGpio)
                  00089db8    00000020     sysbios.a28FP : BIOS.obj (.text:_ti_sysbios_family_c28_Timer_setPrescale__E)
                  00089dd8    00000020     ti.targets.rts2800.a28FP : System.o28FP (.text:_xdc_runtime_System_atexit__E)
                  00089df8    0000001f     sysbios.a28FP : BIOS.obj (.text:_ti_sysbios_knl_Task_exit__E)
                  00089e17    0000001f     CookieProject_p28FP.o28FP (.text:_xdc_runtime_Error_policyLog__I)
                  00089e36    0000001f     ti.targets.rts2800.a28FP : LoggerBuf.o28FP (.text:_xdc_runtime_LoggerBuf_filterOutEvent__I)
                  00089e55    0000001e     sysbios.a28FP : BIOS.obj (.text:_ti_sysbios_knl_Task_blockI__E)
                  00089e73    0000001d     CookieProject_DevInit.obj (.text:_InitScib)
                  00089e90    0000001d     sysbios.a28FP : c28_TaskSupport_asm.obj (.text:_ti_sysbios_family_c28_TaskSupport_swap__E)
                  00089ead    0000001d     CookieProject_p28FP.o28FP (.text:_ti_sysbios_gates_GateHwi_Object__create__S)
                  00089eca    0000001d     CookieProject_p28FP.o28FP (.text:_ti_sysbios_gates_GateMutex_Object__create__S)
                  00089ee7    0000001d     CookieProject_p28FP.o28FP (.text:_ti_sysbios_knl_Semaphore_construct)
                  00089f04    0000001d     ti.targets.rts2800.a28FP : SysMin.o28FP (.text:_xdc_runtime_SysMin_putch__E)
                  00089f21    0000001d     rts2800_fpu32.lib : memcpy.c.obj (.text)
                  00089f3e    0000001c     CookieProject_DevInit.obj (.text:_InitScic)
                  00089f5a    0000001c     sysbios.a28FP : BIOS.obj (.text:_ti_sysbios_hal_Hwi_checkStack)
                  00089f76    0000001c     CookieProject_p28FP.o28FP (.text:_xdc_runtime_SysMin_output__I)
                  00089f92    0000001b     sysbios.a28FP : c28_Hwi_asm.obj (.text:_ti_sysbios_family_c28_Hwi_switchAndDispatch__I)
                  00089fad    0000001b                   : BIOS.obj (.text:_ti_sysbios_hal_Hwi_initStack)
                  00089fc8    0000001b                   : BIOS.obj (.text:_ti_sysbios_knl_Task_processVitalTaskFlag__I)
                  00089fe3    0000001a     CookieProject_DevInit.obj (.text:_InitScibGpio)
                  00089ffd    0000001a     ti.targets.rts2800.a28FP : System.o28FP (.text:_xdc_runtime_System_avprintf__E)
                  0008a017    00000019     CookieProject_p28FP.o28FP (.text:_ti_sysbios_knl_Queue_construct)
                  0008a030    00000019     sysbios.a28FP : BIOS.obj (.text:_ti_sysbios_knl_Swi_restore__E)
                  0008a049    00000019     ti.targets.rts2800.a28FP : System.o28FP (.text:_xdc_runtime_System_vprintf__E)
                  0008a062    00000018     sysbios.a28FP : c28_Hwi_asm.obj (.text:_ti_sysbios_family_xxx_Hwi_switchAndRunFunc)
                  0008a07a    00000018     ti.targets.rts2800.a28FP : LoggerBuf.o28FP (.text:_xdc_runtime_LoggerBuf_reset__E)
                  0008a092    00000018                              : System.o28FP (.text:_xdc_runtime_System_putchar__I)
                  0008a0aa    00000017     main.obj (.text:_myTikFxn)
                  0008a0c1    00000017     sysbios.a28FP : BIOS.obj (.text:_ti_sysbios_family_c28_Timer_startup__E)
                  0008a0d8    00000017     CookieProject_p28FP.o28FP (.text:_ti_sysbios_knl_Clock_doTick__I)
                  0008a0ef    00000017     sysbios.a28FP : BIOS.obj (.text:_ti_sysbios_knl_Semaphore_pendTimeout__I)
                  0008a106    00000017                   : BIOS.obj (.text:_ti_sysbios_knl_Task_restore__E)
                  0008a11d    00000017                   : BIOS.obj (.text:_ti_sysbios_knl_Task_unblockI__E)
                  0008a134    00000017     ti.targets.rts2800.a28FP : LoggerBuf.o28FP (.text:_xdc_runtime_LoggerBuf_Module_startup__E)
                  0008a14b    00000017                              : Memory.o28FP (.text:_xdc_runtime_Memory_valloc__E)
                  0008a162    00000017                              : SysMin.o28FP (.text:_xdc_runtime_SysMin_abort__E)
                  0008a179    00000016     CookieProject_p28FP.o28FP (.text:_ti_sysbios_BIOS_atExitFunc__I)
                  0008a18f    00000016     sysbios.a28FP : BIOS.obj (.text:_ti_sysbios_family_c28_Timer_Module_startup__E)
                  0008a1a5    00000016     ti.targets.rts2800.a28FP : Text.o28FP (.text:_xdc_runtime_Text_printVisFxn__I)
                  0008a1bb    00000015     main.obj (.text:_clearBuff)
                  0008a1d0    00000015     main.obj (.text:_main)
                  0008a1e5    00000015     SCI_Fxns.obj (.text:_scic_msg)
                  0008a1fa    00000015     CookieProject_p28FP.o28FP (.text:_ti_sysbios_BIOS_startFunc__I)
                  0008a20f    00000015     sysbios.a28FP : BIOS.obj (.text:_ti_sysbios_knl_Swi_Module_startup__E)
                  0008a224    00000014                   : BIOS.obj (.text:_ti_sysbios_knl_Idle_run__E)
                  0008a238    00000013     CookieProject_p28FP.o28FP (.text:_ti_sysbios_gates_GateMutex_Object__delete__S)
                  0008a24b    00000013     sysbios.a28FP : BIOS.obj (.text:_ti_sysbios_knl_Clock_Module_startup__E)
                  0008a25e    00000013     ti.targets.rts2800.a28FP : Error.o28FP (.text:_xdc_runtime_Error_raiseX__E)
                  0008a271    00000012     CookieProject_p28FP.o28FP (.text:_ti_sysbios_gates_GateHwi_Object__delete__S)
                  0008a283    00000012     CookieProject_p28FP.o28FP (.text:_xdc_runtime_LoggerBuf_Object__delete__S)
                  0008a295    00000012     rts2800_fpu32.lib : args_main.c.obj (.text)
                  0008a2a7    00000011     CookieProject_p28FP.o28FP (.text:_ti_sysbios_BIOS_errorRaiseHook__I)
                  0008a2b8    00000011     sysbios.a28FP : BIOS.obj (.text:_ti_sysbios_knl_Task_restoreHwi__E)
                  0008a2c9    00000011     CookieProject_p28FP.o28FP (.text:_xdc_runtime_HeapStd_Object__delete__S)
                  0008a2da    00000010     DelayUs.obj (.text)
                  0008a2ea    00000010     sysbios.a28FP : BIOS.obj (.text:_ti_sysbios_family_c28_Timer_stop__E)
                  0008a2fa    00000010     ti.targets.rts2800.a28FP : SysMin.o28FP (.text:_xdc_runtime_SysMin_Module_startup__E)
                  0008a30a    0000000f     SCI_Fxns.obj (.text:_suck)
                  0008a319    0000000f     CookieProject_p28FP.o28FP (.text:_ti_sysbios_BIOS_removeRTSLock__I)
                  0008a328    0000000f     sysbios.a28FP : BIOS.obj (.text:_ti_sysbios_gates_GateMutex_Instance_init__E)
                  0008a337    0000000f     ti.targets.rts2800.a28FP : LoggerBuf.o28FP (.text:_xdc_runtime_LoggerBuf_write2__E)
                  0008a346    0000000f                              : Registry.o28FP (.text:_xdc_runtime_Registry_findById__E)
                  0008a355    0000000e     sysbios.a28FP : BIOS.obj (.text:_ti_sysbios_family_c28_f2837x_TimestampProvider_get64__E)
                  0008a363    0000000e     CookieProject_p28FP.o28FP (.text:_ti_sysbios_knl_Semaphore_destruct)
                  0008a371    0000000e     CookieProject_p28FP.o28FP (.text:_ti_sysbios_knl_Swi_Object__get__S)
                  0008a37f    0000000e     CookieProject_p28FP.o28FP (.text:_ti_sysbios_knl_Task_Object__get__S)
                  0008a38d    0000000e     CookieProject_p28FP.o28FP (.text:_xdc_runtime_LoggerBuf_Object__get__S)
                  0008a39b    0000000d     CookieProject_p28FP.o28FP (.text:_ti_sysbios_BIOS_registerRTSLock__I)
                  0008a3a8    0000000d     CookieProject_p28FP.o28FP (.text:_ti_sysbios_BIOS_rtsLock__I)
                  0008a3b5    0000000d     sysbios.a28FP : BIOS.obj (.text:_ti_sysbios_family_c28_Hwi_dispatchC__I)
                  0008a3c2    0000000d                   : BIOS.obj (.text:_ti_sysbios_knl_Clock_enqueueI__E)
                  0008a3cf    0000000d     CookieProject_p28FP.o28FP (.text:_ti_sysbios_knl_Queue_destruct)
                  0008a3dc    0000000d     sysbios.a28FP : BIOS.obj (.text:_ti_sysbios_knl_Task_enter__I)
                  0008a3e9    0000000d     ti.targets.rts2800.a28FP : Error.o28FP (.text:_xdc_runtime_Error_check__E)
                  0008a3f6    0000000d                              : LoggerBuf.o28FP (.text:_xdc_runtime_LoggerBuf_write0__E)
                  0008a403    0000000d                              : LoggerBuf.o28FP (.text:_xdc_runtime_LoggerBuf_write1__E)
                  0008a410    0000000d                              : System.o28FP (.text:_xdc_runtime_System_abort__E)
                  0008a41d    0000000c     CookieProject_DevInit.obj (.text:_clocks_init)
                  0008a429    0000000c     CookieProject_p28FP.o28FP (.text:_ti_sysbios_BIOS_exitFunc__I)
                  0008a435    0000000c     CookieProject_p28FP.o28FP (.text:_ti_sysbios_family_c28_Hwi_disableIER__E)
                  0008a441    0000000c     sysbios.a28FP : BIOS.obj (.text:_ti_sysbios_gates_GateMutex_leave__E)
                  0008a44d    0000000c                   : BIOS.obj (.text:_ti_sysbios_knl_Queue_put__E)
                  0008a459    0000000c                   : BIOS.obj (.text:_ti_sysbios_knl_Task_enabled__E)
                  0008a465    0000000c     ti.targets.rts2800.a28FP : SysMin.o28FP (.text:_xdc_runtime_SysMin_exit__E)
                  0008a471    0000000b     CookieProject_p28FP.o28FP (.text:_ti_sysbios_family_c28_Hwi_Module__startupDone__F)
                  0008a47c    0000000b     CookieProject_p28FP.o28FP (.text:_ti_sysbios_family_c28_Hwi_Object__get__S)
                  0008a487    0000000b     CookieProject_p28FP.o28FP (.text:_ti_sysbios_family_c28_Hwi_enableIER__E)
                  0008a492    0000000b     CookieProject_p28FP.o28FP (.text:_ti_sysbios_family_c28_Timer_Module__startupDone__F)
                  0008a49d    0000000b     CookieProject_p28FP.o28FP (.text:_ti_sysbios_knl_Queue_Object__get__S)
                  0008a4a8    0000000b     CookieProject_p28FP.o28FP (.text:_ti_sysbios_knl_Task_SupportProxy_start__E)
                  0008a4b3    0000000b     ti.targets.rts2800.a28FP : LoggerBuf.o28FP (.text:_xdc_runtime_LoggerBuf_Instance_finalize__E)
                  0008a4be    0000000b                              : System.o28FP (.text:_xdc_runtime_System_exit__E)
                  0008a4c9    0000000b     rts2800_fpu32.lib : u_div28.asm.obj (.text)
                  0008a4d4    0000000a     CookieProject_p28FP.o28FP (.text:.bootCodeSection:_ti_catalog_c2800_initF2837x_Boot_init)
                  0008a4de    0000000a     main.obj (.text:_myIdleFxn)
                  0008a4e8    0000000a     SCI_Fxns.obj (.text:_scic_xmit)
                  0008a4f2    0000000a     ti.targets.rts2800.a28FP : Error.o28FP (.text:_xdc_runtime_Error_init__E)
                  0008a4fc    0000000a                              : Memory.o28FP (.text:_xdc_runtime_Memory_free__E)
                  0008a506    0000000a                              : System.o28FP (.text:_xdc_runtime_System_vsnprintf__E)
                  0008a510    0000000a                              : Text.o28FP (.text:_xdc_runtime_Text_ropeText__E)
                  0008a51a    00000009     CookieProject_p28FP.o28FP (.text:_ti_sysbios_BIOS_rtsUnlock__I)
                  0008a523    00000009     CookieProject_p28FP.o28FP (.text:_ti_sysbios_family_c28_Hwi_restoreIER__E)
                  0008a52c    00000009     sysbios.a28FP : BIOS.obj (.text:_ti_sysbios_family_c28_TaskSupport_checkStack__E)
                  0008a535    00000009                   : c28_TaskSupport_asm.obj (.text:_ti_sysbios_family_c28_TaskSupport_glue)
                  0008a53e    00000009     CookieProject_p28FP.o28FP (.text:_ti_sysbios_gates_GateHwi_Handle__label__S)
                  0008a547    00000009     CookieProject_p28FP.o28FP (.text:_ti_sysbios_gates_GateMutex_Handle__label__S)
                  0008a550    00000009     sysbios.a28FP : BIOS.obj (.text:_ti_sysbios_hal_Hwi_Module_startup__E)
                  0008a559    00000009                   : BIOS.obj (.text:_ti_sysbios_hal_Timer_Module_startup__E)
                  0008a562    00000009                   : BIOS.obj (.text:_ti_sysbios_knl_Task_unblock__E)
                  0008a56b    00000009     CookieProject_p28FP.o28FP (.text:_xdc_runtime_HeapStd_Handle__label__S)
                  0008a574    00000009     CookieProject_p28FP.o28FP (.text:_xdc_runtime_LoggerBuf_Handle__label__S)
                  0008a57d    00000009     CookieProject_p28FP.o28FP (.text:_xdc_runtime_Startup_exec__I)
                  0008a586    00000009     rts2800_fpu32.lib : _lock.c.obj (.text)
                  0008a58f    00000008     Boot.a28FP : Boot.o28FP (.text:.bootCodeSection:_ti_catalog_c2800_initF2837x_Boot_initSharedRAMs)
                  0008a597    00000008     sysbios.a28FP : BIOS.obj (.text:_ti_sysbios_BIOS_setThreadType__E)
                  0008a59f    00000008                   : BIOS.obj (.text:_ti_sysbios_gates_GateMutex_Instance_finalize__E)
                  0008a5a7    00000008                   : BIOS.obj (.text:_ti_sysbios_gates_GateMutex_query__E)
                  0008a5af    00000008                   : BIOS.obj (.text:_ti_sysbios_knl_Semaphore_Instance_finalize__E)
                  0008a5b7    00000008     CookieProject_p28FP.o28FP (.text:_xdc_runtime_IHeap_alloc)
                  0008a5bf    00000008     ti.targets.rts2800.a28FP : Memory.o28FP (.text:_xdc_runtime_Memory_calloc__E)
                  0008a5c7    00000008                              : SysMin.o28FP (.text:_xdc_runtime_SysMin_ready__E)
                  0008a5cf    00000008     rts2800_fpu32.lib : strlen.c.obj (.text)
                  0008a5d7    00000007     CookieProject_p28FP.o28FP (.text:.bootCodeSection:_ti_catalog_c2800_initF2837x_Boot_initStartup)
                  0008a5de    00000007     sysbios.a28FP : BIOS.obj (.text:_ti_sysbios_knl_Queue_empty__E)
                  0008a5e5    00000007     ti.targets.rts2800.a28FP : HeapStd.o28FP (.text:_xdc_runtime_HeapStd_getStats__E)
                  0008a5ec    00000007     CookieProject_p28FP.o28FP (.text:_xdc_runtime_System_aprintf__E)
                  0008a5f3    00000007     CookieProject_p28FP.o28FP (.text:_xdc_runtime_System_printf__E)
                  0008a5fa    00000007     rts2800_fpu32.lib : memset.c.obj (.text)
                  0008a601    00000006     sysbios.a28FP : BIOS.obj (.text:_ti_sysbios_BIOS_start__E)
                  0008a607    00000006                   : c28_IntrinsicsSupport_asm.obj (.text:_ti_sysbios_family_c28_IntrinsicsSupport_maxbit__E)
                  0008a60d    00000006                   : BIOS.obj (.text:_ti_sysbios_knl_Swi_disable__E)
                  0008a613    00000006                   : BIOS.obj (.text:_ti_sysbios_knl_Task_disable__E)
                  0008a619    00000006     ti.targets.rts2800.a28FP : Gate.o28FP (.text:_xdc_runtime_Gate_enterSystem__E)
                  0008a61f    00000006                              : Gate.o28FP (.text:_xdc_runtime_Gate_leaveSystem__E)
                  0008a625    00000006                              : LoggerBuf.o28FP (.text:_xdc_runtime_LoggerBuf_enable__E)
                  0008a62b    00000005     sysbios.a28FP : BIOS.obj (.text:_ti_sysbios_family_c28_Hwi_switchFromBootStack__E)
                  0008a630    00000005                   : BIOS.obj (.text:_ti_sysbios_gates_GateHwi_enter__E)
                  0008a635    00000005     ti.targets.rts2800.a28FP : LoggerBuf.o28FP (.text:_xdc_runtime_LoggerBuf_disable__E)
                  0008a63a    00000004     CookieProject_p28FP.o28FP (.text:_ti_sysbios_family_c28_Hwi_startup__E)
                  0008a63e    00000004     sysbios.a28FP : BIOS.obj (.text:_ti_sysbios_knl_Swi_startup__E)
                  0008a642    00000004     CookieProject_p28FP.o28FP (.text:_xdc_runtime_IHeap_free)
                  0008a646    00000004     ti.targets.rts2800.a28FP : Memory.o28FP (.text:_xdc_runtime_Memory_getMaxDefaultTypeAlign__E)
                  0008a64a    00000004                              : Startup.o28FP (.text:_xdc_runtime_Startup_rtsDone__E)
                  0008a64e    00000003     CookieProject_p28FP.o28FP (.text:.bootCodeSection:_ti_catalog_c2800_initF2837x_Boot_limpAbort)
                  0008a651    00000003     ti.targets.rts2800.a28FP : xdc_noinit.o28FP (.text:___xdc__init)
                  0008a654    00000003     CookieProject_p28FP.o28FP (.text:_ti_sysbios_BIOS_RtsGateProxy_enter__E)
                  0008a657    00000003     CookieProject_p28FP.o28FP (.text:_ti_sysbios_BIOS_RtsGateProxy_leave__E)
                  0008a65a    00000003     sysbios.a28FP : BIOS.obj (.text:_ti_sysbios_gates_GateHwi_leave__E)
                  0008a65d    00000003     CookieProject_p28FP.o28FP (.text:_ti_sysbios_hal_Hwi_HwiProxy_getStackInfo__E)
                  0008a660    00000003     CookieProject_p28FP.o28FP (.text:_ti_sysbios_hal_Hwi_HwiProxy_switchFromBootStack__E)
                  0008a663    00000003     sysbios.a28FP : BIOS.obj (.text:_ti_sysbios_hal_Hwi_startup__E)
                  0008a666    00000003     CookieProject_p28FP.o28FP (.text:_ti_sysbios_knl_Clock_TimerProxy_getMaxTicks__E)
                  0008a669    00000003     sysbios.a28FP : BIOS.obj (.text:_ti_sysbios_knl_Idle_loop__E)
                  0008a66c    00000003                   : BIOS.obj (.text:_ti_sysbios_knl_Queue_Instance_init__E)
                  0008a66f    00000003     CookieProject_p28FP.o28FP (.text:_ti_sysbios_knl_Task_SupportProxy_checkStack__E)
                  0008a672    00000003     CookieProject_p28FP.o28FP (.text:_ti_sysbios_knl_Task_SupportProxy_swap__E)
                  0008a675    00000003     sysbios.a28FP : BIOS.obj (.text:_ti_sysbios_knl_Task_startup__E)
                  0008a678    00000003     CookieProject_p28FP.o28FP (.text:_xdc_runtime_LoggerBuf_Module_GateProxy_enter__E)
                  0008a67b    00000003     CookieProject_p28FP.o28FP (.text:_xdc_runtime_LoggerBuf_Module_GateProxy_leave__E)
                  0008a67e    00000003     CookieProject_p28FP.o28FP (.text:_xdc_runtime_LoggerBuf_TimestampProxy_get64__E)
                  0008a681    00000003     CookieProject_p28FP.o28FP (.text:_xdc_runtime_System_Module_GateProxy_enter__E)
                  0008a684    00000003     CookieProject_p28FP.o28FP (.text:_xdc_runtime_System_Module_GateProxy_leave__E)
                  0008a687    00000003     ti.targets.rts2800.a28FP : System.o28FP (.text:_xdc_runtime_System_Module_startup__E)
                  0008a68a    00000003     CookieProject_p28FP.o28FP (.text:_xdc_runtime_System_SupportProxy_abort__E)
                  0008a68d    00000003     CookieProject_p28FP.o28FP (.text:_xdc_runtime_System_SupportProxy_exit__E)
                  0008a690    00000003     CookieProject_p28FP.o28FP (.text:_xdc_runtime_System_SupportProxy_putch__E)
                  0008a693    00000003     CookieProject_p28FP.o28FP (.text:_xdc_runtime_System_SupportProxy_ready__E)
                  0008a696    00000003     ti.targets.rts2800.a28FP : System.o28FP (.text:_xdc_runtime_System_abortStd__E)
                  0008a699    00000003                              : System.o28FP (.text:_xdc_runtime_System_exitStd__E)
                  0008a69c    00000003     CookieProject_p28FP.o28FP (.text:_xdc_runtime_Text_visitRope__I)
                  0008a69f    00000002     CookieProject_p28FP.o28FP (.text:_malloc)
                  0008a6a1    00000002     CookieProject_p28FP.o28FP (.text:_ti_sysbios_family_c28_TaskSupport_Module__startupDone__S)
                  0008a6a3    00000002     sysbios.a28FP : BIOS.obj (.text:_ti_sysbios_family_c28_Timer_getMaxTicks__E)
                  0008a6a5    00000002                   : BIOS.obj (.text:_ti_sysbios_gates_GateHwi_query__E)
                  0008a6a7    00000002     ti.targets.rts2800.a28FP : Error.o28FP (.text:_xdc_runtime_Error_getSite__E)
                  0008a6a9    00000002                              : HeapStd.o28FP (.text:_xdc_runtime_HeapStd_isBlocking__E)
                  0008a6ab    00000002     rts2800_fpu32.lib : pre_init.c.obj (.text)
                  0008a6ad    00000001     CookieProject_p28FP.o28FP (.text:_free)
                  0008a6ae    00000001     Boot.a28FP : Boot.o28FP (.text:_ti_catalog_c2800_initF2837x_Boot_defaultLimpAbortFunction)
                  0008a6af    00000001     sysbios.a28FP : BIOS.obj (.text:_ti_sysbios_BIOS_linkedWithIncorrectBootLibrary__E)
                  0008a6b0    00000001     CookieProject_p28FP.o28FP (.text:_ti_sysbios_BIOS_nullFunc__I)
                  0008a6b1    00000001     sysbios.a28FP : c28_Hwi_asm.obj (.text:_ti_sysbios_family_c28_Hwi_interruptReturn__I)
                  0008a6b2    00000001                   : BIOS.obj (.text:_ti_sysbios_gates_GateHwi_Instance_init__E)
                  0008a6b3    00000001                   : BIOS.obj (.text:_ti_sysbios_knl_Clock_logTick__E)
                  0008a6b4    00000001     rts2800_fpu32.lib : startup.c.obj (.text)

ramfuncs   1    00008000    00000000     UNINITIALIZED

.stack     1    00000122    00000100     UNINITIALIZED
                  00000122    00000100     --HOLE--

.ebss      1    00008000    00000a8c     UNINITIALIZED
                  00008000    00000300     CookieProject_p28FP.o28FP (.ebss:taskStackSection)
                  00008300    000001c0     CookieProject_p28FP.o28FP (.ebss:_ti_sysbios_family_c28_Hwi_Module_State_0_dispatchTable__A)
                  000084c0    0000011a     Messages.obj (.ebss:_messagesdown)
                  000085da    00000026     main.obj (.ebss)
                  00008600    0000011a     Messages.obj (.ebss:_messagesup)
                  0000871a    00000019     main.obj (.ebss:_rxBBuffer)
                  00008733    00000008     rts2800_fpu32.lib : hostopen.c.obj (.ebss:_parmbuf)
                  0000873b    00000001     --HOLE--
                  0000873c    00000002                       : _lock.c.obj (.ebss:__lock)
                  0000873e    00000002                       : _lock.c.obj (.ebss:__unlock)
                  00008740    00000080     CookieProject_p28FP.o28FP (.ebss:_xdc_runtime_SysMin_Module_State_0_outbuf__A)
                  000087c0    0000007e     CookieProject_p28FP.o28FP (.ebss:_ti_sysbios_knl_Task_Object__table__V)
                  0000883e    00000002     CookieProject_p28FP.o28FP (.ebss:_ti_sysbios_gates_GateHwi_Object__table__V)
                  00008840    00000050     CookieProject_p28FP.o28FP (.ebss)
                  00008890    00000019     main.obj (.ebss:_rxCBuffer)
                  000088a9    00000001     --HOLE--
                  000088aa    00000014     CookieProject_p28FP.o28FP (.ebss:_ti_sysbios_knl_Semaphore_Object__table__V)
                  000088be    00000002     CookieProject_p28FP.o28FP (.ebss:_ti_sysbios_knl_Task_Module_State_0_idleTask__A)
                  000088c0    00000048     CookieProject_p28FP.o28FP (.ebss:_ti_sysbios_family_c28_Timer_Object__table__V)
                  00008908    00000012     CookieProject_p28FP.o28FP (.ebss:_xdc_runtime_LoggerBuf_Object__table__V)
                  0000891a    0000000e     main.obj (.ebss:_Buffer)
                  00008928    0000000e     CookieProject_p28FP.o28FP (.ebss:_ti_sysbios_gates_GateMutex_Object__table__V)
                  00008936    00000008     CookieProject_p28FP.o28FP (.ebss:_xdc_runtime_System_Module_State_0_atexitHandlers__A)
                  0000893e    00000002     --HOLE--
                  00008940    00000040     CookieProject_p28FP.o28FP (.ebss:_ti_sysbios_family_c28_Hwi_Object__table__V)
                  00008980    00000040     CookieProject_p28FP.o28FP (.ebss:_ti_sysbios_knl_Swi_Module_State_0_readyQ__A)
                  000089c0    00000040     CookieProject_p28FP.o28FP (.ebss:_ti_sysbios_knl_Task_Module_State_0_readyQ__A)
                  00008a00    00000040     CookieProject_p28FP.o28FP (.ebss:_xdc_runtime_LoggerBuf_Instance_State_0_entryArr__A)
                  00008a40    0000003c     CookieProject_p28FP.o28FP (.ebss:_ti_sysbios_knl_Swi_Object__table__V)
                  00008a7c    00000004     --HOLE--
                  00008a80    00000006     CookieProject_p28FP.o28FP (.ebss:_xdc_runtime_HeapStd_Object__table__V)
                  00008a86    00000006     rts2800_fpu32.lib : exit.c.obj (.ebss)

.data      1    00000222    00000088     UNINITIALIZED
                  00000222    00000016     CookieProject_p28FP.o28FP (.data:ti_sysbios_knl_Clock_Module__state__V)
                  00000238    00000008     CookieProject_p28FP.o28FP (.data:ti_sysbios_family_c28_Timer_Module__state__V)
                  00000240    00000020     CookieProject_p28FP.o28FP (.data:ti_sysbios_knl_Task_Module__state__V)
[...]
0     0008c732  _xdc_runtime_Core_Module__diagsEnabled__C                 
0     0008c734  _xdc_runtime_Core_Module__diagsIncluded__C                
0     0008c736  _xdc_runtime_Core_Module__diagsMask__C                    
0     0008c738  _xdc_runtime_Error_E_memory__C                            
0     0008c73a  _xdc_runtime_Error_policyFxn__C                           
0     0008c73c  _xdc_runtime_Error_raiseHook__C                           
0     0008c73e  _xdc_runtime_HeapStd_A_align__C                           
0     0008c740  _xdc_runtime_HeapStd_A_invalidTotalFreeSize__C            
0     0008c742  _xdc_runtime_HeapStd_A_zeroSize__C                        
0     0008c744  _xdc_runtime_HeapStd_E_noRTSMemory__C                     
0     0008c746  _xdc_runtime_HeapStd_Module__diagsEnabled__C              
0     0008c748  _xdc_runtime_HeapStd_Module__diagsIncluded__C             
0     0008c74a  _xdc_runtime_HeapStd_Module__diagsMask__C                 
0     0008c74c  _xdc_runtime_IFilterLogger_Interface__BASE__C             
0     0008c74e  _xdc_runtime_IGateProvider_Interface__BASE__C             
0     0008c750  _xdc_runtime_IHeap_Interface__BASE__C                     
0     0008c752  _xdc_runtime_ILogger_Interface__BASE__C                   
0     0008c754  _xdc_runtime_IModule_Interface__BASE__C                   
0     0008c756  _xdc_runtime_LoggerBuf_E_badLevel__C                      
0     0008c758  _xdc_runtime_LoggerBuf_Module__gateObj__C                 
0     0008c75a  _xdc_runtime_LoggerBuf_statusLogger__C                    
0     0008c75c  _xdc_runtime_Memory_defaultHeapInstance__C                
0     0008c75e  _xdc_runtime_Startup_execImpl__C                          
0     0008c760  _xdc_runtime_Startup_sfxnRts__C                           
0     0008c762  _xdc_runtime_Startup_sfxnTab__C                           
0     0008c764  _xdc_runtime_SysMin_bufSize__C                            
0     0008c766  _xdc_runtime_SysMin_outputFunc__C                         
0     0008c768  _xdc_runtime_System_Module__gateObj__C                    
0     0008c76a  _xdc_runtime_System_abortFxn__C                           
0     0008c76c  _xdc_runtime_System_exitFxn__C                            
0     0008c76e  _xdc_runtime_System_extendFxn__C                          
0     0008c770  _xdc_runtime_Text_charTab__C                              
0     0008c772  _xdc_runtime_Text_nodeTab__A                              
0     0008c774  _xdc_runtime_Text_visitRopeFxn__C                         
0     0008c776  _ti_sysbios_knl_Swi_Object__count__C                      
0     0008c777  _ti_sysbios_knl_Task_Module__id__C                        
0     0008c778  _ti_sysbios_knl_Task_Object__count__C                     
0     0008c779  _ti_sysbios_knl_Task_numConstructedTasks__C               
0     0008c77a  _xdc_runtime_Core_Module__id__C                           
0     0008c77b  _xdc_runtime_Error_Module__loggerDefined__C               
0     0008c77c  _xdc_runtime_Error_maxDepth__C                            
0     0008c77d  _xdc_runtime_Error_policy__C                              
0     0008c77e  _xdc_runtime_HeapStd_Module__id__C                        
0     0008c77f  _xdc_runtime_LoggerBuf_Module__id__C                      
0     0008c780  _xdc_runtime_LoggerBuf_Object__count__C                   
0     0008c781  _xdc_runtime_LoggerBuf_filterByLevel__C                   
0     0008c782  _xdc_runtime_Memory_Module__id__C                         
0     0008c783  _xdc_runtime_Startup_maxPasses__C                         
0     0008c784  _xdc_runtime_SysMin_flushAtExit__C                        
0     0008c785  _xdc_runtime_System_maxAtexitHandlers__C                  
0     0008c786  _xdc_runtime_Text_charTab__A                              
0     0008c787  _xdc_runtime_Text_isLoaded__C                             
0     0008c788  _xdc_runtime_Text_registryModsLastId__C                   
0     0008c789  _xdc_runtime_Text_unnamedModsLastId__C                    
1     00000122  __stack                                                   
1     00000222  .data                                                     
1     00000222  __STACK_END                                               
1     00000222  ___data__                                                 
1     00000222  _ti_sysbios_knl_Clock_Module__state__V                    
1     00000238  _ti_sysbios_family_c28_Timer_Module__state__V             
1     00000240  _ti_sysbios_knl_Task_Module__state__V                     
1     00000260  _ti_sysbios_BIOS_Module__state__V                         
1     00000272  _ti_sysbios_knl_Swi_Module__state__V                      
1     0000027e  _xdc_runtime_HeapStd_Module__state__V                     
1     00000280  _ti_sysbios_family_c28_Hwi_Module__state__V               
1     00000290  _xdc_runtime_Registry_Module__state__V                    
1     00000294  _xdc_runtime_Startup_Module__state__V                     
1     00000298  _xdc_runtime_SysMin_Module__state__V                      
1     0000029c  _xdc_runtime_System_Module__state__V                      
1     000002a0  _xdc_runtime_Text_Module__state__V                        
1     000002a4  _xdc_runtime_LoggerBuf_Module__state__V                   
1     000002a7  _xdc_runtime_Error_Module__state__V                       
1     000002a8  _xdc_runtime_Memory_Module__state__V                      
1     000002aa  ___edata__                                                
1     000002aa  edata                                                     
1     00000b00  _AdcaResultRegs                                           
1     00000b20  _AdcbResultRegs                                           
1     00000b40  _AdccResultRegs                                           
1     00000b60  _AdcdResultRegs                                           
1     00000c00  _CpuTimer0Regs                                            
1     00000c08  _CpuTimer1Regs                                            
1     00000c10  _CpuTimer2Regs                                            
1     00000ce0  _PieCtrlRegs                                              
1     00001000  _DmaRegs                                                  
1     00001400  _Cla1Regs                                                 
1     00003000  _Clb1LogicCfgRegs                                         
1     00003100  _Clb1LogicCtrlRegs                                        
1     00003200  _Clb1DataExchRegs                                         
1     00003400  _Clb2LogicCfgRegs                                         
1     00003500  _Clb2LogicCtrlRegs                                        
1     00003600  _Clb2DataExchRegs                                         
1     00003800  _Clb3LogicCfgRegs                                         
1     00003900  _Clb3LogicCtrlRegs                                        
1     00003a00  _Clb3DataExchRegs                                         
1     00003c00  _Clb4LogicCfgRegs                                         
1     00003d00  _Clb4LogicCtrlRegs                                        
1     00003e00  _Clb4DataExchRegs                                         
1     00004000  _EPwm1Regs                                                
1     00004100  _EPwm2Regs                                                
1     00004200  _EPwm3Regs                                                
1     00004300  _EPwm4Regs                                                
1     00004400  _EPwm5Regs                                                
1     00004500  _EPwm6Regs                                                
1     00004600  _EPwm7Regs                                                
1     00004700  _EPwm8Regs                                                
1     00004800  _EPwm9Regs                                                
1     00004900  _EPwm10Regs                                               
1     00004a00  _EPwm11Regs                                               
1     00004b00  _EPwm12Regs                                               
1     00005000  _ECap1Regs                                                
1     00005020  _ECap2Regs                                                
1     00005040  _ECap3Regs                                                
1     00005060  _ECap4Regs                                                
1     00005080  _ECap5Regs                                                
1     000050a0  _ECap6Regs                                                
1     00005100  _EQep1Regs                                                
1     00005140  _EQep2Regs                                                
1     00005180  _EQep3Regs                                                
1     00005c00  _DacaRegs                                                 
1     00005c10  _DacbRegs                                                 
1     00005c20  _DaccRegs                                                 
1     00005c80  _Cmpss1Regs                                               
1     00005ca0  _Cmpss2Regs                                               
1     00005cc0  _Cmpss3Regs                                               
1     00005ce0  _Cmpss4Regs                                               
1     00005d00  _Cmpss5Regs                                               
1     00005d20  _Cmpss6Regs                                               
1     00005d40  _Cmpss7Regs                                               
1     00005d60  _Cmpss8Regs                                               
1     00005e00  _Sdfm1Regs                                                
1     00005e80  _Sdfm2Regs                                                
1     00006000  _McbspaRegs                                               
1     00006040  _McbspbRegs                                               
1     00006100  _SpiaRegs                                                 
1     00006110  _SpibRegs                                                 
1     00006120  _SpicRegs                                                 
1     00006200  _UppRegs                                                  
1     00007000  _WdRegs                                                   
1     00007060  _NmiIntruptRegs                                           
1     00007070  _XintRegs                                                 
1     00007200  _SciaRegs                                                 
1     00007210  _ScibRegs                                                 
1     00007220  _ScicRegs                                                 
1     00007230  _ScidRegs                                                 
1     00007300  _I2caRegs                                                 
1     00007340  _I2cbRegs                                                 
1     00007400  _AdcaRegs                                                 
1     00007480  _AdcbRegs                                                 
1     00007500  _AdccRegs                                                 
1     00007580  _AdcdRegs                                                 
1     00007900  _InputXbarRegs                                            
1     00007920  _XbarRegs                                                 
1     00007940  _SyncSocRegs                                              
1     00007980  _DmaClaSrcSelRegs                                         
1     00007a00  _EPwmXbarRegs                                             
1     00007a40  _ClbXbarRegs                                              
1     00007a80  _OutputXbarRegs                                           
1     00007c00  _GpioCtrlRegs                                             
1     00007f00  _GpioDataRegs                                             
1     00008000  _RamfuncsLoadEnd                                          
1     00008000  _RamfuncsLoadStart                                        
1     00008000  _RamfuncsRunEnd                                           
1     00008000  _RamfuncsRunStart                                         
1     00008000  _ti_sysbios_knl_Task_Instance_State_0_stack__A            
1     00008100  _ti_sysbios_knl_Task_Instance_State_1_stack__A            
1     00008200  _ti_sysbios_knl_Task_Instance_State_2_stack__A            
1     00008300  _ti_sysbios_family_c28_Hwi_Module_State_0_dispatchTable__A
1     000084c0  _messagesdown                                             
1     000085da  _LEDFlag                                                  
1     000085db  _gotCookie                                                
1     000085dc  _yes_please                                               
1     000085dd  _no_thanks                                                
1     000085de  _up                                                       
1     000085df  _down                                                     
1     000085e0  _got_cookie                                               
1     000085e1  _stage1                                                   
1     000085e2  _stage2                                                   
1     000085e3  _stage3                                                   
1     000085e4  _stage4                                                   
1     000085e5  _stage5                                                   
1     000085e6  _tickCount                                                
1     000085e7  _the_x                                                    
1     000085e8  _previous_value                                           
1     000085e9  _stage_timer1                                             
1     000085ea  _stage_timer2                                             
1     000085eb  _stage_timer3                                             
1     000085ec  _stage_timer4                                             
1     000085ed  _time_2_pick                                              
1     000085ee  _RXBufptr                                                 
1     000085f0  _RXCBufptr                                                
1     00008600  _messagesup                                               
1     0000871a  _rxBBuffer                                                
1     00008733  _parmbuf                                                  
1     0000873c  __lock                                                    
1     0000873e  __unlock                                                  
1     00008740  _xdc_runtime_SysMin_Module_State_0_outbuf__A              
1     000087c0  _ti_sysbios_knl_Task_Object__table__V                     
1     0000883e  _ti_sysbios_gates_GateHwi_Object__table__V                
1     00008840  ___xdc__init__addr                                        
1     00008842  _ti_sysbios_family_c28_Hwi_Module__root__V                
1     00008846  _ti_sysbios_family_c28_Timer_Module__root__V              
1     0000884a  _ti_sysbios_gates_GateHwi_Module__root__V                 
1     0000884e  _ti_sysbios_gates_GateMutex_Module__root__V               
1     00008852  _ti_sysbios_hal_Hwi_Module__root__V                       
1     00008856  _ti_sysbios_hal_Timer_Module__root__V                     
1     0000885a  _ti_sysbios_knl_Clock_Module__root__V                     
1     0000885e  _ti_sysbios_knl_Queue_Module__root__V                     
1     00008862  _ti_sysbios_knl_Semaphore_Module__root__V                 
1     00008866  _ti_sysbios_knl_Swi_Module__root__V                       
1     0000886a  _ti_sysbios_knl_Task_Module__root__V                      
1     0000886e  _xdc_runtime_HeapStd_Module__root__V                      
1     00008872  _xdc_runtime_LoggerBuf_Module__root__V                    
1     00008880  _xdc_runtime_Error_IgnoreBlock                            
1     00008890  _rxCBuffer                                                
1     000088aa  _ti_sysbios_knl_Semaphore_Object__table__V                
1     000088be  _ti_sysbios_knl_Task_Module_State_0_idleTask__A           
1     000088c0  _ti_sysbios_family_c28_Timer_Object__table__V             
1     00008908  _xdc_runtime_LoggerBuf_Object__table__V                   
1     0000891a  _Buffer                                                   
1     00008928  _ti_sysbios_gates_GateMutex_Object__table__V              
1     00008936  _xdc_runtime_System_Module_State_0_atexitHandlers__A      
1     00008940  _ti_sysbios_family_c28_Hwi_Object__table__V               
1     00008980  _ti_sysbios_knl_Swi_Module_State_0_readyQ__A              
1     000089c0  _ti_sysbios_knl_Task_Module_State_0_readyQ__A             
1     00008a00  _xdc_runtime_LoggerBuf_Instance_State_0_entryArr__A       
1     00008a40  _ti_sysbios_knl_Swi_Object__table__V                      
1     00008a80  _xdc_runtime_HeapStd_Object__table__V                     
1     00008a86  ___TI_enable_exit_profile_output                          
1     00008a88  ___TI_cleanup_ptr                                         
1     00008a8a  ___TI_dtors_ptr                                           
1     00008ac0  __CIOBUF_                                                 
1     00047000  _Emif1Regs                                                
1     00047800  _Emif2Regs                                                
1     00048000  _CanaRegs                                                 
1     0004a000  _CanbRegs                                                 
1     00050000  _IpcRegs                                                  
1     00050024  _FlashPumpSemaphoreRegs                                   
1     0005d000  _DevCfgRegs                                               
1     0005d180  _AnalogSubsysRegs                                         
1     0005d200  _ClkCfgRegs                                               
1     0005d300  _CpuSysRegs                                               
1     0005e608  _RomPrefetchRegs                                          
1     0005f000  _DcsmZ1Regs                                               
1     0005f040  _DcsmZ2Regs                                               
1     0005f070  _DcsmCommonRegs                                           
1     0005f400  _MemCfgRegs                                               
1     0005f480  _Emif1ConfigRegs                                          
1     0005f4a0  _Emif2ConfigRegs                                          
1     0005f4c0  _AccessProtectionRegs                                     
1     0005f500  _MemoryErrorRegs                                          
1     0005f540  _RomWaitStateRegs                                         
1     0005f800  _Flash0CtrlRegs                                           
1     0005fb00  _Flash0EccRegs                                            
abs   00000000  _RamfuncsLoadSize                                         
abs   00000000  _RamfuncsRunSize                                          
abs   00000001  _xdc_rov_runtime_Mon__checksum                            
abs   00000001  _xdc_rov_runtime_Mon__write                               
abs   00000001  _xdc_runtime_Startup__EXECFXN__C                          
abs   00000001  _xdc_runtime_Startup__RESETFXN__C                         
abs   00000100  __STACK_SIZE                                              
abs   ffffffff  ___TI_pprof_out_hndl                                      
abs   ffffffff  ___TI_prof_data_size                                      
abs   ffffffff  ___TI_prof_data_start                                     
abs   ffffffff  ___c_args__                                               
abs   ffffffff  ___pinit__                                                
abs   ffffffff  pinit                                                     

[645 symbols]
