<?xml version="1.0" encoding="ISO-8859-1" ?>
<link_info>
   <banner>TMS320C2000 Linker PC v20.2.5.LTS</banner>
   <copyright>Copyright (c) 1996-2018 Texas Instruments Incorporated</copyright>
   <link_time>0x67365d7b</link_time>
   <link_errors>0x0</link_errors>
   <output_file>CookieProject.out</output_file>
   <entry_point>
      <name>_c_int00</name>
      <address>0x892e9</address>
   </entry_point>
   <input_file_list>
      <input_file id="fl-2">
         <path>.\</path>
         <kind>object</kind>
         <file>CookieProject_DevInit.obj</file>
         <name>CookieProject_DevInit.obj</name>
      </input_file>
      <input_file id="fl-3">
         <path>.\</path>
         <kind>object</kind>
         <file>DelayUs.obj</file>
         <name>DelayUs.obj</name>
      </input_file>
      <input_file id="fl-4">
         <path>.\</path>
         <kind>object</kind>
         <file>F2837xD_GlobalVariableDefs.obj</file>
         <name>F2837xD_GlobalVariableDefs.obj</name>
      </input_file>
      <input_file id="fl-5">
         <path>.\</path>
         <kind>object</kind>
         <file>Messages.obj</file>
         <name>Messages.obj</name>
      </input_file>
      <input_file id="fl-6">
         <path>.\</path>
         <kind>object</kind>
         <file>SCI_Fxns.obj</file>
         <name>SCI_Fxns.obj</name>
      </input_file>
      <input_file id="fl-7">
         <path>.\</path>
         <kind>object</kind>
         <file>main.obj</file>
         <name>main.obj</name>
      </input_file>
      <input_file id="fl-b">
         <path>C:\7820\CookieProject\Debug\configPkg\package\cfg\</path>
         <kind>object</kind>
         <file>CookieProject_p28FP.o28FP</file>
         <name>CookieProject_p28FP.o28FP</name>
      </input_file>
      <input_file id="fl-12">
         <kind>object</kind>
         <file>&lt;internal&gt;</file>
         <name>&lt;internal&gt;</name>
      </input_file>
      <input_file id="fl-13">
         <path>C:\7820\CookieProject\src\sysbios\</path>
         <kind>archive</kind>
         <file>sysbios.a28FP</file>
         <name>BIOS.obj</name>
      </input_file>
      <input_file id="fl-14">
         <path>C:\7820\CookieProject\src\sysbios\</path>
         <kind>archive</kind>
         <file>sysbios.a28FP</file>
         <name>c28_Hwi_asm.obj</name>
      </input_file>
      <input_file id="fl-15">
         <path>C:\7820\CookieProject\src\sysbios\</path>
         <kind>archive</kind>
         <file>sysbios.a28FP</file>
         <name>c28_Hwi_disp_asm.obj</name>
      </input_file>
      <input_file id="fl-16">
         <path>C:\7820\CookieProject\src\sysbios\</path>
         <kind>archive</kind>
         <file>sysbios.a28FP</file>
         <name>c28_IntrinsicsSupport_asm.obj</name>
      </input_file>
      <input_file id="fl-17">
         <path>C:\7820\CookieProject\src\sysbios\</path>
         <kind>archive</kind>
         <file>sysbios.a28FP</file>
         <name>c28_TaskSupport_asm.obj</name>
      </input_file>
      <input_file id="fl-18">
         <path>C:\ti\bios_6_83_00_18\packages\ti\targets\rts2800\lib\</path>
         <kind>archive</kind>
         <file>ti.targets.rts2800.a28FP</file>
         <name>Assert.o28FP</name>
      </input_file>
      <input_file id="fl-19">
         <path>C:\ti\bios_6_83_00_18\packages\ti\targets\rts2800\lib\</path>
         <kind>archive</kind>
         <file>ti.targets.rts2800.a28FP</file>
         <name>Core-mem.o28FP</name>
      </input_file>
      <input_file id="fl-1a">
         <path>C:\ti\bios_6_83_00_18\packages\ti\targets\rts2800\lib\</path>
         <kind>archive</kind>
         <file>ti.targets.rts2800.a28FP</file>
         <name>Core-smem.o28FP</name>
      </input_file>
      <input_file id="fl-1b">
         <path>C:\ti\bios_6_83_00_18\packages\ti\targets\rts2800\lib\</path>
         <kind>archive</kind>
         <file>ti.targets.rts2800.a28FP</file>
         <name>Core-params.o28FP</name>
      </input_file>
      <input_file id="fl-1c">
         <path>C:\ti\bios_6_83_00_18\packages\ti\targets\rts2800\lib\</path>
         <kind>archive</kind>
         <file>ti.targets.rts2800.a28FP</file>
         <name>Error.o28FP</name>
      </input_file>
      <input_file id="fl-1d">
         <path>C:\ti\bios_6_83_00_18\packages\ti\targets\rts2800\lib\</path>
         <kind>archive</kind>
         <file>ti.targets.rts2800.a28FP</file>
         <name>Gate.o28FP</name>
      </input_file>
      <input_file id="fl-1e">
         <path>C:\ti\bios_6_83_00_18\packages\ti\targets\rts2800\lib\</path>
         <kind>archive</kind>
         <file>ti.targets.rts2800.a28FP</file>
         <name>HeapStd.o28FP</name>
      </input_file>
      <input_file id="fl-1f">
         <path>C:\ti\bios_6_83_00_18\packages\ti\targets\rts2800\lib\</path>
         <kind>archive</kind>
         <file>ti.targets.rts2800.a28FP</file>
         <name>LoggerBuf.o28FP</name>
      </input_file>
      <input_file id="fl-20">
         <path>C:\ti\bios_6_83_00_18\packages\ti\targets\rts2800\lib\</path>
         <kind>archive</kind>
         <file>ti.targets.rts2800.a28FP</file>
         <name>Memory.o28FP</name>
      </input_file>
      <input_file id="fl-21">
         <path>C:\ti\bios_6_83_00_18\packages\ti\targets\rts2800\lib\</path>
         <kind>archive</kind>
         <file>ti.targets.rts2800.a28FP</file>
         <name>Startup.o28FP</name>
      </input_file>
      <input_file id="fl-22">
         <path>C:\ti\bios_6_83_00_18\packages\ti\targets\rts2800\lib\</path>
         <kind>archive</kind>
         <file>ti.targets.rts2800.a28FP</file>
         <name>System.o28FP</name>
      </input_file>
      <input_file id="fl-23">
         <path>C:\ti\bios_6_83_00_18\packages\ti\targets\rts2800\lib\</path>
         <kind>archive</kind>
         <file>ti.targets.rts2800.a28FP</file>
         <name>SysMin.o28FP</name>
      </input_file>
      <input_file id="fl-24">
         <path>C:\ti\bios_6_83_00_18\packages\ti\targets\rts2800\lib\</path>
         <kind>archive</kind>
         <file>ti.targets.rts2800.a28FP</file>
         <name>Text.o28FP</name>
      </input_file>
      <input_file id="fl-25">
         <path>C:\ti\bios_6_83_00_18\packages\ti\targets\rts2800\lib\</path>
         <kind>archive</kind>
         <file>ti.targets.rts2800.a28FP</file>
         <name>xdc_noinit.o28FP</name>
      </input_file>
      <input_file id="fl-26">
         <path>C:\ti\bios_6_83_00_18\packages\ti\targets\rts2800\lib\</path>
         <kind>archive</kind>
         <file>ti.targets.rts2800.a28FP</file>
         <name>Log.o28FP</name>
      </input_file>
      <input_file id="fl-27">
         <path>C:\ti\bios_6_83_00_18\packages\ti\targets\rts2800\lib\</path>
         <kind>archive</kind>
         <file>ti.targets.rts2800.a28FP</file>
         <name>Registry.o28FP</name>
      </input_file>
      <input_file id="fl-28">
         <path>C:\ti\bios_6_83_00_18\packages\ti\targets\rts2800\lib\</path>
         <kind>archive</kind>
         <file>boot.a28FP</file>
         <name>boot_cg.o28FP</name>
      </input_file>
      <input_file id="fl-29">
         <path>C:\ti\bios_6_83_00_18\packages\ti\catalog\c2800\initF2837x\lib\</path>
         <kind>archive</kind>
         <file>Boot.a28FP</file>
         <name>Boot.o28FP</name>
      </input_file>
      <input_file id="fl-2a">
         <path>C:\ti\bios_6_83_00_18\packages\ti\catalog\c2800\initF2837x\lib\</path>
         <kind>archive</kind>
         <file>Boot.a28FP</file>
         <name>Boot_asm.o28FP</name>
      </input_file>
      <input_file id="fl-36">
         <path>C:\ti\ccs1040\ccs\tools\compiler\ti-cgt-c2000_20.2.5.LTS\lib\</path>
         <kind>archive</kind>
         <file>rts2800_fpu32.lib</file>
         <name>fs_div28.asm.obj</name>
      </input_file>
      <input_file id="fl-37">
         <path>C:\ti\ccs1040\ccs\tools\compiler\ti-cgt-c2000_20.2.5.LTS\lib\</path>
         <kind>archive</kind>
         <file>rts2800_fpu32.lib</file>
         <name>ll_div28.asm.obj</name>
      </input_file>
      <input_file id="fl-38">
         <path>C:\ti\ccs1040\ccs\tools\compiler\ti-cgt-c2000_20.2.5.LTS\lib\</path>
         <kind>archive</kind>
         <file>rts2800_fpu32.lib</file>
         <name>u_div28.asm.obj</name>
      </input_file>
      <input_file id="fl-39">
         <path>C:\ti\ccs1040\ccs\tools\compiler\ti-cgt-c2000_20.2.5.LTS\lib\</path>
         <kind>archive</kind>
         <file>rts2800_fpu32.lib</file>
         <name>cpy_tbl.c.obj</name>
      </input_file>
      <input_file id="fl-3a">
         <path>C:\ti\ccs1040\ccs\tools\compiler\ti-cgt-c2000_20.2.5.LTS\lib\</path>
         <kind>archive</kind>
         <file>rts2800_fpu32.lib</file>
         <name>memcpy.c.obj</name>
      </input_file>
      <input_file id="fl-3b">
         <path>C:\ti\ccs1040\ccs\tools\compiler\ti-cgt-c2000_20.2.5.LTS\lib\</path>
         <kind>archive</kind>
         <file>rts2800_fpu32.lib</file>
         <name>pre_init.c.obj</name>
      </input_file>
      <input_file id="fl-3c">
         <path>C:\ti\ccs1040\ccs\tools\compiler\ti-cgt-c2000_20.2.5.LTS\lib\</path>
         <kind>archive</kind>
         <file>rts2800_fpu32.lib</file>
         <name>startup.c.obj</name>
      </input_file>
      <input_file id="fl-3d">
         <path>C:\ti\ccs1040\ccs\tools\compiler\ti-cgt-c2000_20.2.5.LTS\lib\</path>
         <kind>archive</kind>
         <file>rts2800_fpu32.lib</file>
         <name>exit.c.obj</name>
      </input_file>
      <input_file id="fl-3e">
         <path>C:\ti\ccs1040\ccs\tools\compiler\ti-cgt-c2000_20.2.5.LTS\lib\</path>
         <kind>archive</kind>
         <file>rts2800_fpu32.lib</file>
         <name>_lock.c.obj</name>
      </input_file>
      <input_file id="fl-3f">
         <path>C:\ti\ccs1040\ccs\tools\compiler\ti-cgt-c2000_20.2.5.LTS\lib\</path>
         <kind>archive</kind>
         <file>rts2800_fpu32.lib</file>
         <name>args_main.c.obj</name>
      </input_file>
      <input_file id="fl-40">
         <path>C:\ti\ccs1040\ccs\tools\compiler\ti-cgt-c2000_20.2.5.LTS\lib\</path>
         <kind>archive</kind>
         <file>rts2800_fpu32.lib</file>
         <name>atoi.c.obj</name>
      </input_file>
      <input_file id="fl-41">
         <path>C:\ti\ccs1040\ccs\tools\compiler\ti-cgt-c2000_20.2.5.LTS\lib\</path>
         <kind>archive</kind>
         <file>rts2800_fpu32.lib</file>
         <name>ctype.c.obj</name>
      </input_file>
      <input_file id="fl-42">
         <path>C:\ti\ccs1040\ccs\tools\compiler\ti-cgt-c2000_20.2.5.LTS\lib\</path>
         <kind>archive</kind>
         <file>rts2800_fpu32.lib</file>
         <name>memset.c.obj</name>
      </input_file>
      <input_file id="fl-43">
         <path>C:\ti\ccs1040\ccs\tools\compiler\ti-cgt-c2000_20.2.5.LTS\lib\</path>
         <kind>archive</kind>
         <file>rts2800_fpu32.lib</file>
         <name>strcmp.c.obj</name>
      </input_file>
      <input_file id="fl-44">
         <path>C:\ti\ccs1040\ccs\tools\compiler\ti-cgt-c2000_20.2.5.LTS\lib\</path>
         <kind>archive</kind>
         <file>rts2800_fpu32.lib</file>
         <name>strlen.c.obj</name>
      </input_file>
      <input_file id="fl-45">
         <path>C:\ti\ccs1040\ccs\tools\compiler\ti-cgt-c2000_20.2.5.LTS\lib\</path>
         <kind>archive</kind>
         <file>rts2800_fpu32.lib</file>
         <name>hostwrite.c.obj</name>
      </input_file>
      <input_file id="fl-46">
         <path>C:\ti\ccs1040\ccs\tools\compiler\ti-cgt-c2000_20.2.5.LTS\lib\</path>
         <kind>archive</kind>
         <file>rts2800_fpu32.lib</file>
         <name>trgmsg.c.obj</name>
      </input_file>
      <input_file id="fl-47">
         <path>C:\ti\ccs1040\ccs\tools\compiler\ti-cgt-c2000_20.2.5.LTS\lib\</path>
         <kind>archive</kind>
         <file>rts2800_fpu32.lib</file>
         <name>hostopen.c.obj</name>
      </input_file>
   </input_file_list>
   <object_component_list>
      <object_component id="oc-109">
         <name>PieVectTableFile</name>
         <uninitialized>true</uninitialized>
         <run_address>0xd00</run_address>
         <size>0x1c0</size>
         <input_file_ref idref="fl-4"/>
      </object_component>
      <object_component id="oc-d9">
         <name>AccessProtectionRegsFile</name>
         <uninitialized>true</uninitialized>
         <run_address>0x5f4c0</run_address>
         <size>0x2e</size>
         <input_file_ref idref="fl-4"/>
      </object_component>
      <object_component id="oc-ee">
         <name>AdcaRegsFile</name>
         <uninitialized>true</uninitialized>
         <run_address>0x7400</run_address>
         <size>0x7c</size>
         <input_file_ref idref="fl-4"/>
      </object_component>
      <object_component id="oc-ef">
         <name>AdcbRegsFile</name>
         <uninitialized>true</uninitialized>
         <run_address>0x7480</run_address>
         <size>0x7c</size>
         <input_file_ref idref="fl-4"/>
      </object_component>
      <object_component id="oc-f0">
         <name>AdccRegsFile</name>
         <uninitialized>true</uninitialized>
         <run_address>0x7500</run_address>
         <size>0x7c</size>
         <input_file_ref idref="fl-4"/>
      </object_component>
      <object_component id="oc-f1">
         <name>AdcdRegsFile</name>
         <uninitialized>true</uninitialized>
         <run_address>0x7580</run_address>
         <size>0x7c</size>
         <input_file_ref idref="fl-4"/>
      </object_component>
      <object_component id="oc-b6">
         <name>AdcaResultRegsFile</name>
         <uninitialized>true</uninitialized>
         <run_address>0xb00</run_address>
         <size>0x18</size>
         <input_file_ref idref="fl-4"/>
      </object_component>
      <object_component id="oc-b7">
         <name>AdcbResultRegsFile</name>
         <uninitialized>true</uninitialized>
         <run_address>0xb20</run_address>
         <size>0x18</size>
         <input_file_ref idref="fl-4"/>
      </object_component>
      <object_component id="oc-b8">
         <name>AdccResultRegsFile</name>
         <uninitialized>true</uninitialized>
         <run_address>0xb40</run_address>
         <size>0x18</size>
         <input_file_ref idref="fl-4"/>
      </object_component>
      <object_component id="oc-b9">
         <name>AdcdResultRegsFile</name>
         <uninitialized>true</uninitialized>
         <run_address>0xb60</run_address>
         <size>0x18</size>
         <input_file_ref idref="fl-4"/>
      </object_component>
      <object_component id="oc-dd">
         <name>AnalogSubsysRegsFile</name>
         <uninitialized>true</uninitialized>
         <run_address>0x5d180</run_address>
         <size>0x3e</size>
         <input_file_ref idref="fl-4"/>
      </object_component>
      <object_component id="oc-105">
         <name>CanaRegsFile</name>
         <uninitialized>true</uninitialized>
         <run_address>0x48000</run_address>
         <size>0x164</size>
         <input_file_ref idref="fl-4"/>
      </object_component>
      <object_component id="oc-106">
         <name>CanbRegsFile</name>
         <uninitialized>true</uninitialized>
         <run_address>0x4a000</run_address>
         <size>0x164</size>
         <input_file_ref idref="fl-4"/>
      </object_component>
      <object_component id="oc-de">
         <name>Cla1RegsFile</name>
         <uninitialized>true</uninitialized>
         <run_address>0x1400</run_address>
         <size>0x3e</size>
         <input_file_ref idref="fl-4"/>
      </object_component>
      <object_component id="oc-100">
         <name>Clb1DataExchRegsFile</name>
         <uninitialized>true</uninitialized>
         <run_address>0x3200</run_address>
         <size>0x108</size>
         <input_file_ref idref="fl-4"/>
      </object_component>
      <object_component id="oc-101">
         <name>Clb2DataExchRegsFile</name>
         <uninitialized>true</uninitialized>
         <run_address>0x3600</run_address>
         <size>0x108</size>
         <input_file_ref idref="fl-4"/>
      </object_component>
      <object_component id="oc-102">
         <name>Clb3DataExchRegsFile</name>
         <uninitialized>true</uninitialized>
         <run_address>0x3a00</run_address>
         <size>0x108</size>
         <input_file_ref idref="fl-4"/>
      </object_component>
      <object_component id="oc-103">
         <name>Clb4DataExchRegsFile</name>
         <uninitialized>true</uninitialized>
         <run_address>0x3e00</run_address>
         <size>0x108</size>
         <input_file_ref idref="fl-4"/>
      </object_component>
      <object_component id="oc-df">
         <name>Clb1LogicCfgRegsFile</name>
         <uninitialized>true</uninitialized>
         <run_address>0x3000</run_address>
         <size>0x3e</size>
         <input_file_ref idref="fl-4"/>
      </object_component>
      <object_component id="oc-e0">
         <name>Clb2LogicCfgRegsFile</name>
         <uninitialized>true</uninitialized>
         <run_address>0x3400</run_address>
         <size>0x3e</size>
         <input_file_ref idref="fl-4"/>
      </object_component>
      <object_component id="oc-e1">
         <name>Clb3LogicCfgRegsFile</name>
         <uninitialized>true</uninitialized>
         <run_address>0x3800</run_address>
         <size>0x3e</size>
         <input_file_ref idref="fl-4"/>
      </object_component>
      <object_component id="oc-e2">
         <name>Clb4LogicCfgRegsFile</name>
         <uninitialized>true</uninitialized>
         <run_address>0x3c00</run_address>
         <size>0x3e</size>
         <input_file_ref idref="fl-4"/>
      </object_component>
      <object_component id="oc-e3">
         <name>Clb1LogicCtrlRegsFile</name>
         <uninitialized>true</uninitialized>
         <run_address>0x3100</run_address>
         <size>0x40</size>
         <input_file_ref idref="fl-4"/>
      </object_component>
      <object_component id="oc-e4">
         <name>Clb2LogicCtrlRegsFile</name>
         <uninitialized>true</uninitialized>
         <run_address>0x3500</run_address>
         <size>0x40</size>
         <input_file_ref idref="fl-4"/>
      </object_component>
      <object_component id="oc-e5">
         <name>Clb3LogicCtrlRegsFile</name>
         <uninitialized>true</uninitialized>
         <run_address>0x3900</run_address>
         <size>0x40</size>
         <input_file_ref idref="fl-4"/>
      </object_component>
      <object_component id="oc-e6">
         <name>Clb4LogicCtrlRegsFile</name>
         <uninitialized>true</uninitialized>
         <run_address>0x3d00</run_address>
         <size>0x40</size>
         <input_file_ref idref="fl-4"/>
      </object_component>
      <object_component id="oc-e7">
         <name>ClbXbarRegsFile</name>
         <uninitialized>true</uninitialized>
         <run_address>0x7a40</run_address>
         <size>0x40</size>
         <input_file_ref idref="fl-4"/>
      </object_component>
      <object_component id="oc-db">
         <name>ClkCfgRegsFile</name>
         <uninitialized>true</uninitialized>
         <run_address>0x5d200</run_address>
         <size>0x32</size>
         <input_file_ref idref="fl-4"/>
      </object_component>
      <object_component id="oc-c2">
         <name>Cmpss1RegsFile</name>
         <uninitialized>true</uninitialized>
         <run_address>0x5c80</run_address>
         <size>0x1b</size>
         <input_file_ref idref="fl-4"/>
      </object_component>
      <object_component id="oc-c3">
         <name>Cmpss2RegsFile</name>
         <uninitialized>true</uninitialized>
         <run_address>0x5ca0</run_address>
         <size>0x1b</size>
         <input_file_ref idref="fl-4"/>
      </object_component>
      <object_component id="oc-c4">
         <name>Cmpss3RegsFile</name>
         <uninitialized>true</uninitialized>
         <run_address>0x5cc0</run_address>
         <size>0x1b</size>
         <input_file_ref idref="fl-4"/>
      </object_component>
      <object_component id="oc-c5">
         <name>Cmpss4RegsFile</name>
         <uninitialized>true</uninitialized>
         <run_address>0x5ce0</run_address>
         <size>0x1b</size>
         <input_file_ref idref="fl-4"/>
      </object_component>
      <object_component id="oc-c6">
         <name>Cmpss5RegsFile</name>
         <uninitialized>true</uninitialized>
         <run_address>0x5d00</run_address>
         <size>0x1b</size>
         <input_file_ref idref="fl-4"/>
      </object_component>
      <object_component id="oc-c7">
         <name>Cmpss6RegsFile</name>
         <uninitialized>true</uninitialized>
         <run_address>0x5d20</run_address>
         <size>0x1b</size>
         <input_file_ref idref="fl-4"/>
      </object_component>
      <object_component id="oc-c8">
         <name>Cmpss7RegsFile</name>
         <uninitialized>true</uninitialized>
         <run_address>0x5d40</run_address>
         <size>0x1b</size>
         <input_file_ref idref="fl-4"/>
      </object_component>
      <object_component id="oc-c9">
         <name>Cmpss8RegsFile</name>
         <uninitialized>true</uninitialized>
         <run_address>0x5d60</run_address>
         <size>0x1b</size>
         <input_file_ref idref="fl-4"/>
      </object_component>
      <object_component id="oc-a8">
         <name>CpuTimer0RegsFile</name>
         <uninitialized>true</uninitialized>
         <run_address>0xc00</run_address>
         <size>0x8</size>
         <input_file_ref idref="fl-4"/>
      </object_component>
      <object_component id="oc-a9">
         <name>CpuTimer1RegsFile</name>
         <uninitialized>true</uninitialized>
         <run_address>0xc08</run_address>
         <size>0x8</size>
         <input_file_ref idref="fl-4"/>
      </object_component>
      <object_component id="oc-aa">
         <name>CpuTimer2RegsFile</name>
         <uninitialized>true</uninitialized>
         <run_address>0xc10</run_address>
         <size>0x8</size>
         <input_file_ref idref="fl-4"/>
      </object_component>
      <object_component id="oc-f2">
         <name>CpuSysRegsFile</name>
         <uninitialized>true</uninitialized>
         <run_address>0x5d300</run_address>
         <size>0x82</size>
         <input_file_ref idref="fl-4"/>
      </object_component>
      <object_component id="oc-a4">
         <name>DacaRegsFile</name>
         <uninitialized>true</uninitialized>
         <run_address>0x5c00</run_address>
         <size>0x7</size>
         <input_file_ref idref="fl-4"/>
      </object_component>
      <object_component id="oc-a5">
         <name>DacbRegsFile</name>
         <uninitialized>true</uninitialized>
         <run_address>0x5c10</run_address>
         <size>0x7</size>
         <input_file_ref idref="fl-4"/>
      </object_component>
      <object_component id="oc-a6">
         <name>DaccRegsFile</name>
         <uninitialized>true</uninitialized>
         <run_address>0x5c20</run_address>
         <size>0x7</size>
         <input_file_ref idref="fl-4"/>
      </object_component>
      <object_component id="oc-a2">
         <name>DcsmCommonRegsFile</name>
         <uninitialized>true</uninitialized>
         <run_address>0x5f070</run_address>
         <size>0x6</size>
         <input_file_ref idref="fl-4"/>
      </object_component>
      <object_component id="oc-cb">
         <name>DcsmZ1RegsFile</name>
         <uninitialized>true</uninitialized>
         <run_address>0x5f000</run_address>
         <size>0x22</size>
         <input_file_ref idref="fl-4"/>
      </object_component>
      <object_component id="oc-cc">
         <name>DcsmZ2RegsFile</name>
         <uninitialized>true</uninitialized>
         <run_address>0x5f040</run_address>
         <size>0x22</size>
         <input_file_ref idref="fl-4"/>
      </object_component>
      <object_component id="oc-104">
         <name>DevCfgRegsFile</name>
         <uninitialized>true</uninitialized>
         <run_address>0x5d000</run_address>
         <size>0x12e</size>
         <input_file_ref idref="fl-4"/>
      </object_component>
      <object_component id="oc-ba">
         <name>DmaClaSrcSelRegsFile</name>
         <uninitialized>true</uninitialized>
         <run_address>0x7980</run_address>
         <size>0x1a</size>
         <input_file_ref idref="fl-4"/>
      </object_component>
      <object_component id="oc-f3">
         <name>DmaRegsFile</name>
         <uninitialized>true</uninitialized>
         <run_address>0x1000</run_address>
         <size>0xe0</size>
         <input_file_ref idref="fl-4"/>
      </object_component>
      <object_component id="oc-bb">
         <name>ECap1RegsFile</name>
         <uninitialized>true</uninitialized>
         <run_address>0x5000</run_address>
         <size>0x1a</size>
         <input_file_ref idref="fl-4"/>
      </object_component>
      <object_component id="oc-bc">
         <name>ECap2RegsFile</name>
         <uninitialized>true</uninitialized>
         <run_address>0x5020</run_address>
         <size>0x1a</size>
         <input_file_ref idref="fl-4"/>
      </object_component>
      <object_component id="oc-bd">
         <name>ECap3RegsFile</name>
         <uninitialized>true</uninitialized>
         <run_address>0x5040</run_address>
         <size>0x1a</size>
         <input_file_ref idref="fl-4"/>
      </object_component>
      <object_component id="oc-be">
         <name>ECap4RegsFile</name>
         <uninitialized>true</uninitialized>
         <run_address>0x5060</run_address>
         <size>0x1a</size>
         <input_file_ref idref="fl-4"/>
      </object_component>
      <object_component id="oc-bf">
         <name>ECap5RegsFile</name>
         <uninitialized>true</uninitialized>
         <run_address>0x5080</run_address>
         <size>0x1a</size>
         <input_file_ref idref="fl-4"/>
      </object_component>
      <object_component id="oc-c0">
         <name>ECap6RegsFile</name>
         <uninitialized>true</uninitialized>
         <run_address>0x50a0</run_address>
         <size>0x1a</size>
         <input_file_ref idref="fl-4"/>
      </object_component>
      <object_component id="oc-ab">
         <name>Emif1ConfigRegsFile</name>
         <uninitialized>true</uninitialized>
         <run_address>0x5f480</run_address>
         <size>0xa</size>
         <input_file_ref idref="fl-4"/>
      </object_component>
      <object_component id="oc-ac">
         <name>Emif2ConfigRegsFile</name>
         <uninitialized>true</uninitialized>
         <run_address>0x5f4a0</run_address>
         <size>0xa</size>
         <input_file_ref idref="fl-4"/>
      </object_component>
      <object_component id="oc-d5">
         <name>Emif1RegsFile</name>
         <uninitialized>true</uninitialized>
         <run_address>0x47000</run_address>
         <size>0x28</size>
         <input_file_ref idref="fl-4"/>
      </object_component>
      <object_component id="oc-d6">
         <name>Emif2RegsFile</name>
         <uninitialized>true</uninitialized>
         <run_address>0x47800</run_address>
         <size>0x28</size>
         <input_file_ref idref="fl-4"/>
      </object_component>
      <object_component id="oc-f4">
         <name>EPwm1RegsFile</name>
         <uninitialized>true</uninitialized>
         <run_address>0x4000</run_address>
         <size>0x100</size>
         <input_file_ref idref="fl-4"/>
      </object_component>
      <object_component id="oc-f5">
         <name>EPwm2RegsFile</name>
         <uninitialized>true</uninitialized>
         <run_address>0x4100</run_address>
         <size>0x100</size>
         <input_file_ref idref="fl-4"/>
      </object_component>
      <object_component id="oc-f6">
         <name>EPwm3RegsFile</name>
         <uninitialized>true</uninitialized>
         <run_address>0x4200</run_address>
         <size>0x100</size>
         <input_file_ref idref="fl-4"/>
      </object_component>
      <object_component id="oc-f7">
         <name>EPwm4RegsFile</name>
         <uninitialized>true</uninitialized>
         <run_address>0x4300</run_address>
         <size>0x100</size>
         <input_file_ref idref="fl-4"/>
      </object_component>
      <object_component id="oc-f8">
         <name>EPwm5RegsFile</name>
         <uninitialized>true</uninitialized>
         <run_address>0x4400</run_address>
         <size>0x100</size>
         <input_file_ref idref="fl-4"/>
      </object_component>
      <object_component id="oc-f9">
         <name>EPwm6RegsFile</name>
         <uninitialized>true</uninitialized>
         <run_address>0x4500</run_address>
         <size>0x100</size>
         <input_file_ref idref="fl-4"/>
      </object_component>
      <object_component id="oc-fa">
         <name>EPwm7RegsFile</name>
         <uninitialized>true</uninitialized>
         <run_address>0x4600</run_address>
         <size>0x100</size>
         <input_file_ref idref="fl-4"/>
      </object_component>
      <object_component id="oc-fb">
         <name>EPwm8RegsFile</name>
         <uninitialized>true</uninitialized>
         <run_address>0x4700</run_address>
         <size>0x100</size>
         <input_file_ref idref="fl-4"/>
      </object_component>
      <object_component id="oc-fc">
         <name>EPwm9RegsFile</name>
         <uninitialized>true</uninitialized>
         <run_address>0x4800</run_address>
         <size>0x100</size>
         <input_file_ref idref="fl-4"/>
      </object_component>
      <object_component id="oc-fd">
         <name>EPwm10RegsFile</name>
         <uninitialized>true</uninitialized>
         <run_address>0x4900</run_address>
         <size>0x100</size>
         <input_file_ref idref="fl-4"/>
      </object_component>
      <object_component id="oc-fe">
         <name>EPwm11RegsFile</name>
         <uninitialized>true</uninitialized>
         <run_address>0x4a00</run_address>
         <size>0x100</size>
         <input_file_ref idref="fl-4"/>
      </object_component>
      <object_component id="oc-ff">
         <name>EPwm12RegsFile</name>
         <uninitialized>true</uninitialized>
         <run_address>0x4b00</run_address>
         <size>0x100</size>
         <input_file_ref idref="fl-4"/>
      </object_component>
      <object_component id="oc-e8">
         <name>EPwmXbarRegsFile</name>
         <uninitialized>true</uninitialized>
         <run_address>0x7a00</run_address>
         <size>0x40</size>
         <input_file_ref idref="fl-4"/>
      </object_component>
      <object_component id="oc-cd">
         <name>EQep1RegsFile</name>
         <uninitialized>true</uninitialized>
         <run_address>0x5100</run_address>
         <size>0x22</size>
         <input_file_ref idref="fl-4"/>
      </object_component>
      <object_component id="oc-ce">
         <name>EQep2RegsFile</name>
         <uninitialized>true</uninitialized>
         <run_address>0x5140</run_address>
         <size>0x22</size>
         <input_file_ref idref="fl-4"/>
      </object_component>
      <object_component id="oc-cf">
         <name>EQep3RegsFile</name>
         <uninitialized>true</uninitialized>
         <run_address>0x5180</run_address>
         <size>0x22</size>
         <input_file_ref idref="fl-4"/>
      </object_component>
      <object_component id="oc-108">
         <name>Flash0CtrlRegsFile</name>
         <uninitialized>true</uninitialized>
         <run_address>0x5f800</run_address>
         <size>0x182</size>
         <input_file_ref idref="fl-4"/>
      </object_component>
      <object_component id="oc-d7">
         <name>Flash0EccRegsFile</name>
         <uninitialized>true</uninitialized>
         <run_address>0x5fb00</run_address>
         <size>0x28</size>
         <input_file_ref idref="fl-4"/>
      </object_component>
      <object_component id="oc-9f">
         <name>FlashPumpSemaphoreRegsFile</name>
         <uninitialized>true</uninitialized>
         <run_address>0x50024</run_address>
         <size>0x2</size>
         <input_file_ref idref="fl-4"/>
      </object_component>
      <object_component id="oc-107">
         <name>GpioCtrlRegsFile</name>
         <uninitialized>true</uninitialized>
         <run_address>0x7c00</run_address>
         <size>0x180</size>
         <input_file_ref idref="fl-4"/>
      </object_component>
      <object_component id="oc-da">
         <name>GpioDataRegsFile</name>
         <uninitialized>true</uninitialized>
         <run_address>0x7f00</run_address>
         <size>0x30</size>
         <input_file_ref idref="fl-4"/>
      </object_component>
      <object_component id="oc-d0">
         <name>I2caRegsFile</name>
         <uninitialized>true</uninitialized>
         <run_address>0x7300</run_address>
         <size>0x22</size>
         <input_file_ref idref="fl-4"/>
      </object_component>
      <object_component id="oc-d1">
         <name>I2cbRegsFile</name>
         <uninitialized>true</uninitialized>
         <run_address>0x7340</run_address>
         <size>0x22</size>
         <input_file_ref idref="fl-4"/>
      </object_component>
      <object_component id="oc-ca">
         <name>InputXbarRegsFile</name>
         <uninitialized>true</uninitialized>
         <run_address>0x7900</run_address>
         <size>0x20</size>
         <input_file_ref idref="fl-4"/>
      </object_component>
      <object_component id="oc-d2">
         <name>IpcRegsFile</name>
         <uninitialized>true</uninitialized>
         <run_address>0x50000</run_address>
         <size>0x24</size>
         <input_file_ref idref="fl-4"/>
      </object_component>
      <object_component id="oc-dc">
         <name>MemoryErrorRegsFile</name>
         <uninitialized>true</uninitialized>
         <run_address>0x5f500</run_address>
         <size>0x3a</size>
         <input_file_ref idref="fl-4"/>
      </object_component>
      <object_component id="oc-ed">
         <name>MemCfgRegsFile</name>
         <uninitialized>true</uninitialized>
         <run_address>0x5f400</run_address>
         <size>0x76</size>
         <input_file_ref idref="fl-4"/>
      </object_component>
      <object_component id="oc-d3">
         <name>McbspaRegsFile</name>
         <uninitialized>true</uninitialized>
         <run_address>0x6000</run_address>
         <size>0x24</size>
         <input_file_ref idref="fl-4"/>
      </object_component>
      <object_component id="oc-d4">
         <name>McbspbRegsFile</name>
         <uninitialized>true</uninitialized>
         <run_address>0x6040</run_address>
         <size>0x24</size>
         <input_file_ref idref="fl-4"/>
      </object_component>
      <object_component id="oc-a7">
         <name>NmiIntruptRegsFile</name>
         <uninitialized>true</uninitialized>
         <run_address>0x7060</run_address>
         <size>0x7</size>
         <input_file_ref idref="fl-4"/>
      </object_component>
      <object_component id="oc-e9">
         <name>OutputXbarRegsFile</name>
         <uninitialized>true</uninitialized>
         <run_address>0x7a80</run_address>
         <size>0x40</size>
         <input_file_ref idref="fl-4"/>
      </object_component>
      <object_component id="oc-c1">
         <name>PieCtrlRegsFile</name>
         <uninitialized>true</uninitialized>
         <run_address>0xce0</run_address>
         <size>0x1a</size>
         <input_file_ref idref="fl-4"/>
      </object_component>
      <object_component id="oc-a0">
         <name>RomPrefetchRegsFile</name>
         <uninitialized>true</uninitialized>
         <run_address>0x5e608</run_address>
         <size>0x2</size>
         <input_file_ref idref="fl-4"/>
      </object_component>
      <object_component id="oc-a1">
         <name>RomWaitStateRegsFile</name>
         <uninitialized>true</uninitialized>
         <run_address>0x5f540</run_address>
         <size>0x2</size>
         <input_file_ref idref="fl-4"/>
      </object_component>
      <object_component id="oc-af">
         <name>SciaRegsFile</name>
         <uninitialized>true</uninitialized>
         <run_address>0x7200</run_address>
         <size>0x10</size>
         <input_file_ref idref="fl-4"/>
      </object_component>
      <object_component id="oc-b0">
         <name>ScibRegsFile</name>
         <uninitialized>true</uninitialized>
         <run_address>0x7210</run_address>
         <size>0x10</size>
         <input_file_ref idref="fl-4"/>
      </object_component>
      <object_component id="oc-b1">
         <name>ScicRegsFile</name>
         <uninitialized>true</uninitialized>
         <run_address>0x7220</run_address>
         <size>0x10</size>
         <input_file_ref idref="fl-4"/>
      </object_component>
      <object_component id="oc-b2">
         <name>ScidRegsFile</name>
         <uninitialized>true</uninitialized>
         <run_address>0x7230</run_address>
         <size>0x10</size>
         <input_file_ref idref="fl-4"/>
      </object_component>
      <object_component id="oc-ea">
         <name>Sdfm1RegsFile</name>
         <uninitialized>true</uninitialized>
         <run_address>0x5e00</run_address>
         <size>0x48</size>
         <input_file_ref idref="fl-4"/>
      </object_component>
      <object_component id="oc-eb">
         <name>Sdfm2RegsFile</name>
         <uninitialized>true</uninitialized>
         <run_address>0x5e80</run_address>
         <size>0x48</size>
         <input_file_ref idref="fl-4"/>
      </object_component>
      <object_component id="oc-b3">
         <name>SpiaRegsFile</name>
         <uninitialized>true</uninitialized>
         <run_address>0x6100</run_address>
         <size>0x10</size>
         <input_file_ref idref="fl-4"/>
      </object_component>
      <object_component id="oc-b4">
         <name>SpibRegsFile</name>
         <uninitialized>true</uninitialized>
         <run_address>0x6110</run_address>
         <size>0x10</size>
         <input_file_ref idref="fl-4"/>
      </object_component>
      <object_component id="oc-b5">
         <name>SpicRegsFile</name>
         <uninitialized>true</uninitialized>
         <run_address>0x6120</run_address>
         <size>0x10</size>
         <input_file_ref idref="fl-4"/>
      </object_component>
      <object_component id="oc-a3">
         <name>SyncSocRegsFile</name>
         <uninitialized>true</uninitialized>
         <run_address>0x7940</run_address>
         <size>0x6</size>
         <input_file_ref idref="fl-4"/>
      </object_component>
      <object_component id="oc-ec">
         <name>UppRegsFile</name>
         <uninitialized>true</uninitialized>
         <run_address>0x6200</run_address>
         <size>0x48</size>
         <input_file_ref idref="fl-4"/>
      </object_component>
      <object_component id="oc-d8">
         <name>WdRegsFile</name>
         <uninitialized>true</uninitialized>
         <run_address>0x7000</run_address>
         <size>0x2b</size>
         <input_file_ref idref="fl-4"/>
      </object_component>
      <object_component id="oc-ae">
         <name>XbarRegsFile</name>
         <uninitialized>true</uninitialized>
         <run_address>0x7920</run_address>
         <size>0xe</size>
         <input_file_ref idref="fl-4"/>
      </object_component>
      <object_component id="oc-ad">
         <name>XintRegsFile</name>
         <uninitialized>true</uninitialized>
         <run_address>0x7070</run_address>
         <size>0xb</size>
         <input_file_ref idref="fl-4"/>
      </object_component>
      <object_component id="oc-224">
         <name>.cinit:_ti_sysbios_family_c28_Hwi_Module_State_0_dispatchTable__A</name>
         <load_address>0x8002d</load_address>
         <run_address>0x8002d</run_address>
         <size>0x1c3</size>
         <input_file_ref idref="fl-b"/>
      </object_component>
      <object_component id="oc-11f">
         <name>.cinit</name>
         <load_address>0x801f0</load_address>
         <run_address>0x801f0</run_address>
         <size>0x125</size>
         <input_file_ref idref="fl-b"/>
      </object_component>
      <object_component id="oc-10e">
         <name>.cinit:_messagesdown</name>
         <load_address>0x80315</load_address>
         <run_address>0x80315</run_address>
         <size>0x11d</size>
         <input_file_ref idref="fl-5"/>
      </object_component>
      <object_component id="oc-10d">
         <name>.cinit:_messagesup</name>
         <load_address>0x80432</load_address>
         <run_address>0x80432</run_address>
         <size>0x11d</size>
         <input_file_ref idref="fl-5"/>
      </object_component>
      <object_component id="oc-133">
         <name>.cinit:_ti_sysbios_knl_Task_Object__table__V</name>
         <load_address>0x8054f</load_address>
         <run_address>0x8054f</run_address>
         <size>0x81</size>
         <input_file_ref idref="fl-b"/>
      </object_component>
      <object_component id="oc-117">
         <name>.cinit</name>
         <load_address>0x805d0</load_address>
         <run_address>0x805d0</run_address>
         <size>0x7d</size>
         <input_file_ref idref="fl-7"/>
      </object_component>
      <object_component id="oc-21f">
         <name>.cinit:_ti_sysbios_family_c28_Timer_Object__table__V</name>
         <load_address>0x8064d</load_address>
         <run_address>0x8064d</run_address>
         <size>0x4b</size>
         <input_file_ref idref="fl-b"/>
      </object_component>
      <object_component id="oc-22f">
         <name>.cinit:_ti_sysbios_family_c28_Hwi_Object__table__V</name>
         <load_address>0x80698</load_address>
         <run_address>0x80698</run_address>
         <size>0x43</size>
         <input_file_ref idref="fl-b"/>
      </object_component>
      <object_component id="oc-222">
         <name>.cinit:_ti_sysbios_knl_Swi_Module_State_0_readyQ__A</name>
         <load_address>0x806db</load_address>
         <run_address>0x806db</run_address>
         <size>0x43</size>
         <input_file_ref idref="fl-b"/>
      </object_component>
      <object_component id="oc-22b">
         <name>.cinit:_ti_sysbios_knl_Task_Module_State_0_readyQ__A</name>
         <load_address>0x8071e</load_address>
         <run_address>0x8071e</run_address>
         <size>0x43</size>
         <input_file_ref idref="fl-b"/>
      </object_component>
      <object_component id="oc-221">
         <name>.cinit:_ti_sysbios_knl_Swi_Object__table__V</name>
         <load_address>0x80761</load_address>
         <run_address>0x80761</run_address>
         <size>0x3f</size>
         <input_file_ref idref="fl-b"/>
      </object_component>
      <object_component id="oc-232">
         <name>.cinit:_ti_sysbios_knl_Semaphore_Object__table__V</name>
         <load_address>0x807a0</load_address>
         <run_address>0x807a0</run_address>
         <size>0x17</size>
         <input_file_ref idref="fl-b"/>
      </object_component>
      <object_component id="oc-2fb">
         <name>.cinit:_xdc_runtime_LoggerBuf_Object__table__V</name>
         <load_address>0x807b7</load_address>
         <run_address>0x807b7</run_address>
         <size>0x15</size>
         <input_file_ref idref="fl-b"/>
      </object_component>
      <object_component id="oc-226">
         <name>.cinit:_ti_sysbios_gates_GateMutex_Object__table__V</name>
         <load_address>0x807cc</load_address>
         <run_address>0x807cc</run_address>
         <size>0x11</size>
         <input_file_ref idref="fl-b"/>
      </object_component>
      <object_component id="oc-1d7">
         <name>.cinit</name>
         <load_address>0x807dd</load_address>
         <run_address>0x807dd</run_address>
         <size>0xe</size>
         <input_file_ref idref="fl-3d"/>
      </object_component>
      <object_component id="oc-21b">
         <name>.cinit:_xdc_runtime_System_Module_State_0_atexitHandlers__A</name>
         <load_address>0x807eb</load_address>
         <run_address>0x807eb</run_address>
         <size>0xb</size>
         <input_file_ref idref="fl-b"/>
      </object_component>
      <object_component id="oc-339">
         <name>.cinit:_xdc_runtime_HeapStd_Object__table__V</name>
         <load_address>0x807f6</load_address>
         <run_address>0x807f6</run_address>
         <size>0x9</size>
         <input_file_ref idref="fl-b"/>
      </object_component>
      <object_component id="oc-276">
         <name>.cinit:__lock</name>
         <load_address>0x807ff</load_address>
         <run_address>0x807ff</run_address>
         <size>0x5</size>
         <input_file_ref idref="fl-3e"/>
      </object_component>
      <object_component id="oc-277">
         <name>.cinit:__unlock</name>
         <load_address>0x80804</load_address>
         <run_address>0x80804</run_address>
         <size>0x5</size>
         <input_file_ref idref="fl-3e"/>
      </object_component>
      <object_component id="oc-2d1">
         <name>.cinit:_ti_sysbios_gates_GateHwi_Object__table__V</name>
         <load_address>0x80809</load_address>
         <run_address>0x80809</run_address>
         <size>0x5</size>
         <input_file_ref idref="fl-b"/>
      </object_component>
      <object_component id="oc-22d">
         <name>.cinit:_ti_sysbios_knl_Task_Module_State_0_idleTask__A</name>
         <load_address>0x8080e</load_address>
         <run_address>0x8080e</run_address>
         <size>0x5</size>
         <input_file_ref idref="fl-b"/>
      </object_component>
      <object_component id="oc-3ab">
         <name>.binit</name>
         <load_address>0x80834</load_address>
         <run_address>0x80834</run_address>
         <size>0xa</size>
      </object_component>
      <object_component id="oc-2cf">
         <name>.text:_xdc_runtime_System_doPrint__I</name>
         <load_address>0x88000</load_address>
         <run_address>0x88000</run_address>
         <size>0x23b</size>
         <input_file_ref idref="fl-22"/>
      </object_component>
      <object_component id="oc-255">
         <name>.text:_ti_sysbios_knl_Semaphore_pend__E</name>
         <load_address>0x8823b</load_address>
         <run_address>0x8823b</run_address>
         <size>0x19c</size>
         <input_file_ref idref="fl-13"/>
      </object_component>
      <object_component id="oc-1b8">
         <name>.text</name>
         <load_address>0x883d7</load_address>
         <run_address>0x883d7</run_address>
         <size>0x107</size>
         <input_file_ref idref="fl-37"/>
      </object_component>
      <object_component id="oc-382">
         <name>.text:_xdc_runtime_HeapStd_alloc__E</name>
         <load_address>0x884de</load_address>
         <run_address>0x884de</run_address>
         <size>0xee</size>
         <input_file_ref idref="fl-1e"/>
      </object_component>
      <object_component id="oc-2b6">
         <name>.text:_ti_sysbios_family_c28_Hwi_clearInterrupt__E</name>
         <load_address>0x885cc</load_address>
         <run_address>0x885cc</run_address>
         <size>0xdc</size>
         <input_file_ref idref="fl-13"/>
      </object_component>
      <object_component id="oc-32b">
         <name>.text:_xdc_runtime_System_printfExtend__I</name>
         <load_address>0x886a8</load_address>
         <run_address>0x886a8</run_address>
         <size>0xc2</size>
         <input_file_ref idref="fl-b"/>
      </object_component>
      <object_component id="oc-233">
         <name>.text:_decrementTime</name>
         <load_address>0x8876a</load_address>
         <run_address>0x8876a</run_address>
         <size>0xc1</size>
         <input_file_ref idref="fl-7"/>
      </object_component>
      <object_component id="oc-2fc">
         <name>.text:_xdc_runtime_LoggerBuf_write8__E</name>
         <load_address>0x8882b</load_address>
         <run_address>0x8882b</run_address>
         <size>0xc0</size>
         <input_file_ref idref="fl-1f"/>
      </object_component>
      <object_component id="oc-30d">
         <name>.text:_ti_sysbios_knl_Semaphore_Instance_init__E</name>
         <load_address>0x888eb</load_address>
         <run_address>0x888eb</run_address>
         <size>0xbf</size>
         <input_file_ref idref="fl-13"/>
      </object_component>
      <object_component id="oc-2ad">
         <name>.text:_xdc_runtime_Core_createObject__I</name>
         <load_address>0x889aa</load_address>
         <run_address>0x889aa</run_address>
         <size>0xa0</size>
         <input_file_ref idref="fl-19"/>
      </object_component>
      <object_component id="oc-371">
         <name>.text:_ti_sysbios_family_c28_Hwi_dispatch</name>
         <load_address>0x88a4a</load_address>
         <run_address>0x88a4a</run_address>
         <size>0x9d</size>
         <input_file_ref idref="fl-15"/>
      </object_component>
      <object_component id="oc-245">
         <name>.text:_SaveArmBuffer</name>
         <load_address>0x88ae7</load_address>
         <run_address>0x88ae7</run_address>
         <size>0x1</size>
         <input_file_ref idref="fl-7"/>
      </object_component>
      <object_component id="oc-37f">
         <name>.text</name>
         <load_address>0x88ae8</load_address>
         <run_address>0x88ae8</run_address>
         <size>0x95</size>
         <input_file_ref idref="fl-46"/>
      </object_component>
      <object_component id="oc-244">
         <name>.text:_Save2Buffer</name>
         <load_address>0x88b7d</load_address>
         <run_address>0x88b7d</run_address>
         <size>0x90</size>
         <input_file_ref idref="fl-7"/>
      </object_component>
      <object_component id="oc-2b7">
         <name>.text:_ti_sysbios_family_c28_Hwi_enableInterrupt__E</name>
         <load_address>0x88c0d</load_address>
         <run_address>0x88c0d</run_address>
         <size>0x8e</size>
         <input_file_ref idref="fl-13"/>
      </object_component>
      <object_component id="oc-30c">
         <name>.text:_xdc_runtime_Core_constructObject__I</name>
         <load_address>0x88c9b</load_address>
         <run_address>0x88c9b</run_address>
         <size>0x8d</size>
         <input_file_ref idref="fl-1a"/>
      </object_component>
      <object_component id="oc-1b3">
         <name>.text</name>
         <load_address>0x88d28</load_address>
         <run_address>0x88d28</run_address>
         <size>0x88</size>
         <input_file_ref idref="fl-36"/>
      </object_component>
      <object_component id="oc-39e">
         <name>.text:_xdc_runtime_HeapStd_Instance_init__E</name>
         <load_address>0x88db0</load_address>
         <run_address>0x88db0</run_address>
         <size>0x83</size>
         <input_file_ref idref="fl-1e"/>
      </object_component>
      <object_component id="oc-266">
         <name>.text:_ti_sysbios_knl_Semaphore_post__E</name>
         <load_address>0x88e33</load_address>
         <run_address>0x88e33</run_address>
         <size>0x82</size>
         <input_file_ref idref="fl-13"/>
      </object_component>
      <object_component id="oc-391">
         <name>.text:_ti_sysbios_family_c28_Hwi_disableInterrupt__E</name>
         <load_address>0x88eb5</load_address>
         <run_address>0x88eb5</run_address>
         <size>0x81</size>
         <input_file_ref idref="fl-13"/>
      </object_component>
      <object_component id="oc-2ec">
         <name>.text:_ti_sysbios_family_c28_Hwi_disablePIEIER__E</name>
         <load_address>0x88f36</load_address>
         <run_address>0x88f36</run_address>
         <size>0x80</size>
         <input_file_ref idref="fl-13"/>
      </object_component>
      <object_component id="oc-2eb">
         <name>.text:_ti_sysbios_family_c28_Hwi_enablePIEIER__E</name>
         <load_address>0x88fb6</load_address>
         <run_address>0x88fb6</run_address>
         <size>0x7f</size>
         <input_file_ref idref="fl-13"/>
      </object_component>
      <object_component id="oc-340">
         <name>.text:_xdc_runtime_LoggerBuf_write4__E</name>
         <load_address>0x89035</load_address>
         <run_address>0x89035</run_address>
         <size>0x7a</size>
         <input_file_ref idref="fl-1f"/>
      </object_component>
      <object_component id="oc-234">
         <name>.text:_Convt2mm</name>
         <load_address>0x890af</load_address>
         <run_address>0x890af</run_address>
         <size>0x77</size>
         <input_file_ref idref="fl-7"/>
      </object_component>
      <object_component id="oc-2ba">
         <name>.text:_ti_sysbios_knl_Task_checkStacks__E</name>
         <load_address>0x89126</load_address>
         <run_address>0x89126</run_address>
         <size>0x75</size>
         <input_file_ref idref="fl-13"/>
      </object_component>
      <object_component id="oc-296">
         <name>.text:_xdc_runtime_Startup_startMods__I</name>
         <load_address>0x8919b</load_address>
         <run_address>0x8919b</run_address>
         <size>0x72</size>
         <input_file_ref idref="fl-21"/>
      </object_component>
      <object_component id="oc-26e">
         <name>.text:_ti_sysbios_gates_GateMutex_enter__E</name>
         <load_address>0x8920d</load_address>
         <run_address>0x8920d</run_address>
         <size>0x71</size>
         <input_file_ref idref="fl-13"/>
      </object_component>
      <object_component id="oc-383">
         <name>.text:_xdc_runtime_HeapStd_free__E</name>
         <load_address>0x8927e</load_address>
         <run_address>0x8927e</run_address>
         <size>0x6b</size>
         <input_file_ref idref="fl-1e"/>
      </object_component>
      <object_component id="oc-92">
         <name>.text</name>
         <load_address>0x892e9</load_address>
         <run_address>0x892e9</run_address>
         <size>0x69</size>
         <input_file_ref idref="fl-28"/>
      </object_component>
      <object_component id="oc-372">
         <name>.text:_ti_sysbios_family_c28_Timer_stopAndClear__I</name>
         <load_address>0x89352</load_address>
         <run_address>0x89352</run_address>
         <size>0x66</size>
         <input_file_ref idref="fl-13"/>
      </object_component>
      <object_component id="oc-292">
         <name>.text:_xdc_runtime_Error_policyDefault__E</name>
         <load_address>0x893b8</load_address>
         <run_address>0x893b8</run_address>
         <size>0x60</size>
         <input_file_ref idref="fl-1c"/>
      </object_component>
      <object_component id="oc-348">
         <name>.text:_xdc_runtime_Text_putSite__E</name>
         <load_address>0x89418</load_address>
         <run_address>0x89418</run_address>
         <size>0x60</size>
         <input_file_ref idref="fl-24"/>
      </object_component>
      <object_component id="oc-3a8">
         <name>.text:_ti_sysbios_family_c28_Hwi_dispatchCore__I</name>
         <load_address>0x89478</load_address>
         <run_address>0x89478</run_address>
         <size>0x4c</size>
         <input_file_ref idref="fl-13"/>
      </object_component>
      <object_component id="oc-239">
         <name>.text:.bootCodeSection:_ti_catalog_c2800_initF2837x_Boot_configurePllDivs</name>
         <load_address>0x894c4</load_address>
         <run_address>0x894c4</run_address>
         <size>0x49</size>
         <input_file_ref idref="fl-29"/>
      </object_component>
      <object_component id="oc-324">
         <name>.text:_ti_sysbios_family_c28_Hwi_Module_startup__E</name>
         <load_address>0x8950d</load_address>
         <run_address>0x8950d</run_address>
         <size>0x47</size>
         <input_file_ref idref="fl-13"/>
      </object_component>
      <object_component id="oc-359">
         <name>.text:_ti_sysbios_knl_Task_postInit__I</name>
         <load_address>0x89554</load_address>
         <run_address>0x89554</run_address>
         <size>0x47</size>
         <input_file_ref idref="fl-13"/>
      </object_component>
      <object_component id="oc-246">
         <name>.text:_ti_sysbios_knl_Clock_workFunc__E</name>
         <load_address>0x8959b</load_address>
         <run_address>0x8959b</run_address>
         <size>0x44</size>
         <input_file_ref idref="fl-13"/>
      </object_component>
      <object_component id="oc-13a">
         <name>.text:_ti_sysbios_family_c28_Hwi_unPluggedInterrupt__I</name>
         <load_address>0x895df</load_address>
         <run_address>0x895df</run_address>
         <size>0x42</size>
         <input_file_ref idref="fl-13"/>
      </object_component>
      <object_component id="oc-35c">
         <name>.text:_xdc_runtime_Text_putLab__E</name>
         <load_address>0x89621</load_address>
         <run_address>0x89621</run_address>
         <size>0x41</size>
         <input_file_ref idref="fl-24"/>
      </object_component>
      <object_component id="oc-351">
         <name>.text:_ti_sysbios_family_c28_Timer_postInit__I</name>
         <load_address>0x89662</load_address>
         <run_address>0x89662</run_address>
         <size>0x40</size>
         <input_file_ref idref="fl-13"/>
      </object_component>
      <object_component id="oc-332">
         <name>.text:_xdc_runtime_Memory_alloc__E</name>
         <load_address>0x896a2</load_address>
         <run_address>0x896a2</run_address>
         <size>0x40</size>
         <input_file_ref idref="fl-20"/>
      </object_component>
      <object_component id="oc-3aa">
         <name>.text:_ti_sysbios_knl_Swi_restoreHwi__E</name>
         <load_address>0x896e2</load_address>
         <run_address>0x896e2</run_address>
         <size>0x3e</size>
         <input_file_ref idref="fl-13"/>
      </object_component>
      <object_component id="oc-309">
         <name>.text:_ti_sysbios_knl_Swi_run__I</name>
         <load_address>0x89720</load_address>
         <run_address>0x89720</run_address>
         <size>0x3e</size>
         <input_file_ref idref="fl-13"/>
      </object_component>
      <object_component id="oc-2b0">
         <name>.text:_xdc_runtime_Core_deleteObject__I</name>
         <load_address>0x8975e</load_address>
         <run_address>0x8975e</run_address>
         <size>0x3e</size>
         <input_file_ref idref="fl-19"/>
      </object_component>
      <object_component id="oc-342">
         <name>.text:_xdc_runtime_LoggerBuf_getFilterLevel__E</name>
         <load_address>0x8979c</load_address>
         <run_address>0x8979c</run_address>
         <size>0x3d</size>
         <input_file_ref idref="fl-1f"/>
      </object_component>
      <object_component id="oc-341">
         <name>.text:_xdc_runtime_LoggerBuf_setFilterLevel__E</name>
         <load_address>0x897d9</load_address>
         <run_address>0x897d9</run_address>
         <size>0x3c</size>
         <input_file_ref idref="fl-1f"/>
      </object_component>
      <object_component id="oc-393">
         <name>.text:_ti_sysbios_family_c28_TaskSupport_start__E</name>
         <load_address>0x89815</load_address>
         <run_address>0x89815</run_address>
         <size>0x39</size>
         <input_file_ref idref="fl-13"/>
      </object_component>
      <object_component id="oc-35f">
         <name>.text</name>
         <load_address>0x8984e</load_address>
         <run_address>0x8984e</run_address>
         <size>0x39</size>
         <input_file_ref idref="fl-45"/>
      </object_component>
      <object_component id="oc-36e">
         <name>.text:_xdc_runtime_Text_putMod__E</name>
         <load_address>0x89887</load_address>
         <run_address>0x89887</run_address>
         <size>0x38</size>
         <input_file_ref idref="fl-24"/>
      </object_component>
      <object_component id="oc-280">
         <name>.text:_ti_sysbios_knl_Task_startCore__E</name>
         <load_address>0x898bf</load_address>
         <run_address>0x898bf</run_address>
         <size>0x35</size>
         <input_file_ref idref="fl-13"/>
      </object_component>
      <object_component id="oc-305">
         <name>.text:_xdc_runtime_System_formatNum__I</name>
         <load_address>0x898f4</load_address>
         <run_address>0x898f4</run_address>
         <size>0x35</size>
         <input_file_ref idref="fl-22"/>
      </object_component>
      <object_component id="oc-328">
         <name>.text:_ti_sysbios_knl_Task_Module_startup__E</name>
         <load_address>0x89929</load_address>
         <run_address>0x89929</run_address>
         <size>0x32</size>
         <input_file_ref idref="fl-13"/>
      </object_component>
      <object_component id="oc-31e">
         <name>.text:_xdc_runtime_Error_print__E</name>
         <load_address>0x8995b</load_address>
         <run_address>0x8995b</run_address>
         <size>0x31</size>
         <input_file_ref idref="fl-1c"/>
      </object_component>
      <object_component id="oc-26a">
         <name>.text</name>
         <load_address>0x8998c</load_address>
         <run_address>0x8998c</run_address>
         <size>0x31</size>
         <input_file_ref idref="fl-40"/>
      </object_component>
      <object_component id="oc-36c">
         <name>.text:_xdc_runtime_LoggerBuf_Instance_init__E</name>
         <load_address>0x899bd</load_address>
         <run_address>0x899bd</run_address>
         <size>0x30</size>
         <input_file_ref idref="fl-1f"/>
      </object_component>
      <object_component id="oc-2de">
         <name>.text:_xdc_runtime_Core_assignParams__I</name>
         <load_address>0x899ed</load_address>
         <run_address>0x899ed</run_address>
         <size>0x2f</size>
         <input_file_ref idref="fl-1b"/>
      </object_component>
      <object_component id="oc-210">
         <name>.text:_xdc_runtime_Startup_exec__E</name>
         <load_address>0x89a1c</load_address>
         <run_address>0x89a1c</run_address>
         <size>0x2f</size>
         <input_file_ref idref="fl-21"/>
      </object_component>
      <object_component id="oc-300">
         <name>.text:_ti_sysbios_family_c28_Hwi_getStackInfo__E</name>
         <load_address>0x89a4b</load_address>
         <run_address>0x89a4b</run_address>
         <size>0x2e</size>
         <input_file_ref idref="fl-13"/>
      </object_component>
      <object_component id="oc-2d6">
         <name>.text:_ti_sysbios_knl_Swi_runLoop__I</name>
         <load_address>0x89a79</load_address>
         <run_address>0x89a79</run_address>
         <size>0x2e</size>
         <input_file_ref idref="fl-13"/>
      </object_component>
      <object_component id="oc-2a3">
         <name>.text:_ti_sysbios_knl_Swi_schedule__I</name>
         <load_address>0x89aa7</load_address>
         <run_address>0x89aa7</run_address>
         <size>0x2e</size>
         <input_file_ref idref="fl-13"/>
      </object_component>
      <object_component id="oc-2c0">
         <name>.text:_ti_sysbios_knl_Task_schedule__I</name>
         <load_address>0x89ad5</load_address>
         <run_address>0x89ad5</run_address>
         <size>0x2e</size>
         <input_file_ref idref="fl-13"/>
      </object_component>
      <object_component id="oc-289">
         <name>.text:_xdc_runtime_Assert_raise__I</name>
         <load_address>0x89b03</load_address>
         <run_address>0x89b03</run_address>
         <size>0x2d</size>
         <input_file_ref idref="fl-18"/>
      </object_component>
      <object_component id="oc-2c2">
         <name>.text:_xdc_runtime_Error_setX__E</name>
         <load_address>0x89b30</load_address>
         <run_address>0x89b30</run_address>
         <size>0x2d</size>
         <input_file_ref idref="fl-1c"/>
      </object_component>
      <object_component id="oc-27d">
         <name>.text:_ti_sysbios_family_c28_Timer_start__E</name>
         <load_address>0x89b5d</load_address>
         <run_address>0x89b5d</run_address>
         <size>0x2c</size>
         <input_file_ref idref="fl-13"/>
      </object_component>
      <object_component id="oc-343">
         <name>.text:_xdc_runtime_LoggerBuf_Object__create__S</name>
         <load_address>0x89b89</load_address>
         <run_address>0x89b89</run_address>
         <size>0x2c</size>
         <input_file_ref idref="fl-b"/>
      </object_component>
      <object_component id="oc-386">
         <name>.text:_xdc_runtime_HeapStd_Object__create__S</name>
         <load_address>0x89bb5</load_address>
         <run_address>0x89bb5</run_address>
         <size>0x2b</size>
         <input_file_ref idref="fl-b"/>
      </object_component>
      <object_component id="oc-36f">
         <name>.text:_xdc_runtime_Text_xprintf__I</name>
         <load_address>0x89be0</load_address>
         <run_address>0x89be0</run_address>
         <size>0x29</size>
         <input_file_ref idref="fl-24"/>
      </object_component>
      <object_component id="oc-2a0">
         <name>.text</name>
         <load_address>0x89c09</load_address>
         <run_address>0x89c09</run_address>
         <size>0x29</size>
         <input_file_ref idref="fl-3d"/>
      </object_component>
      <object_component id="oc-2d5">
         <name>.text:_xdc_runtime_SysMin_flush__E</name>
         <load_address>0x89c32</load_address>
         <run_address>0x89c32</run_address>
         <size>0x26</size>
         <input_file_ref idref="fl-23"/>
      </object_component>
      <object_component id="oc-253">
         <name>.text:_SCIB_HWI</name>
         <load_address>0x89c58</load_address>
         <run_address>0x89c58</run_address>
         <size>0x25</size>
         <input_file_ref idref="fl-7"/>
      </object_component>
      <object_component id="oc-254">
         <name>.text:_SCIC_HWI</name>
         <load_address>0x89c7d</load_address>
         <run_address>0x89c7d</run_address>
         <size>0x25</size>
         <input_file_ref idref="fl-7"/>
      </object_component>
      <object_component id="oc-3a5">
         <name>.text:_ti_sysbios_family_c28_TaskSupport_buildTaskStack</name>
         <load_address>0x89ca2</load_address>
         <run_address>0x89ca2</run_address>
         <size>0x25</size>
         <input_file_ref idref="fl-17"/>
      </object_component>
      <object_component id="oc-269">
         <name>.text:_ti_sysbios_knl_Swi_post__E</name>
         <load_address>0x89cc7</load_address>
         <run_address>0x89cc7</run_address>
         <size>0x24</size>
         <input_file_ref idref="fl-13"/>
      </object_component>
      <object_component id="oc-20f">
         <name>.text</name>
         <load_address>0x89ceb</load_address>
         <run_address>0x89ceb</run_address>
         <size>0x24</size>
         <input_file_ref idref="fl-39"/>
      </object_component>
      <object_component id="oc-256">
         <name>.text:_sendCMD</name>
         <load_address>0x89d0f</load_address>
         <run_address>0x89d0f</run_address>
         <size>0x23</size>
         <input_file_ref idref="fl-6"/>
      </object_component>
      <object_component id="oc-240">
         <name>.text:_xdc_runtime_System_processAtExit__E</name>
         <load_address>0x89d32</load_address>
         <run_address>0x89d32</run_address>
         <size>0x23</size>
         <input_file_ref idref="fl-22"/>
      </object_component>
      <object_component id="oc-260">
         <name>.text:_DeviceInit</name>
         <load_address>0x89d55</load_address>
         <run_address>0x89d55</run_address>
         <size>0x22</size>
         <input_file_ref idref="fl-2"/>
      </object_component>
      <object_component id="oc-2b8">
         <name>.text:_ti_sysbios_knl_Task_allBlockedFunction__I</name>
         <load_address>0x89d77</load_address>
         <run_address>0x89d77</run_address>
         <size>0x21</size>
         <input_file_ref idref="fl-13"/>
      </object_component>
      <object_component id="oc-29b">
         <name>.text:_InitScicGpio</name>
         <load_address>0x89d98</load_address>
         <run_address>0x89d98</run_address>
         <size>0x20</size>
         <input_file_ref idref="fl-2"/>
      </object_component>
      <object_component id="oc-374">
         <name>.text:_ti_sysbios_family_c28_Timer_setPrescale__E</name>
         <load_address>0x89db8</load_address>
         <run_address>0x89db8</run_address>
         <size>0x20</size>
         <input_file_ref idref="fl-13"/>
      </object_component>
      <object_component id="oc-24b">
         <name>.text:_xdc_runtime_System_atexit__E</name>
         <load_address>0x89dd8</load_address>
         <run_address>0x89dd8</run_address>
         <size>0x20</size>
         <input_file_ref idref="fl-22"/>
      </object_component>
      <object_component id="oc-376">
         <name>.text:_ti_sysbios_knl_Task_exit__E</name>
         <load_address>0x89df8</load_address>
         <run_address>0x89df8</run_address>
         <size>0x1f</size>
         <input_file_ref idref="fl-13"/>
      </object_component>
      <object_component id="oc-2c4">
         <name>.text:_xdc_runtime_Error_policyLog__I</name>
         <load_address>0x89e17</load_address>
         <run_address>0x89e17</run_address>
         <size>0x1f</size>
         <input_file_ref idref="fl-b"/>
      </object_component>
      <object_component id="oc-318">
         <name>.text:_xdc_runtime_LoggerBuf_filterOutEvent__I</name>
         <load_address>0x89e36</load_address>
         <run_address>0x89e36</run_address>
         <size>0x1f</size>
         <input_file_ref idref="fl-1f"/>
      </object_component>
      <object_component id="oc-28c">
         <name>.text:_ti_sysbios_knl_Task_blockI__E</name>
         <load_address>0x89e55</load_address>
         <run_address>0x89e55</run_address>
         <size>0x1e</size>
         <input_file_ref idref="fl-13"/>
      </object_component>
      <object_component id="oc-29a">
         <name>.text:_InitScib</name>
         <load_address>0x89e73</load_address>
         <run_address>0x89e73</run_address>
         <size>0x1d</size>
         <input_file_ref idref="fl-2"/>
      </object_component>
      <object_component id="oc-2f5">
         <name>.text:_ti_sysbios_family_c28_TaskSupport_swap__E</name>
         <load_address>0x89e90</load_address>
         <run_address>0x89e90</run_address>
         <size>0x1d</size>
         <input_file_ref idref="fl-17"/>
      </object_component>
      <object_component id="oc-32e">
         <name>.text:_ti_sysbios_gates_GateHwi_Object__create__S</name>
         <load_address>0x89ead</load_address>
         <run_address>0x89ead</run_address>
         <size>0x1d</size>
         <input_file_ref idref="fl-b"/>
      </object_component>
      <object_component id="oc-270">
         <name>.text:_ti_sysbios_gates_GateMutex_Object__create__S</name>
         <load_address>0x89eca</load_address>
         <run_address>0x89eca</run_address>
         <size>0x1d</size>
         <input_file_ref idref="fl-b"/>
      </object_component>
      <object_component id="oc-2e0">
         <name>.text:_ti_sysbios_knl_Semaphore_construct</name>
         <load_address>0x89ee7</load_address>
         <run_address>0x89ee7</run_address>
         <size>0x1d</size>
         <input_file_ref idref="fl-b"/>
      </object_component>
      <object_component id="oc-34a">
         <name>.text:_xdc_runtime_SysMin_putch__E</name>
         <load_address>0x89f04</load_address>
         <run_address>0x89f04</run_address>
         <size>0x1d</size>
         <input_file_ref idref="fl-23"/>
      </object_component>
      <object_component id="oc-23b">
         <name>.text</name>
         <load_address>0x89f21</load_address>
         <run_address>0x89f21</run_address>
         <size>0x1d</size>
         <input_file_ref idref="fl-3a"/>
      </object_component>
      <object_component id="oc-29c">
         <name>.text:_InitScic</name>
         <load_address>0x89f3e</load_address>
         <run_address>0x89f3e</run_address>
         <size>0x1c</size>
         <input_file_ref idref="fl-2"/>
      </object_component>
      <object_component id="oc-2f8">
         <name>.text:_ti_sysbios_hal_Hwi_checkStack</name>
         <load_address>0x89f5a</load_address>
         <run_address>0x89f5a</run_address>
         <size>0x1c</size>
         <input_file_ref idref="fl-13"/>
      </object_component>
      <object_component id="oc-331">
         <name>.text:_xdc_runtime_SysMin_output__I</name>
         <load_address>0x89f76</load_address>
         <run_address>0x89f76</run_address>
         <size>0x1c</size>
         <input_file_ref idref="fl-b"/>
      </object_component>
      <object_component id="oc-3a0">
         <name>.text:_ti_sysbios_family_c28_Hwi_switchAndDispatch__I</name>
         <load_address>0x89f92</load_address>
         <run_address>0x89f92</run_address>
         <size>0x1b</size>
         <input_file_ref idref="fl-14"/>
      </object_component>
      <object_component id="oc-295">
         <name>.text:_ti_sysbios_hal_Hwi_initStack</name>
         <load_address>0x89fad</load_address>
         <run_address>0x89fad</run_address>
         <size>0x1b</size>
         <input_file_ref idref="fl-13"/>
      </object_component>
      <object_component id="oc-392">
         <name>.text:_ti_sysbios_knl_Task_processVitalTaskFlag__I</name>
         <load_address>0x89fc8</load_address>
         <run_address>0x89fc8</run_address>
         <size>0x1b</size>
         <input_file_ref idref="fl-13"/>
      </object_component>
      <object_component id="oc-299">
         <name>.text:_InitScibGpio</name>
         <load_address>0x89fe3</load_address>
         <run_address>0x89fe3</run_address>
         <size>0x1a</size>
         <input_file_ref idref="fl-2"/>
      </object_component>
      <object_component id="oc-370">
         <name>.text:_xdc_runtime_System_avprintf__E</name>
         <load_address>0x89ffd</load_address>
         <run_address>0x89ffd</run_address>
         <size>0x1a</size>
         <input_file_ref idref="fl-22"/>
      </object_component>
      <object_component id="oc-336">
         <name>.text:_ti_sysbios_knl_Queue_construct</name>
         <load_address>0x8a017</load_address>
         <run_address>0x8a017</run_address>
         <size>0x19</size>
         <input_file_ref idref="fl-b"/>
      </object_component>
      <object_component id="oc-27f">
         <name>.text:_ti_sysbios_knl_Swi_restore__E</name>
         <load_address>0x8a030</load_address>
         <run_address>0x8a030</run_address>
         <size>0x19</size>
         <input_file_ref idref="fl-13"/>
      </object_component>
      <object_component id="oc-297">
         <name>.text:_xdc_runtime_System_vprintf__E</name>
         <load_address>0x8a049</load_address>
         <run_address>0x8a049</run_address>
         <size>0x19</size>
         <input_file_ref idref="fl-22"/>
      </object_component>
      <object_component id="oc-2d7">
         <name>.text:_ti_sysbios_family_xxx_Hwi_switchAndRunFunc</name>
         <load_address>0x8a062</load_address>
         <run_address>0x8a062</run_address>
         <size>0x18</size>
         <input_file_ref idref="fl-14"/>
      </object_component>
      <object_component id="oc-34d">
         <name>.text:_xdc_runtime_LoggerBuf_reset__E</name>
         <load_address>0x8a07a</load_address>
         <run_address>0x8a07a</run_address>
         <size>0x18</size>
         <input_file_ref idref="fl-1f"/>
      </object_component>
      <object_component id="oc-306">
         <name>.text:_xdc_runtime_System_putchar__I</name>
         <load_address>0x8a092</load_address>
         <run_address>0x8a092</run_address>
         <size>0x18</size>
         <input_file_ref idref="fl-22"/>
      </object_component>
      <object_component id="oc-242">
         <name>.text:_myTikFxn</name>
         <load_address>0x8a0aa</load_address>
         <run_address>0x8a0aa</run_address>
         <size>0x17</size>
         <input_file_ref idref="fl-7"/>
      </object_component>
      <object_component id="oc-24d">
         <name>.text:_ti_sysbios_family_c28_Timer_startup__E</name>
         <load_address>0x8a0c1</load_address>
         <run_address>0x8a0c1</run_address>
         <size>0x17</size>
         <input_file_ref idref="fl-13"/>
      </object_component>
      <object_component id="oc-243">
         <name>.text:_ti_sysbios_knl_Clock_doTick__I</name>
         <load_address>0x8a0d8</load_address>
         <run_address>0x8a0d8</run_address>
         <size>0x17</size>
         <input_file_ref idref="fl-b"/>
      </object_component>
      <object_component id="oc-282">
         <name>.text:_ti_sysbios_knl_Semaphore_pendTimeout__I</name>
         <load_address>0x8a0ef</load_address>
         <run_address>0x8a0ef</run_address>
         <size>0x17</size>
         <input_file_ref idref="fl-13"/>
      </object_component>
      <object_component id="oc-28e">
         <name>.text:_ti_sysbios_knl_Task_restore__E</name>
         <load_address>0x8a106</load_address>
         <run_address>0x8a106</run_address>
         <size>0x17</size>
         <input_file_ref idref="fl-13"/>
      </object_component>
      <object_component id="oc-2a1">
         <name>.text:_ti_sysbios_knl_Task_unblockI__E</name>
         <load_address>0x8a11d</load_address>
         <run_address>0x8a11d</run_address>
         <size>0x17</size>
         <input_file_ref idref="fl-13"/>
      </object_component>
      <object_component id="oc-321">
         <name>.text:_xdc_runtime_LoggerBuf_Module_startup__E</name>
         <load_address>0x8a134</load_address>
         <run_address>0x8a134</run_address>
         <size>0x17</size>
         <input_file_ref idref="fl-1f"/>
      </object_component>
      <object_component id="oc-30a">
         <name>.text:_xdc_runtime_Memory_valloc__E</name>
         <load_address>0x8a14b</load_address>
         <run_address>0x8a14b</run_address>
         <size>0x17</size>
         <input_file_ref idref="fl-20"/>
      </object_component>
      <object_component id="oc-31f">
         <name>.text:_xdc_runtime_SysMin_abort__E</name>
         <load_address>0x8a162</load_address>
         <run_address>0x8a162</run_address>
         <size>0x17</size>
         <input_file_ref idref="fl-23"/>
      </object_component>
      <object_component id="oc-24a">
         <name>.text:_ti_sysbios_BIOS_atExitFunc__I</name>
         <load_address>0x8a179</load_address>
         <run_address>0x8a179</run_address>
         <size>0x16</size>
         <input_file_ref idref="fl-b"/>
      </object_component>
      <object_component id="oc-325">
         <name>.text:_ti_sysbios_family_c28_Timer_Module_startup__E</name>
         <load_address>0x8a18f</load_address>
         <run_address>0x8a18f</run_address>
         <size>0x16</size>
         <input_file_ref idref="fl-13"/>
      </object_component>
      <object_component id="oc-38e">
         <name>.text:_xdc_runtime_Text_printVisFxn__I</name>
         <load_address>0x8a1a5</load_address>
         <run_address>0x8a1a5</run_address>
         <size>0x16</size>
         <input_file_ref idref="fl-24"/>
      </object_component>
      <object_component id="oc-261">
         <name>.text:_clearBuff</name>
         <load_address>0x8a1bb</load_address>
         <run_address>0x8a1bb</run_address>
         <size>0x15</size>
         <input_file_ref idref="fl-7"/>
      </object_component>
      <object_component id="oc-23f">
         <name>.text:_main</name>
         <load_address>0x8a1d0</load_address>
         <run_address>0x8a1d0</run_address>
         <size>0x15</size>
         <input_file_ref idref="fl-7"/>
      </object_component>
      <object_component id="oc-258">
         <name>.text:_scic_msg</name>
         <load_address>0x8a1e5</load_address>
         <run_address>0x8a1e5</run_address>
         <size>0x15</size>
         <input_file_ref idref="fl-6"/>
      </object_component>
      <object_component id="oc-227">
         <name>.text:_ti_sysbios_BIOS_startFunc__I</name>
         <load_address>0x8a1fa</load_address>
         <run_address>0x8a1fa</run_address>
         <size>0x15</size>
         <input_file_ref idref="fl-b"/>
      </object_component>
      <object_component id="oc-327">
         <name>.text:_ti_sysbios_knl_Swi_Module_startup__E</name>
         <load_address>0x8a20f</load_address>
         <run_address>0x8a20f</run_address>
         <size>0x15</size>
         <input_file_ref idref="fl-13"/>
      </object_component>
      <object_component id="oc-25a">
         <name>.text:_ti_sysbios_knl_Idle_run__E</name>
         <load_address>0x8a224</load_address>
         <run_address>0x8a224</run_address>
         <size>0x14</size>
         <input_file_ref idref="fl-13"/>
      </object_component>
      <object_component id="oc-271">
[...]
         <name>_ti_sysbios_family_c28_Hwi_dispatchPie</name>
         <value>0x88aa7</value>
         <object_component_ref idref="oc-371"/>
      </symbol>
      <symbol id="sm-ba9">
         <name>_ti_sysbios_family_c28_IntrinsicsSupport_maxbit__E</name>
         <value>0x8a607</value>
         <object_component_ref idref="oc-2b9"/>
      </symbol>
      <symbol id="sm-bb9">
         <name>_ti_sysbios_family_c28_TaskSupport_buildTaskStack</name>
         <value>0x89ca2</value>
         <object_component_ref idref="oc-3a5"/>
      </symbol>
      <symbol id="sm-bba">
         <name>_ti_sysbios_family_c28_TaskSupport_swap__E</name>
         <value>0x89e90</value>
         <object_component_ref idref="oc-2f5"/>
      </symbol>
      <symbol id="sm-bbb">
         <name>_ti_sysbios_family_c28_TaskSupport_glue</name>
         <value>0x8a535</value>
         <object_component_ref idref="oc-3a9"/>
      </symbol>
      <symbol id="sm-bcf">
         <name>_xdc_runtime_Assert_raise__I</name>
         <value>0x89b03</value>
         <object_component_ref idref="oc-289"/>
      </symbol>
      <symbol id="sm-bee">
         <name>_xdc_runtime_Core_deleteObject__I</name>
         <value>0x8975e</value>
         <object_component_ref idref="oc-2b0"/>
      </symbol>
      <symbol id="sm-bef">
         <name>_xdc_runtime_Core_createObject__I</name>
         <value>0x889aa</value>
         <object_component_ref idref="oc-2ad"/>
      </symbol>
      <symbol id="sm-c07">
         <name>_xdc_runtime_Core_constructObject__I</name>
         <value>0x88c9b</value>
         <object_component_ref idref="oc-30c"/>
      </symbol>
      <symbol id="sm-c15">
         <name>_xdc_runtime_Core_assignParams__I</name>
         <value>0x899ed</value>
         <object_component_ref idref="oc-2de"/>
      </symbol>
      <symbol id="sm-c40">
         <name>_xdc_runtime_Error_getSite__E</name>
         <value>0x8a6a7</value>
         <object_component_ref idref="oc-347"/>
      </symbol>
      <symbol id="sm-c41">
         <name>_xdc_runtime_Error_print__E</name>
         <value>0x8995b</value>
         <object_component_ref idref="oc-31e"/>
      </symbol>
      <symbol id="sm-c42">
         <name>_xdc_runtime_Error_policyDefault__E</name>
         <value>0x893b8</value>
         <object_component_ref idref="oc-292"/>
      </symbol>
      <symbol id="sm-c43">
         <name>_xdc_runtime_Error_init__E</name>
         <value>0x8a4f2</value>
         <object_component_ref idref="oc-2f9"/>
      </symbol>
      <symbol id="sm-c44">
         <name>_xdc_runtime_Error_raiseX__E</name>
         <value>0x8a25e</value>
         <object_component_ref idref="oc-238"/>
      </symbol>
      <symbol id="sm-c45">
         <name>_xdc_runtime_Error_check__E</name>
         <value>0x8a3e9</value>
         <object_component_ref idref="oc-360"/>
      </symbol>
      <symbol id="sm-c46">
         <name>_xdc_runtime_Error_setX__E</name>
         <value>0x89b30</value>
         <object_component_ref idref="oc-2c2"/>
      </symbol>
      <symbol id="sm-c54">
         <name>_xdc_runtime_Gate_leaveSystem__E</name>
         <value>0x8a61f</value>
         <object_component_ref idref="oc-279"/>
      </symbol>
      <symbol id="sm-c55">
         <name>_xdc_runtime_Gate_enterSystem__E</name>
         <value>0x8a619</value>
         <object_component_ref idref="oc-263"/>
      </symbol>
      <symbol id="sm-c96">
         <name>_xdc_runtime_HeapStd_isBlocking__E</name>
         <value>0x8a6a9</value>
         <object_component_ref idref="oc-384"/>
      </symbol>
      <symbol id="sm-c97">
         <name>_xdc_runtime_HeapStd_getStats__E</name>
         <value>0x8a5e5</value>
         <object_component_ref idref="oc-385"/>
      </symbol>
      <symbol id="sm-c98">
         <name>_xdc_runtime_HeapStd_free__E</name>
         <value>0x8927e</value>
         <object_component_ref idref="oc-383"/>
      </symbol>
      <symbol id="sm-c99">
         <name>_xdc_runtime_HeapStd_Instance_init__E</name>
         <value>0x88db0</value>
         <object_component_ref idref="oc-39e"/>
      </symbol>
      <symbol id="sm-c9a">
         <name>_xdc_runtime_HeapStd_alloc__E</name>
         <value>0x884de</value>
         <object_component_ref idref="oc-382"/>
      </symbol>
      <symbol id="sm-ce9">
         <name>_xdc_runtime_LoggerBuf_write0__E</name>
         <value>0x8a3f6</value>
         <object_component_ref idref="oc-33d"/>
      </symbol>
      <symbol id="sm-cea">
         <name>_xdc_runtime_LoggerBuf_Instance_init__E</name>
         <value>0x899bd</value>
         <object_component_ref idref="oc-36c"/>
      </symbol>
      <symbol id="sm-ceb">
         <name>_xdc_runtime_LoggerBuf_Module_startup__E</name>
         <value>0x8a134</value>
         <object_component_ref idref="oc-321"/>
      </symbol>
      <symbol id="sm-cec">
         <name>_xdc_runtime_LoggerBuf_reset__E</name>
         <value>0x8a07a</value>
         <object_component_ref idref="oc-34d"/>
      </symbol>
      <symbol id="sm-ced">
         <name>_xdc_runtime_LoggerBuf_Instance_finalize__E</name>
         <value>0x8a4b3</value>
         <object_component_ref idref="oc-36d"/>
      </symbol>
      <symbol id="sm-cee">
         <name>_xdc_runtime_LoggerBuf_write4__E</name>
         <value>0x89035</value>
         <object_component_ref idref="oc-340"/>
      </symbol>
      <symbol id="sm-cef">
         <name>_xdc_runtime_LoggerBuf_getFilterLevel__E</name>
         <value>0x8979c</value>
         <object_component_ref idref="oc-342"/>
      </symbol>
      <symbol id="sm-cf0">
         <name>_xdc_runtime_LoggerBuf_disable__E</name>
         <value>0x8a635</value>
         <object_component_ref idref="oc-33c"/>
      </symbol>
      <symbol id="sm-cf1">
         <name>_xdc_runtime_LoggerBuf_setFilterLevel__E</name>
         <value>0x897d9</value>
         <object_component_ref idref="oc-341"/>
      </symbol>
      <symbol id="sm-cf2">
         <name>_xdc_runtime_LoggerBuf_write8__E</name>
         <value>0x8882b</value>
         <object_component_ref idref="oc-2fc"/>
      </symbol>
      <symbol id="sm-cf3">
         <name>_xdc_runtime_LoggerBuf_write2__E</name>
         <value>0x8a337</value>
         <object_component_ref idref="oc-33f"/>
      </symbol>
      <symbol id="sm-cf4">
         <name>_xdc_runtime_LoggerBuf_filterOutEvent__I</name>
         <value>0x89e36</value>
         <object_component_ref idref="oc-318"/>
      </symbol>
      <symbol id="sm-cf5">
         <name>_xdc_runtime_LoggerBuf_write1__E</name>
         <value>0x8a403</value>
         <object_component_ref idref="oc-33e"/>
      </symbol>
      <symbol id="sm-cf6">
         <name>_xdc_runtime_LoggerBuf_enable__E</name>
         <value>0x8a625</value>
         <object_component_ref idref="oc-33b"/>
      </symbol>
      <symbol id="sm-d11">
         <name>_xdc_runtime_Memory_calloc__E</name>
         <value>0x8a5bf</value>
         <object_component_ref idref="oc-2df"/>
      </symbol>
      <symbol id="sm-d12">
         <name>_xdc_runtime_Memory_free__E</name>
         <value>0x8a4fc</value>
         <object_component_ref idref="oc-2e2"/>
      </symbol>
      <symbol id="sm-d13">
         <name>_xdc_runtime_Memory_valloc__E</name>
         <value>0x8a14b</value>
         <object_component_ref idref="oc-30a"/>
      </symbol>
      <symbol id="sm-d14">
         <name>_xdc_runtime_Memory_alloc__E</name>
         <value>0x896a2</value>
         <object_component_ref idref="oc-332"/>
      </symbol>
      <symbol id="sm-d15">
         <name>_xdc_runtime_Memory_getMaxDefaultTypeAlign__E</name>
         <value>0x8a646</value>
         <object_component_ref idref="oc-361"/>
      </symbol>
      <symbol id="sm-d37">
         <name>_xdc_runtime_Startup_startMods__I</name>
         <value>0x8919b</value>
         <object_component_ref idref="oc-296"/>
      </symbol>
      <symbol id="sm-d38">
         <name>_xdc_runtime_Startup_rtsDone__E</name>
         <value>0x8a64a</value>
         <object_component_ref idref="oc-248"/>
      </symbol>
      <symbol id="sm-d39">
         <name>_xdc_runtime_Startup_exec__E</name>
         <value>0x89a1c</value>
         <object_component_ref idref="oc-210"/>
      </symbol>
      <symbol id="sm-dbd">
         <name>_xdc_runtime_System_formatNum__I</name>
         <value>0x898f4</value>
         <object_component_ref idref="oc-305"/>
      </symbol>
      <symbol id="sm-dbe">
         <name>_xdc_runtime_System_exit__E</name>
         <value>0x8a4be</value>
         <object_component_ref idref="oc-213"/>
      </symbol>
      <symbol id="sm-dbf">
         <name>_xdc_runtime_System_exitStd__E</name>
         <value>0x8a699</value>
         <object_component_ref idref="oc-265"/>
      </symbol>
      <symbol id="sm-dc0">
         <name>_xdc_runtime_System_printf_va__F</name>
         <value>0x8a049</value>
         <object_component_ref idref="oc-297"/>
      </symbol>
      <symbol id="sm-dc1">
         <name>_xdc_runtime_System_atexit__E</name>
         <value>0x89dd8</value>
         <object_component_ref idref="oc-24b"/>
      </symbol>
      <symbol id="sm-dc2">
         <name>_xdc_runtime_System_abortStd__E</name>
         <value>0x8a696</value>
         <object_component_ref idref="oc-320"/>
      </symbol>
      <symbol id="sm-dc3">
         <name>_xdc_runtime_System_putchar__I</name>
         <value>0x8a092</value>
         <object_component_ref idref="oc-306"/>
      </symbol>
      <symbol id="sm-dc4">
         <name>_xdc_runtime_System_snprintf_va__F</name>
         <value>0x8a506</value>
         <object_component_ref idref="oc-38f"/>
      </symbol>
      <symbol id="sm-dc5">
         <name>_xdc_runtime_System_Module_startup__E</name>
         <value>0x8a687</value>
         <object_component_ref idref="oc-322"/>
      </symbol>
      <symbol id="sm-dc6">
         <name>_xdc_runtime_System_avprintf__E</name>
         <value>0x89ffd</value>
         <object_component_ref idref="oc-370"/>
      </symbol>
      <symbol id="sm-dc7">
         <name>_xdc_runtime_System_vprintf__E</name>
         <value>0x8a049</value>
         <object_component_ref idref="oc-297"/>
      </symbol>
      <symbol id="sm-dc8">
         <name>_xdc_runtime_System_aprintf_va__F</name>
         <value>0x89ffd</value>
         <object_component_ref idref="oc-370"/>
      </symbol>
      <symbol id="sm-dc9">
         <name>_xdc_runtime_System_doPrint__I</name>
         <value>0x88000</value>
         <object_component_ref idref="oc-2cf"/>
      </symbol>
      <symbol id="sm-dca">
         <name>_xdc_runtime_System_processAtExit__E</name>
         <value>0x89d32</value>
         <object_component_ref idref="oc-240"/>
      </symbol>
      <symbol id="sm-dcb">
         <name>_xdc_runtime_System_vsnprintf__E</name>
         <value>0x8a506</value>
         <object_component_ref idref="oc-38f"/>
      </symbol>
      <symbol id="sm-dcc">
         <name>_xdc_runtime_System_abort__E</name>
         <value>0x8a410</value>
         <object_component_ref idref="oc-2c8"/>
      </symbol>
      <symbol id="sm-dea">
         <name>_xdc_runtime_SysMin_abort__E</name>
         <value>0x8a162</value>
         <object_component_ref idref="oc-31f"/>
      </symbol>
      <symbol id="sm-deb">
         <name>_xdc_runtime_SysMin_ready__E</name>
         <value>0x8a5c7</value>
         <object_component_ref idref="oc-303"/>
      </symbol>
      <symbol id="sm-dec">
         <name>_xdc_runtime_SysMin_flush__E</name>
         <value>0x89c32</value>
         <object_component_ref idref="oc-2d5"/>
      </symbol>
      <symbol id="sm-ded">
         <name>_xdc_runtime_SysMin_Module_startup__E</name>
         <value>0x8a2fa</value>
         <object_component_ref idref="oc-323"/>
      </symbol>
      <symbol id="sm-dee">
         <name>_xdc_runtime_SysMin_putch__E</name>
         <value>0x89f04</value>
         <object_component_ref idref="oc-34a"/>
      </symbol>
      <symbol id="sm-def">
         <name>_xdc_runtime_SysMin_exit__E</name>
         <value>0x8a465</value>
         <object_component_ref idref="oc-29f"/>
      </symbol>
      <symbol id="sm-e29">
         <name>_xdc_runtime_Text_putLab__E</name>
         <value>0x89621</value>
         <object_component_ref idref="oc-35c"/>
      </symbol>
      <symbol id="sm-e2a">
         <name>_xdc_runtime_Text_printVisFxn__I</name>
         <value>0x8a1a5</value>
         <object_component_ref idref="oc-38e"/>
      </symbol>
      <symbol id="sm-e2b">
         <name>_xdc_runtime_Text_putMod__E</name>
         <value>0x89887</value>
         <object_component_ref idref="oc-36e"/>
      </symbol>
      <symbol id="sm-e2c">
         <name>_xdc_runtime_Text_xprintf__I</name>
         <value>0x89be0</value>
         <object_component_ref idref="oc-36f"/>
      </symbol>
      <symbol id="sm-e2d">
         <name>_xdc_runtime_Text_ropeText__E</name>
         <value>0x8a510</value>
         <object_component_ref idref="oc-2be"/>
      </symbol>
      <symbol id="sm-e2e">
         <name>_xdc_runtime_Text_putSite__E</name>
         <value>0x89418</value>
         <object_component_ref idref="oc-348"/>
      </symbol>
      <symbol id="sm-e3a">
         <name>___xdc__init</name>
         <value>0x8a651</value>
         <object_component_ref idref="oc-218"/>
      </symbol>
      <symbol id="sm-e5a">
         <name>_xdc_runtime_Registry_findById__E</name>
         <value>0x8a346</value>
         <object_component_ref idref="oc-38c"/>
      </symbol>
      <symbol id="sm-e75">
         <name>_c_int00</name>
         <value>0x892e9</value>
         <object_component_ref idref="oc-92"/>
      </symbol>
      <symbol id="sm-e76">
         <name>__stack</name>
         <value>0x122</value>
         <object_component_ref idref="oc-1a5"/>
      </symbol>
      <symbol id="sm-e8d">
         <name>_ti_catalog_c2800_initF2837x_Boot_initFlash</name>
         <value>0xb000</value>
         <object_component_ref idref="oc-2c9"/>
      </symbol>
      <symbol id="sm-e8e">
         <name>_ti_catalog_c2800_initF2837x_Boot_defaultLimpAbortFunction</name>
         <value>0x8a6ae</value>
         <object_component_ref idref="oc-293"/>
      </symbol>
      <symbol id="sm-e8f">
         <name>_ti_catalog_c2800_initF2837x_Boot_configurePllDivs</name>
         <value>0x894c4</value>
         <object_component_ref idref="oc-239"/>
      </symbol>
      <symbol id="sm-e90">
         <name>_ti_catalog_c2800_initF2837x_Boot_initSharedRAMs</name>
         <value>0x8a58f</value>
         <object_component_ref idref="oc-23a"/>
      </symbol>
      <symbol id="sm-e9c">
         <name>_ti_catalog_c2800_initF2837x_Boot_entry</name>
         <value>0x80000</value>
         <object_component_ref idref="oc-93"/>
      </symbol>
      <symbol id="sm-ead">
         <name>FS$$DIV</name>
         <value>0x88d28</value>
         <object_component_ref idref="oc-1b3"/>
      </symbol>
      <symbol id="sm-ed9">
         <name>ULL$$MOD</name>
         <value>0x8847c</value>
         <object_component_ref idref="oc-1b8"/>
      </symbol>
      <symbol id="sm-eda">
         <name>ULL$$DIV</name>
         <value>0x8844d</value>
         <object_component_ref idref="oc-1b8"/>
      </symbol>
      <symbol id="sm-edb">
         <name>LL$$MOD</name>
         <value>0x88413</value>
         <object_component_ref idref="oc-1b8"/>
      </symbol>
      <symbol id="sm-edc">
         <name>LL$$DIV</name>
         <value>0x883d7</value>
         <object_component_ref idref="oc-1b8"/>
      </symbol>
      <symbol id="sm-ee8">
         <name>U$$MOD</name>
         <value>0x8a4ce</value>
         <object_component_ref idref="oc-1bd"/>
      </symbol>
      <symbol id="sm-ee9">
         <name>U$$DIV</name>
         <value>0x8a4c9</value>
         <object_component_ref idref="oc-1bd"/>
      </symbol>
      <symbol id="sm-ef8">
         <name>_copy_in</name>
         <value>0x89ceb</value>
         <object_component_ref idref="oc-20f"/>
      </symbol>
      <symbol id="sm-f0a">
         <name>_memcpy</name>
         <value>0x89f21</value>
         <object_component_ref idref="oc-23b"/>
      </symbol>
      <symbol id="sm-f17">
         <name>__system_pre_init</name>
         <value>0x8a6ab</value>
         <object_component_ref idref="oc-20d"/>
      </symbol>
      <symbol id="sm-f25">
         <name>__system_post_cinit</name>
         <value>0x8a6b4</value>
         <object_component_ref idref="oc-211"/>
      </symbol>
      <symbol id="sm-f3a">
         <name>C$$EXIT</name>
         <value>0x89c09</value>
         <object_component_ref idref="oc-2a0"/>
      </symbol>
      <symbol id="sm-f3b">
         <name>_exit</name>
         <value>0x89c0b</value>
         <object_component_ref idref="oc-2a0"/>
      </symbol>
      <symbol id="sm-f3d">
         <name>___TI_cleanup_ptr</name>
         <value>0x8a88</value>
         <object_component_ref idref="oc-1d8"/>
      </symbol>
      <symbol id="sm-f3e">
         <name>___TI_enable_exit_profile_output</name>
         <value>0x8a86</value>
         <object_component_ref idref="oc-1d8"/>
      </symbol>
      <symbol id="sm-f3f">
         <name>_abort</name>
         <value>0x89c09</value>
         <object_component_ref idref="oc-2a0"/>
      </symbol>
      <symbol id="sm-f41">
         <name>___TI_dtors_ptr</name>
         <value>0x8a8a</value>
         <object_component_ref idref="oc-1d8"/>
      </symbol>
      <symbol id="sm-f55">
         <name>__unlock</name>
         <value>0x873e</value>
         <object_component_ref idref="oc-2b1"/>
      </symbol>
      <symbol id="sm-f56">
         <name>__lock</name>
         <value>0x873c</value>
         <object_component_ref idref="oc-2b2"/>
      </symbol>
      <symbol id="sm-f57">
         <name>__register_lock</name>
         <value>0x8a58a</value>
         <object_component_ref idref="oc-275"/>
      </symbol>
      <symbol id="sm-f59">
         <name>__nop</name>
         <value>0x8a58e</value>
         <object_component_ref idref="oc-275"/>
      </symbol>
      <symbol id="sm-f5b">
         <name>__register_unlock</name>
         <value>0x8a586</value>
         <object_component_ref idref="oc-275"/>
      </symbol>
      <symbol id="sm-f6b">
         <name>__args_main</name>
         <value>0x8a295</value>
         <object_component_ref idref="oc-212"/>
      </symbol>
      <symbol id="sm-f80">
         <name>_atoi</name>
         <value>0x8998c</value>
         <object_component_ref idref="oc-26a"/>
      </symbol>
      <symbol id="sm-f89">
         <name>__ctypes_</name>
         <value>0x8c2e6</value>
         <object_component_ref idref="oc-2a4"/>
      </symbol>
      <symbol id="sm-f97">
         <name>_memset</name>
         <value>0x8a5fa</value>
         <object_component_ref idref="oc-333"/>
      </symbol>
      <symbol id="sm-fae">
         <name>_strlen</name>
         <value>0x8a5cf</value>
         <object_component_ref idref="oc-28f"/>
      </symbol>
      <symbol id="sm-fbc">
         <name>_HOSTwrite</name>
         <value>0x8984e</value>
         <object_component_ref idref="oc-35f"/>
      </symbol>
      <symbol id="sm-fd6">
         <name>___TI_readmsg</name>
         <value>0x88b40</value>
         <object_component_ref idref="oc-37f"/>
      </symbol>
      <symbol id="sm-fd8">
         <name>C$$IO$$</name>
         <value>0x88b3b</value>
         <object_component_ref idref="oc-37f"/>
      </symbol>
      <symbol id="sm-fd9">
         <name>__CIOBUF_</name>
         <value>0x8ac0</value>
         <object_component_ref idref="oc-203"/>
      </symbol>
      <symbol id="sm-fda">
         <name>___TI_writemsg</name>
         <value>0x88ae8</value>
         <object_component_ref idref="oc-37f"/>
      </symbol>
      <symbol id="sm-fe7">
         <name>_parmbuf</name>
         <value>0x8733</value>
         <object_component_ref idref="oc-37e"/>
      </symbol>
   </symbol_table>
   <title>Link successful</title>
</link_info>
